<html>
<body>
<pre>
<h1>µVision Build Log</h1>
<h2>Tool Versions:</h2>
IDE-Version: ¦ÌVision V5.41.0.0
Copyright (C) 2024 ARM Ltd and ARM Germany GmbH. All rights reserved.
License Information: Marc LUO, SYCSense, LIC=LSNXV-PZRZJ-HL9CL-022LL-HRE73-2YXM8
 
Tool Versions:
Toolchain:       MDK-ARM Plus  Version: 5.41.0.0
Toolchain Path:  C:\Keil_v5\ARM\ARMCC\Bin
C Compiler:      Armcc.exe V5.06 update 4 (build 422)
Assembler:       Armasm.exe V5.06 update 4 (build 422)
Linker/Locator:  ArmLink.exe V5.06 update 4 (build 422)
Library Manager: ArmAr.exe V5.06 update 4 (build 422)
Hex Converter:   FromElf.exe V5.06 update 4 (build 422)
CPU DLL:         SARMCM3.DLL V5.41.0.0
Dialog DLL:      DCM.DLL V1.17.5.0
Target DLL:      Segger\JL2CM3.dll V2.99.45.0
Dialog DLL:      TCM.DLL V1.56.4.0
 
<h2>Project:</h2>
D:\LIN\HC_MCU\HC32F460_DDL_Rev3.3.0\projects\ev_hc32f460_lqfp100_v2\examples\adc\adc_dma\MDK\adc_dma.uvprojx
Project File Date:  03/07/2026

<h2>Output:</h2>
*** Using Compiler 'V5.06 update 4 (build 422)', folder: 'C:\Keil_v5\ARM\ARMCC\Bin'
Build target 'adc_dma_Debug'
compiling main.c...
..\source\user_define.h(132): warning:  #1-D: last line of file ends without a newline
  #endif /* _USER_DEFINE_H_ */
..\source\main.c(324): warning:  #128-D: loop is not reachable
      while (0)
..\source\main.c(346): warning:  #128-D: loop is not reachable
      while (1)
..\source\main.c(41): warning:  #177-D: function "SystemClockConfig"  was declared but never referenced
  static void SystemClockConfig(void);
..\source\main.c(80): warning:  #177-D: function "DmaConfig"  was declared but never referenced
  static void DmaConfig(void)
..\source\main.c(124): warning:  #177-D: function "adc_oneshot_test"  was declared but never referenced
  static void adc_oneshot_test(void)
..\source\main.c: 6 warnings, 0 errors
linking...
Program Size: Code=24564 RO-data=852 RW-data=40 ZI-data=9776  
FromELF: creating hex file...
".\output\debug\adc_dma.axf" - 0 Error(s), 6 Warning(s).

<h2>Software Packages used:</h2>

Package Vendor: HDSC
                https://raw.githubusercontent.com/OrloDavid/HC32F460/main/HDSC.HC32F460.1.0.11.pack
                HDSC::HC32F460@1.0.11
                HC32F460 ARM Cortex-M4 Device Family Pack

<h2>Collection of Component include folders:</h2>
  C:/Keil_v5/ARM/PACK/HDSC/HC32F460/1.0.11/Device/Include

<h2>Collection of Component Files used:</h2>
Build Time Elapsed:  00:00:01
</pre>
</body>
</html>
