Component: ARM Compiler 5.06 update 4 (build 422) Tool: armlink [4d35d2]

==============================================================================

Section Cross References

    startup_hc32f460.o(RESET) refers to startup_hc32f460.o(STACK) for __initial_sp
    startup_hc32f460.o(RESET) refers to startup_hc32f460.o(.text) for Reset_Handler
    startup_hc32f460.o(RESET) refers to main.o(i.SysTick_Handler) for SysTick_Handler
    startup_hc32f460.o(RESET) refers to hc32_ll_interrupts.o(i.IRQ000_Handler) for IRQ000_Handler
    startup_hc32f460.o(RESET) refers to hc32_ll_interrupts.o(i.IRQ001_Handler) for IRQ001_Handler
    startup_hc32f460.o(RESET) refers to hc32_ll_interrupts.o(i.IRQ002_Handler) for IRQ002_Handler
    startup_hc32f460.o(RESET) refers to hc32_ll_interrupts.o(i.IRQ003_Handler) for IRQ003_Handler
    startup_hc32f460.o(RESET) refers to hc32_ll_interrupts.o(i.IRQ004_Handler) for IRQ004_Handler
    startup_hc32f460.o(RESET) refers to hc32_ll_interrupts.o(i.IRQ005_Handler) for IRQ005_Handler
    startup_hc32f460.o(RESET) refers to hc32_ll_interrupts.o(i.IRQ006_Handler) for IRQ006_Handler
    startup_hc32f460.o(RESET) refers to hc32_ll_interrupts.o(i.IRQ007_Handler) for IRQ007_Handler
    startup_hc32f460.o(RESET) refers to hc32_ll_interrupts.o(i.IRQ008_Handler) for IRQ008_Handler
    startup_hc32f460.o(RESET) refers to hc32_ll_interrupts.o(i.IRQ009_Handler) for IRQ009_Handler
    startup_hc32f460.o(RESET) refers to hc32_ll_interrupts.o(i.IRQ010_Handler) for IRQ010_Handler
    startup_hc32f460.o(RESET) refers to hc32_ll_interrupts.o(i.IRQ011_Handler) for IRQ011_Handler
    startup_hc32f460.o(RESET) refers to hc32_ll_interrupts.o(i.IRQ012_Handler) for IRQ012_Handler
    startup_hc32f460.o(RESET) refers to hc32_ll_interrupts.o(i.IRQ013_Handler) for IRQ013_Handler
    startup_hc32f460.o(RESET) refers to hc32_ll_interrupts.o(i.IRQ014_Handler) for IRQ014_Handler
    startup_hc32f460.o(RESET) refers to hc32_ll_interrupts.o(i.IRQ015_Handler) for IRQ015_Handler
    startup_hc32f460.o(RESET) refers to hc32_ll_interrupts.o(i.IRQ016_Handler) for IRQ016_Handler
    startup_hc32f460.o(RESET) refers to hc32_ll_interrupts.o(i.IRQ017_Handler) for IRQ017_Handler
    startup_hc32f460.o(RESET) refers to hc32_ll_interrupts.o(i.IRQ018_Handler) for IRQ018_Handler
    startup_hc32f460.o(RESET) refers to hc32_ll_interrupts.o(i.IRQ019_Handler) for IRQ019_Handler
    startup_hc32f460.o(RESET) refers to hc32_ll_interrupts.o(i.IRQ020_Handler) for IRQ020_Handler
    startup_hc32f460.o(RESET) refers to hc32_ll_interrupts.o(i.IRQ021_Handler) for IRQ021_Handler
    startup_hc32f460.o(RESET) refers to hc32_ll_interrupts.o(i.IRQ022_Handler) for IRQ022_Handler
    startup_hc32f460.o(RESET) refers to hc32_ll_interrupts.o(i.IRQ023_Handler) for IRQ023_Handler
    startup_hc32f460.o(RESET) refers to hc32_ll_interrupts.o(i.IRQ024_Handler) for IRQ024_Handler
    startup_hc32f460.o(RESET) refers to hc32_ll_interrupts.o(i.IRQ025_Handler) for IRQ025_Handler
    startup_hc32f460.o(RESET) refers to hc32_ll_interrupts.o(i.IRQ026_Handler) for IRQ026_Handler
    startup_hc32f460.o(RESET) refers to hc32_ll_interrupts.o(i.IRQ027_Handler) for IRQ027_Handler
    startup_hc32f460.o(RESET) refers to hc32_ll_interrupts.o(i.IRQ028_Handler) for IRQ028_Handler
    startup_hc32f460.o(RESET) refers to hc32_ll_interrupts.o(i.IRQ029_Handler) for IRQ029_Handler
    startup_hc32f460.o(RESET) refers to hc32_ll_interrupts.o(i.IRQ030_Handler) for IRQ030_Handler
    startup_hc32f460.o(RESET) refers to hc32_ll_interrupts.o(i.IRQ031_Handler) for IRQ031_Handler
    startup_hc32f460.o(RESET) refers to hc32_ll_interrupts.o(i.IRQ032_Handler) for IRQ032_Handler
    startup_hc32f460.o(RESET) refers to hc32_ll_interrupts.o(i.IRQ033_Handler) for IRQ033_Handler
    startup_hc32f460.o(RESET) refers to hc32_ll_interrupts.o(i.IRQ034_Handler) for IRQ034_Handler
    startup_hc32f460.o(RESET) refers to hc32_ll_interrupts.o(i.IRQ035_Handler) for IRQ035_Handler
    startup_hc32f460.o(RESET) refers to hc32_ll_interrupts.o(i.IRQ036_Handler) for IRQ036_Handler
    startup_hc32f460.o(RESET) refers to hc32_ll_interrupts.o(i.IRQ037_Handler) for IRQ037_Handler
    startup_hc32f460.o(RESET) refers to hc32_ll_interrupts.o(i.IRQ038_Handler) for IRQ038_Handler
    startup_hc32f460.o(RESET) refers to hc32_ll_interrupts.o(i.IRQ039_Handler) for IRQ039_Handler
    startup_hc32f460.o(RESET) refers to hc32_ll_interrupts.o(i.IRQ040_Handler) for IRQ040_Handler
    startup_hc32f460.o(RESET) refers to hc32_ll_interrupts.o(i.IRQ041_Handler) for IRQ041_Handler
    startup_hc32f460.o(RESET) refers to hc32_ll_interrupts.o(i.IRQ042_Handler) for IRQ042_Handler
    startup_hc32f460.o(RESET) refers to hc32_ll_interrupts.o(i.IRQ043_Handler) for IRQ043_Handler
    startup_hc32f460.o(RESET) refers to hc32_ll_interrupts.o(i.IRQ044_Handler) for IRQ044_Handler
    startup_hc32f460.o(RESET) refers to hc32_ll_interrupts.o(i.IRQ045_Handler) for IRQ045_Handler
[...]
    i.enable_uart4                           0x000062a0   Section        0  uart4_app.o(i.enable_uart4)
    i.fill_tx_data                           0x000062b4   Section        0  app.o(i.fill_tx_data)
    i.fputc                                  0x00006318   Section        0  hc32_ll_utility.o(i.fputc)
    i.get_bl_mac                             0x00006330   Section        0  bl.o(i.get_bl_mac)
    i.gpio_init                              0x00006348   Section        0  app_gpio.o(i.gpio_init)
    i.init_clock                             0x000063e8   Section        0  clock_app.o(i.init_clock)
    i.led_blue_on                            0x00006448   Section        0  led.o(i.led_blue_on)
    i.led_ctl                                0x00006458   Section        0  led.o(i.led_ctl)
    i.led_red_on                             0x00006470   Section        0  led.o(i.led_red_on)
    i.led_test                               0x00006480   Section        0  app_gpio.o(i.led_test)
    i.main                                   0x000064a4   Section        0  main.o(i.main)
    i.main_task_adc_first                    0x00006538   Section        0  app.o(i.main_task_adc_first)
    i.press256                               0x000065c0   Section        0  algorithm.o(i.press256)
    i.re_config_u2_rx_dma                    0x000066c8   Section        0  uart2_app.o(i.re_config_u2_rx_dma)
    i.re_config_u4_rx_dma                    0x00006714   Section        0  uart4_app.o(i.re_config_u4_rx_dma)
    i.recv_handler_bl                        0x00006760   Section        0  bl.o(i.recv_handler_bl)
    i.self_cmd_handler                       0x000067a0   Section        0  comm.o(i.self_cmd_handler)
    i.set_adc_ch                             0x00006800   Section        0  sw4067.o(i.set_adc_ch)
    i.set_output                             0x0000687c   Section        0  app_gpio.o(i.set_output)
    i.u2_DMA_Config                          0x000068b4   Section        0  uart2_app.o(i.u2_DMA_Config)
    u2_DMA_Config                            0x000068b5   Thumb Code   414  uart2_app.o(i.u2_DMA_Config)
    i.u2_TMR0_Config                         0x00006a74   Section        0  uart2_app.o(i.u2_TMR0_Config)
    u2_TMR0_Config                           0x00006a75   Thumb Code   130  uart2_app.o(i.u2_TMR0_Config)
    i.u2_send_str_sync                       0x00006afc   Section        0  uart2_app.o(i.u2_send_str_sync)
    i.uart2_init                             0x00006b30   Section        0  uart2_app.o(i.uart2_init)
    i.uart2_send_data                        0x00006c38   Section        0  uart2_app.o(i.uart2_send_data)
    i.uart4_init                             0x00006c94   Section        0  uart4_app.o(i.uart4_init)
    i.uart4_send_data                        0x00006da0   Section        0  uart4_app.o(i.uart4_send_data)
    i.uart_send                              0x00006dfc   Section        0  app.o(i.uart_send)
    .constdata                               0x00006e50   Section       64  app_gpio.o(.constdata)
    .constdata                               0x00006e90   Section       32  app.o(.constdata)
    .constdata                               0x00006eb0   Section       16  hc32_ll_usart.o(.constdata)
    .conststring                             0x00006ec0   Section       35  comm.o(.conststring)
    .conststring                             0x00006ee4   Section       66  hc32_ll_interrupts.o(.conststring)
    .bss.noinit                              0x1fff8000   Section        8  system_hc32f460.o(.bss.noinit)
    .data                                    0x1fff8008   Section        6  clock_app.o(.data)
    au8SysClockTbl                           0x1fff8008   Data           6  clock_app.o(.data)
    .data                                    0x1fff8010   Section        4  led.o(.data)
    last_toggle_ts                           0x1fff8010   Data           4  led.o(.data)
    .data                                    0x1fff8014   Section        6  uart4_app.o(.data)
    .data                                    0x1fff801a   Section        6  uart2_app.o(.data)
    .data                                    0x1fff8020   Section       16  bl.o(.data)
    last_run_ts                              0x1fff8028   Data           4  bl.o(.data)
    last_run_ts                              0x1fff802c   Data           4  bl.o(.data)
    .data                                    0x1fff8030   Section        8  comm.o(.data)
    .data                                    0x1fff8038   Section       36  app.o(.data)
    .data                                    0x1fff805c   Section        1  hc32_ll_dma.o(.data)
    u8DmaChEnState                           0x1fff805c   Data           1  hc32_ll_dma.o(.data)
    .data                                    0x1fff8060   Section       16  hc32_ll_utility.o(.data)
    m_u32TickStep                            0x1fff8060   Data           4  hc32_ll_utility.o(.data)
    m_u32TickCount                           0x1fff8064   Data           4  hc32_ll_utility.o(.data)
    m_pvPrintDevice                          0x1fff8068   Data           4  hc32_ll_utility.o(.data)
    m_u32PrintTimeout                        0x1fff806c   Data           4  hc32_ll_utility.o(.data)
    .data                                    0x1fff8070   Section        4  ev_hc32f460_lqfp100_v2.o(.data)
    m_u32GlobalKey                           0x1fff8070   Data           4  ev_hc32f460_lqfp100_v2.o(.data)
    .data                                    0x1fff8074   Section        4  stdout.o(.data)
    .bss                                     0x1fff8078   Section     1032  uart4_app.o(.bss)
    stcLlpDesc                               0x1fff8460   Data          32  uart4_app.o(.bss)
    .bss                                     0x1fff8480   Section     1032  uart2_app.o(.bss)
    stcLlpDesc                               0x1fff8868   Data          32  uart2_app.o(.bss)
    .bss                                     0x1fff8888   Section      304  bl.o(.bss)
    .bss                                     0x1fff89b8   Section       20  app_adc.o(.bss)
    .bss                                     0x1fff89cc   Section      796  app.o(.bss)
    .bss                                     0x1fff8ce8   Section       64  algorithm.o(.bss)
    g_lineSum                                0x1fff8ce8   Data          64  algorithm.o(.bss)
    .bss                                     0x1fff8d28   Section      512  hc32_ll_interrupts.o(.bss)
    m_apfnIrqHandler                         0x1fff8d28   Data         512  hc32_ll_interrupts.o(.bss)
    STACK                                    0x1fff8f28   Section     8192  startup_hc32f460.o(STACK)

    Global Symbols

    Symbol Name                              Value     Ov Type        Size  Object(Section)

    BuildAttributes$$THM_ISAv4$E$P$D$K$B$S$7EM$VFPi3$EXTD16$VFPS$VFMA$PE$A:L22UL41UL21$X:L11$S22US41US21$IEEE1$IW$USESV6$~STKCKD$USESV7$~SHL$OTIME$ROPI$EBA8$MICROLIB$REQ8$PRES8$EABIv2 0x00000000   Number         0  anon$$obj.o ABSOLUTE
    __ARM_use_no_argv                        0x00000000   Number         0  main.o ABSOLUTE
    __Vectors                                0x00000000   Data           4  startup_hc32f460.o(RESET)
    _printf_a                                0x00000000   Number         0  stubs.o ABSOLUTE
    _printf_c                                0x00000000   Number         0  stubs.o ABSOLUTE
    _printf_charcount                        0x00000000   Number         0  stubs.o ABSOLUTE
    _printf_d                                0x00000000   Number         0  stubs.o ABSOLUTE
    _printf_e                                0x00000000   Number         0  stubs.o ABSOLUTE
    _printf_f                                0x00000000   Number         0  stubs.o ABSOLUTE
    _printf_flags                            0x00000000   Number         0  stubs.o ABSOLUTE
    _printf_fp_dec                           0x00000000   Number         0  stubs.o ABSOLUTE
    _printf_fp_hex                           0x00000000   Number         0  stubs.o ABSOLUTE
    _printf_g                                0x00000000   Number         0  stubs.o ABSOLUTE
    _printf_i                                0x00000000   Number         0  stubs.o ABSOLUTE
    _printf_int_dec                          0x00000000   Number         0  stubs.o ABSOLUTE
    _printf_l                                0x00000000   Number         0  stubs.o ABSOLUTE
    _printf_lc                               0x00000000   Number         0  stubs.o ABSOLUTE
    _printf_ll                               0x00000000   Number         0  stubs.o ABSOLUTE
    _printf_lld                              0x00000000   Number         0  stubs.o ABSOLUTE
    _printf_lli                              0x00000000   Number         0  stubs.o ABSOLUTE
    _printf_llo                              0x00000000   Number         0  stubs.o ABSOLUTE
    _printf_llu                              0x00000000   Number         0  stubs.o ABSOLUTE
    _printf_llx                              0x00000000   Number         0  stubs.o ABSOLUTE
    _printf_longlong_dec                     0x00000000   Number         0  stubs.o ABSOLUTE
    _printf_longlong_hex                     0x00000000   Number         0  stubs.o ABSOLUTE
    _printf_longlong_oct                     0x00000000   Number         0  stubs.o ABSOLUTE
    _printf_ls                               0x00000000   Number         0  stubs.o ABSOLUTE
    _printf_mbtowc                           0x00000000   Number         0  stubs.o ABSOLUTE
    _printf_n                                0x00000000   Number         0  stubs.o ABSOLUTE
    _printf_o                                0x00000000   Number         0  stubs.o ABSOLUTE
    _printf_p                                0x00000000   Number         0  stubs.o ABSOLUTE
    _printf_percent                          0x00000000   Number         0  stubs.o ABSOLUTE
    _printf_pre_padding                      0x00000000   Number         0  stubs.o ABSOLUTE
    _printf_return_value                     0x00000000   Number         0  stubs.o ABSOLUTE
    _printf_s                                0x00000000   Number         0  stubs.o ABSOLUTE
    _printf_sizespec                         0x00000000   Number         0  stubs.o ABSOLUTE
    _printf_str                              0x00000000   Number         0  stubs.o ABSOLUTE
    _printf_truncate_signed                  0x00000000   Number         0  stubs.o ABSOLUTE
    _printf_truncate_unsigned                0x00000000   Number         0  stubs.o ABSOLUTE
    _printf_u                                0x00000000   Number         0  stubs.o ABSOLUTE
    _printf_wc                               0x00000000   Number         0  stubs.o ABSOLUTE
    _printf_wctomb                           0x00000000   Number         0  stubs.o ABSOLUTE
    _printf_widthprec                        0x00000000   Number         0  stubs.o ABSOLUTE
    _printf_x                                0x00000000   Number         0  stubs.o ABSOLUTE
    __cpp_initialize__aeabi_                  - Undefined Weak Reference
    __cxa_finalize                            - Undefined Weak Reference
    __decompress                              - Undefined Weak Reference
    _clock_init                               - Undefined Weak Reference
    _microlib_exit                            - Undefined Weak Reference
    __Vectors_End                            0x00000280   Data           0  startup_hc32f460.o(RESET)
    __Vectors_Size                           0x00000280   Number         0  startup_hc32f460.o ABSOLUTE
    __main                                   0x00000281   Thumb Code     0  entry.o(.ARM.Collect$$$$00000000)
    _main_stk                                0x00000281   Thumb Code     0  entry2.o(.ARM.Collect$$$$00000001)
    _main_scatterload                        0x00000285   Thumb Code     0  entry5.o(.ARM.Collect$$$$00000004)
    __main_after_scatterload                 0x00000289   Thumb Code     0  entry5.o(.ARM.Collect$$$$00000004)
    _main_clock                              0x00000289   Thumb Code     0  entry7b.o(.ARM.Collect$$$$00000008)
    _main_cpp_init                           0x00000289   Thumb Code     0  entry8b.o(.ARM.Collect$$$$0000000A)
    _main_init                               0x00000289   Thumb Code     0  entry9a.o(.ARM.Collect$$$$0000000B)
    __rt_final_cpp                           0x00000291   Thumb Code     0  entry10a.o(.ARM.Collect$$$$0000000D)
    __rt_final_exit                          0x00000291   Thumb Code     0  entry11a.o(.ARM.Collect$$$$0000000F)
    Reset_Handler                            0x00000295   Thumb Code    56  startup_hc32f460.o(.text)
    NMI_Handler                              0x000002cd   Thumb Code     2  startup_hc32f460.o(.text)
    HardFault_Handler                        0x000002cf   Thumb Code     2  startup_hc32f460.o(.text)
    MemManage_Handler                        0x000002d1   Thumb Code     2  startup_hc32f460.o(.text)
    BusFault_Handler                         0x000002d3   Thumb Code     2  startup_hc32f460.o(.text)
    UsageFault_Handler                       0x000002d5   Thumb Code     2  startup_hc32f460.o(.text)
    SVC_Handler                              0x000002d7   Thumb Code     2  startup_hc32f460.o(.text)
    DebugMon_Handler                         0x000002d9   Thumb Code     2  startup_hc32f460.o(.text)
    PendSV_Handler                           0x000002db   Thumb Code     2  startup_hc32f460.o(.text)
    IRQ128_Handler                           0x000002df   Thumb Code     0  startup_hc32f460.o(.text)
    IRQ129_Handler                           0x000002df   Thumb Code     0  startup_hc32f460.o(.text)
    IRQ130_Handler                           0x000002df   Thumb Code     0  startup_hc32f460.o(.text)
    IRQ131_Handler                           0x000002df   Thumb Code     0  startup_hc32f460.o(.text)
    IRQ132_Handler                           0x000002df   Thumb Code     0  startup_hc32f460.o(.text)
    IRQ133_Handler                           0x000002df   Thumb Code     0  startup_hc32f460.o(.text)
    IRQ134_Handler                           0x000002df   Thumb Code     0  startup_hc32f460.o(.text)
    IRQ135_Handler                           0x000002df   Thumb Code     0  startup_hc32f460.o(.text)
    IRQ136_Handler                           0x000002df   Thumb Code     0  startup_hc32f460.o(.text)
    IRQ137_Handler                           0x000002df   Thumb Code     0  startup_hc32f460.o(.text)
    IRQ138_Handler                           0x000002df   Thumb Code     0  startup_hc32f460.o(.text)
    IRQ139_Handler                           0x000002df   Thumb Code     0  startup_hc32f460.o(.text)
    IRQ140_Handler                           0x000002df   Thumb Code     0  startup_hc32f460.o(.text)
    IRQ141_Handler                           0x000002df   Thumb Code     0  startup_hc32f460.o(.text)
    IRQ142_Handler                           0x000002df   Thumb Code     0  startup_hc32f460.o(.text)
    IRQ143_Handler                           0x000002df   Thumb Code     0  startup_hc32f460.o(.text)
    __aeabi_uldivmod                         0x000002f9   Thumb Code    98  uldiv.o(.text)
    __aeabi_memcpy                           0x0000035b   Thumb Code    36  memcpya.o(.text)
    __aeabi_memcpy4                          0x0000035b   Thumb Code     0  memcpya.o(.text)
    __aeabi_memcpy8                          0x0000035b   Thumb Code     0  memcpya.o(.text)
    strlen                                   0x0000037f   Thumb Code    14  strlen.o(.text)
    memcmp                                   0x0000038d   Thumb Code    26  memcmp.o(.text)
    __aeabi_ui2d                             0x000003a7   Thumb Code    26  dfltui.o(.text)
    __aeabi_ul2d                             0x000003c1   Thumb Code    24  dfltul.o(.text)
    __aeabi_llsl                             0x000003d9   Thumb Code    30  llshl.o(.text)
    _ll_shift_l                              0x000003d9   Thumb Code     0  llshl.o(.text)
    __I$use$fp                               0x000003f7   Thumb Code     0  iusefp.o(.text)
    __scatterload_null                       0x000003f7   Thumb Code     2  handlers.o(i.__scatterload_null)
    led_task                                 0x000003f9   Thumb Code     8  led.o(i.led_task)
    u32ICGValue                              0x00000400   Data          32  hc32_ll_icg.o(.ARM.__AT_0x00000400)
    __aeabi_ddiv                             0x00000421   Thumb Code   222  ddiv.o(.text)
    __aeabi_d2f                              0x000004ff   Thumb Code    56  d2f.o(.text)
    __aeabi_uidiv                            0x00000537   Thumb Code     0  uidiv.o(.text)
    __aeabi_uidivmod                         0x00000537   Thumb Code    44  uidiv.o(.text)
    __aeabi_llsr                             0x00000563   Thumb Code    32  llushr.o(.text)
    _ll_ushift_r                             0x00000563   Thumb Code     0  llushr.o(.text)
    _float_round                             0x00000583   Thumb Code    18  fepilogue.o(.text)
    _float_epilogue                          0x00000595   Thumb Code    92  fepilogue.o(.text)
    _double_round                            0x000005f1   Thumb Code    30  depilogue.o(.text)
    _double_epilogue                         0x0000060f   Thumb Code   156  depilogue.o(.text)
    __scatterload                            0x000006ad   Thumb Code    28  init.o(.text)
    __scatterload_rt2                        0x000006ad   Thumb Code     0  init.o(.text)
    ADC_ChCmd                                0x000006d1   Thumb Code   138  hc32_ll_adc.o(i.ADC_ChCmd)
    ADC_ClearStatus                          0x000007a1   Thumb Code    70  hc32_ll_adc.o(i.ADC_ClearStatus)
    ADC_Init                                 0x0000082d   Thumb Code   148  hc32_ll_adc.o(i.ADC_Init)
    ADC_IntCmd                               0x00000905   Thumb Code   112  hc32_ll_adc.o(i.ADC_IntCmd)
    ADC_SetSampleTime                        0x000009b9   Thumb Code    88  hc32_ll_adc.o(i.ADC_SetSampleTime)
    ADC_Start                                0x00000a55   Thumb Code    52  hc32_ll_adc.o(i.ADC_Start)
    ADC_StructInit                           0x00000acd   Thumb Code    20  hc32_ll_adc.o(i.ADC_StructInit)
    AOS_SetTriggerEventSrc                   0x00000ae1   Thumb Code    50  hc32_ll_aos.o(i.AOS_SetTriggerEventSrc)
    AdcConfig                                0x00000b55   Thumb Code    18  app_adc.o(i.AdcConfig)
    BSP_KEY_KEY10_IrqHandler                 0x00000be9   Thumb Code    36  ev_hc32f460_lqfp100_v2.o(i.BSP_KEY_KEY10_IrqHandler)
    CLK_GetClockFreq                         0x00000c11   Thumb Code    22  hc32_ll_clk.o(i.CLK_GetClockFreq)
    CLK_GetStableStatus                      0x00000c29   Thumb Code    46  hc32_ll_clk.o(i.CLK_GetStableStatus)
    CLK_HrcCmd                               0x00000c99   Thumb Code   142  hc32_ll_clk.o(i.CLK_HrcCmd)
    CLK_LrcCmd                               0x00000d6d   Thumb Code   102  hc32_ll_clk.o(i.CLK_LrcCmd)
    CLK_PLLCmd                               0x00000e19   Thumb Code   146  hc32_ll_clk.o(i.CLK_PLLCmd)
    CLK_PLLInit                              0x00000ef1   Thumb Code   596  hc32_ll_clk.o(i.CLK_PLLInit)
    CLK_PLLStructInit                        0x000011a5   Thumb Code    82  hc32_ll_clk.o(i.CLK_PLLStructInit)
    CLK_SetClockDiv                          0x000011f7   Thumb Code    20  hc32_ll_clk.o(i.CLK_SetClockDiv)
    CLK_SetSysClockSrc                       0x0000120b   Thumb Code    16  hc32_ll_clk.o(i.CLK_SetSysClockSrc)
    CLK_XtalCmd                              0x0000124d   Thumb Code   144  hc32_ll_clk.o(i.CLK_XtalCmd)
    CLK_XtalInit                             0x00001321   Thumb Code   272  hc32_ll_clk.o(i.CLK_XtalInit)
    CLK_XtalStructInit                       0x00001475   Thumb Code    30  hc32_ll_clk.o(i.CLK_XtalStructInit)
    DDL_AssertHandler                        0x000016b9   Thumb Code    18  hc32_ll_utility.o(i.DDL_AssertHandler)
    DDL_ConsoleOutputChar                    0x000016fd   Thumb Code    68  hc32_ll_utility.o(i.DDL_ConsoleOutputChar)
    DDL_DelayUS                              0x00001749   Thumb Code    52  hc32_ll_utility.o(i.DDL_DelayUS)
    DMA_ChCmd                                0x00001789   Thumb Code   454  hc32_ll_dma.o(i.DMA_ChCmd)
    DMA_ClearTransCompleteStatus             0x00001999   Thumb Code    66  hc32_ll_dma.o(i.DMA_ClearTransCompleteStatus)
    DMA_Cmd                                  0x00001a21   Thumb Code    56  hc32_ll_dma.o(i.DMA_Cmd)
    DMA_GetTransCount                        0x00001c5d   Thumb Code    74  hc32_ll_dma.o(i.DMA_GetTransCount)
    DMA_Init                                 0x00001ced   Thumb Code   382  hc32_ll_dma.o(i.DMA_Init)
    DMA_LlpInit                              0x00001ec5   Thumb Code   200  hc32_ll_dma.o(i.DMA_LlpInit)
    DMA_LlpStructInit                        0x00001fd1   Thumb Code    20  hc32_ll_dma.o(i.DMA_LlpStructInit)
    DMA_ReconfigCmd                          0x00001fe5   Thumb Code    80  hc32_ll_dma.o(i.DMA_ReconfigCmd)
    DMA_ReconfigLlpCmd                       0x00002079   Thumb Code   104  hc32_ll_dma.o(i.DMA_ReconfigLlpCmd)
    DMA_RepeatInit                           0x00002125   Thumb Code   208  hc32_ll_dma.o(i.DMA_RepeatInit)
    DMA_SetDestAddr                          0x00002239   Thumb Code   118  hc32_ll_dma.o(i.DMA_SetDestAddr)
    DMA_SetSrcAddr                           0x000022f5   Thumb Code   118  hc32_ll_dma.o(i.DMA_SetSrcAddr)
    DMA_SetTransCount                        0x000023b1   Thumb Code   132  hc32_ll_dma.o(i.DMA_SetTransCount)
    DMA_StructInit                           0x00002479   Thumb Code    34  hc32_ll_dma.o(i.DMA_StructInit)
    DMA_TransCompleteIntCmd                  0x0000249d   Thumb Code   104  hc32_ll_dma.o(i.DMA_TransCompleteIntCmd)
    DelayUs_Init                             0x00002549   Thumb Code    76  sys.o(i.DelayUs_Init)
    EFM_SetWaitCycle                         0x00002631   Thumb Code   126  hc32_ll_efm.o(i.EFM_SetWaitCycle)
    EXTINT_ClearExtIntStatus                 0x000026f9   Thumb Code    42  hc32_ll_interrupts.o(i.EXTINT_ClearExtIntStatus)
    FCG_Fcg0PeriphClockCmd                   0x0000272d   Thumb Code   104  hc32_ll_fcg.o(i.FCG_Fcg0PeriphClockCmd)
    FCG_Fcg1PeriphClockCmd                   0x000027d9   Thumb Code    80  hc32_ll_fcg.o(i.FCG_Fcg1PeriphClockCmd)
    FCG_Fcg2PeriphClockCmd                   0x0000286d   Thumb Code    80  hc32_ll_fcg.o(i.FCG_Fcg2PeriphClockCmd)
    FCG_Fcg3PeriphClockCmd                   0x00002901   Thumb Code    84  hc32_ll_fcg.o(i.FCG_Fcg3PeriphClockCmd)
    GPIO_AnalogCmd                           0x00002995   Thumb Code   162  hc32_ll_gpio.o(i.GPIO_AnalogCmd)
    GPIO_Init                                0x00002a79   Thumb Code   464  hc32_ll_gpio.o(i.GPIO_Init)
    GPIO_ReadInputPins                       0x00002c89   Thumb Code    88  hc32_ll_gpio.o(i.GPIO_ReadInputPins)
    GPIO_ResetPins                           0x00002d21   Thumb Code    82  hc32_ll_gpio.o(i.GPIO_ResetPins)
    GPIO_SetDebugPort                        0x00002db5   Thumb Code   124  hc32_ll_gpio.o(i.GPIO_SetDebugPort)
    GPIO_SetFunc                             0x00002e71   Thumb Code   186  hc32_ll_gpio.o(i.GPIO_SetFunc)
    GPIO_SetPins                             0x00002f6d   Thumb Code    82  hc32_ll_gpio.o(i.GPIO_SetPins)
    GPIO_StructInit                          0x00003001   Thumb Code    32  hc32_ll_gpio.o(i.GPIO_StructInit)
    GPIO_TogglePins                          0x00003021   Thumb Code    82  hc32_ll_gpio.o(i.GPIO_TogglePins)
    INTC_IrqSignIn                           0x000031bd   Thumb Code   168  hc32_ll_interrupts.o(i.INTC_IrqSignIn)
    IRQ000_Handler                           0x00003271   Thumb Code    14  hc32_ll_interrupts.o(i.IRQ000_Handler)
    IRQ001_Handler                           0x00003285   Thumb Code    14  hc32_ll_interrupts.o(i.IRQ001_Handler)
    IRQ002_Handler                           0x00003299   Thumb Code    14  hc32_ll_interrupts.o(i.IRQ002_Handler)
    IRQ003_Handler                           0x000032ad   Thumb Code    14  hc32_ll_interrupts.o(i.IRQ003_Handler)
    IRQ004_Handler                           0x000032c1   Thumb Code    14  hc32_ll_interrupts.o(i.IRQ004_Handler)
    IRQ005_Handler                           0x000032d5   Thumb Code    14  hc32_ll_interrupts.o(i.IRQ005_Handler)
    IRQ006_Handler                           0x000032e9   Thumb Code    14  hc32_ll_interrupts.o(i.IRQ006_Handler)
    IRQ007_Handler                           0x000032fd   Thumb Code    14  hc32_ll_interrupts.o(i.IRQ007_Handler)
    IRQ008_Handler                           0x00003311   Thumb Code    14  hc32_ll_interrupts.o(i.IRQ008_Handler)
    IRQ009_Handler                           0x00003325   Thumb Code    14  hc32_ll_interrupts.o(i.IRQ009_Handler)
    IRQ010_Handler                           0x00003339   Thumb Code    14  hc32_ll_interrupts.o(i.IRQ010_Handler)
    IRQ011_Handler                           0x0000334d   Thumb Code    14  hc32_ll_interrupts.o(i.IRQ011_Handler)
    IRQ012_Handler                           0x00003361   Thumb Code    14  hc32_ll_interrupts.o(i.IRQ012_Handler)
    IRQ013_Handler                           0x00003375   Thumb Code    14  hc32_ll_interrupts.o(i.IRQ013_Handler)
    IRQ014_Handler                           0x00003389   Thumb Code    14  hc32_ll_interrupts.o(i.IRQ014_Handler)
    IRQ015_Handler                           0x0000339d   Thumb Code    14  hc32_ll_interrupts.o(i.IRQ015_Handler)
    IRQ016_Handler                           0x000033b1   Thumb Code    14  hc32_ll_interrupts.o(i.IRQ016_Handler)
    IRQ017_Handler                           0x000033c5   Thumb Code    14  hc32_ll_interrupts.o(i.IRQ017_Handler)
    IRQ018_Handler                           0x000033d9   Thumb Code    14  hc32_ll_interrupts.o(i.IRQ018_Handler)
    IRQ019_Handler                           0x000033ed   Thumb Code    14  hc32_ll_interrupts.o(i.IRQ019_Handler)
    IRQ020_Handler                           0x00003401   Thumb Code    14  hc32_ll_interrupts.o(i.IRQ020_Handler)
    IRQ021_Handler                           0x00003415   Thumb Code    14  hc32_ll_interrupts.o(i.IRQ021_Handler)
    IRQ022_Handler                           0x00003429   Thumb Code    14  hc32_ll_interrupts.o(i.IRQ022_Handler)
    IRQ023_Handler                           0x0000343d   Thumb Code    14  hc32_ll_interrupts.o(i.IRQ023_Handler)
    IRQ024_Handler                           0x00003451   Thumb Code    14  hc32_ll_interrupts.o(i.IRQ024_Handler)
    IRQ025_Handler                           0x00003465   Thumb Code    14  hc32_ll_interrupts.o(i.IRQ025_Handler)
    IRQ026_Handler                           0x00003479   Thumb Code    14  hc32_ll_interrupts.o(i.IRQ026_Handler)
    IRQ027_Handler                           0x0000348d   Thumb Code    14  hc32_ll_interrupts.o(i.IRQ027_Handler)
    IRQ028_Handler                           0x000034a1   Thumb Code    14  hc32_ll_interrupts.o(i.IRQ028_Handler)
    IRQ029_Handler                           0x000034b5   Thumb Code    14  hc32_ll_interrupts.o(i.IRQ029_Handler)
    IRQ030_Handler                           0x000034c9   Thumb Code    14  hc32_ll_interrupts.o(i.IRQ030_Handler)
    IRQ031_Handler                           0x000034dd   Thumb Code    14  hc32_ll_interrupts.o(i.IRQ031_Handler)
    IRQ032_Handler                           0x000034f1   Thumb Code    16  hc32_ll_interrupts.o(i.IRQ032_Handler)
    IRQ033_Handler                           0x00003505   Thumb Code    16  hc32_ll_interrupts.o(i.IRQ033_Handler)
    IRQ034_Handler                           0x00003519   Thumb Code    16  hc32_ll_interrupts.o(i.IRQ034_Handler)
    IRQ035_Handler                           0x0000352d   Thumb Code    16  hc32_ll_interrupts.o(i.IRQ035_Handler)
    IRQ036_Handler                           0x00003541   Thumb Code    16  hc32_ll_interrupts.o(i.IRQ036_Handler)
    IRQ037_Handler                           0x00003555   Thumb Code    16  hc32_ll_interrupts.o(i.IRQ037_Handler)
    IRQ038_Handler                           0x00003569   Thumb Code    16  hc32_ll_interrupts.o(i.IRQ038_Handler)
    IRQ039_Handler                           0x0000357d   Thumb Code    16  hc32_ll_interrupts.o(i.IRQ039_Handler)
    IRQ040_Handler                           0x00003591   Thumb Code    16  hc32_ll_interrupts.o(i.IRQ040_Handler)
    IRQ041_Handler                           0x000035a5   Thumb Code    16  hc32_ll_interrupts.o(i.IRQ041_Handler)
    IRQ042_Handler                           0x000035b9   Thumb Code    16  hc32_ll_interrupts.o(i.IRQ042_Handler)
    IRQ043_Handler                           0x000035cd   Thumb Code    16  hc32_ll_interrupts.o(i.IRQ043_Handler)
    IRQ044_Handler                           0x000035e1   Thumb Code    16  hc32_ll_interrupts.o(i.IRQ044_Handler)
    IRQ045_Handler                           0x000035f5   Thumb Code    16  hc32_ll_interrupts.o(i.IRQ045_Handler)
    IRQ046_Handler                           0x00003609   Thumb Code    16  hc32_ll_interrupts.o(i.IRQ046_Handler)
    IRQ047_Handler                           0x0000361d   Thumb Code    16  hc32_ll_interrupts.o(i.IRQ047_Handler)
    IRQ048_Handler                           0x00003631   Thumb Code    16  hc32_ll_interrupts.o(i.IRQ048_Handler)
    IRQ049_Handler                           0x00003645   Thumb Code    16  hc32_ll_interrupts.o(i.IRQ049_Handler)
    IRQ050_Handler                           0x00003659   Thumb Code    16  hc32_ll_interrupts.o(i.IRQ050_Handler)
    IRQ051_Handler                           0x0000366d   Thumb Code    16  hc32_ll_interrupts.o(i.IRQ051_Handler)
    IRQ052_Handler                           0x00003681   Thumb Code    16  hc32_ll_interrupts.o(i.IRQ052_Handler)
    IRQ053_Handler                           0x00003695   Thumb Code    16  hc32_ll_interrupts.o(i.IRQ053_Handler)
    IRQ054_Handler                           0x000036a9   Thumb Code    16  hc32_ll_interrupts.o(i.IRQ054_Handler)
    IRQ055_Handler                           0x000036bd   Thumb Code    16  hc32_ll_interrupts.o(i.IRQ055_Handler)
    IRQ056_Handler                           0x000036d1   Thumb Code    16  hc32_ll_interrupts.o(i.IRQ056_Handler)
    IRQ057_Handler                           0x000036e5   Thumb Code    16  hc32_ll_interrupts.o(i.IRQ057_Handler)
    IRQ058_Handler                           0x000036f9   Thumb Code    16  hc32_ll_interrupts.o(i.IRQ058_Handler)
    IRQ059_Handler                           0x0000370d   Thumb Code    16  hc32_ll_interrupts.o(i.IRQ059_Handler)
    IRQ060_Handler                           0x00003721   Thumb Code    16  hc32_ll_interrupts.o(i.IRQ060_Handler)
    IRQ061_Handler                           0x00003735   Thumb Code    16  hc32_ll_interrupts.o(i.IRQ061_Handler)
    IRQ062_Handler                           0x00003749   Thumb Code    16  hc32_ll_interrupts.o(i.IRQ062_Handler)
    IRQ063_Handler                           0x0000375d   Thumb Code    16  hc32_ll_interrupts.o(i.IRQ063_Handler)
    IRQ064_Handler                           0x00003771   Thumb Code    16  hc32_ll_interrupts.o(i.IRQ064_Handler)
    IRQ065_Handler                           0x00003785   Thumb Code    16  hc32_ll_interrupts.o(i.IRQ065_Handler)
    IRQ066_Handler                           0x00003799   Thumb Code    16  hc32_ll_interrupts.o(i.IRQ066_Handler)
    IRQ067_Handler                           0x000037ad   Thumb Code    16  hc32_ll_interrupts.o(i.IRQ067_Handler)
    IRQ068_Handler                           0x000037c1   Thumb Code    16  hc32_ll_interrupts.o(i.IRQ068_Handler)
    IRQ069_Handler                           0x000037d5   Thumb Code    16  hc32_ll_interrupts.o(i.IRQ069_Handler)
    IRQ070_Handler                           0x000037e9   Thumb Code    16  hc32_ll_interrupts.o(i.IRQ070_Handler)
    IRQ071_Handler                           0x000037fd   Thumb Code    16  hc32_ll_interrupts.o(i.IRQ071_Handler)
    IRQ072_Handler                           0x00003811   Thumb Code    16  hc32_ll_interrupts.o(i.IRQ072_Handler)
    IRQ073_Handler                           0x00003825   Thumb Code    16  hc32_ll_interrupts.o(i.IRQ073_Handler)
    IRQ074_Handler                           0x00003839   Thumb Code    16  hc32_ll_interrupts.o(i.IRQ074_Handler)
    IRQ075_Handler                           0x0000384d   Thumb Code    16  hc32_ll_interrupts.o(i.IRQ075_Handler)
    IRQ076_Handler                           0x00003861   Thumb Code    16  hc32_ll_interrupts.o(i.IRQ076_Handler)
    IRQ077_Handler                           0x00003875   Thumb Code    16  hc32_ll_interrupts.o(i.IRQ077_Handler)
    IRQ078_Handler                           0x00003889   Thumb Code    16  hc32_ll_interrupts.o(i.IRQ078_Handler)
    IRQ079_Handler                           0x0000389d   Thumb Code    16  hc32_ll_interrupts.o(i.IRQ079_Handler)
    IRQ080_Handler                           0x000038b1   Thumb Code    16  hc32_ll_interrupts.o(i.IRQ080_Handler)
    IRQ081_Handler                           0x000038c5   Thumb Code    16  hc32_ll_interrupts.o(i.IRQ081_Handler)
    IRQ082_Handler                           0x000038d9   Thumb Code    16  hc32_ll_interrupts.o(i.IRQ082_Handler)
    IRQ083_Handler                           0x000038ed   Thumb Code    16  hc32_ll_interrupts.o(i.IRQ083_Handler)
    IRQ084_Handler                           0x00003901   Thumb Code    16  hc32_ll_interrupts.o(i.IRQ084_Handler)
    IRQ085_Handler                           0x00003915   Thumb Code    16  hc32_ll_interrupts.o(i.IRQ085_Handler)
    IRQ086_Handler                           0x00003929   Thumb Code    16  hc32_ll_interrupts.o(i.IRQ086_Handler)
    IRQ087_Handler                           0x0000393d   Thumb Code    16  hc32_ll_interrupts.o(i.IRQ087_Handler)
    IRQ088_Handler                           0x00003951   Thumb Code    16  hc32_ll_interrupts.o(i.IRQ088_Handler)
    IRQ089_Handler                           0x00003965   Thumb Code    16  hc32_ll_interrupts.o(i.IRQ089_Handler)
    IRQ090_Handler                           0x00003979   Thumb Code    16  hc32_ll_interrupts.o(i.IRQ090_Handler)
    IRQ091_Handler                           0x0000398d   Thumb Code    16  hc32_ll_interrupts.o(i.IRQ091_Handler)
    IRQ092_Handler                           0x000039a1   Thumb Code    16  hc32_ll_interrupts.o(i.IRQ092_Handler)
    IRQ093_Handler                           0x000039b5   Thumb Code    16  hc32_ll_interrupts.o(i.IRQ093_Handler)
    IRQ094_Handler                           0x000039c9   Thumb Code    16  hc32_ll_interrupts.o(i.IRQ094_Handler)
    IRQ095_Handler                           0x000039dd   Thumb Code    16  hc32_ll_interrupts.o(i.IRQ095_Handler)
    IRQ096_Handler                           0x000039f1   Thumb Code    16  hc32_ll_interrupts.o(i.IRQ096_Handler)
    IRQ097_Handler                           0x00003a05   Thumb Code    16  hc32_ll_interrupts.o(i.IRQ097_Handler)
    IRQ098_Handler                           0x00003a19   Thumb Code    16  hc32_ll_interrupts.o(i.IRQ098_Handler)
    IRQ099_Handler                           0x00003a2d   Thumb Code    16  hc32_ll_interrupts.o(i.IRQ099_Handler)
    IRQ100_Handler                           0x00003a41   Thumb Code    16  hc32_ll_interrupts.o(i.IRQ100_Handler)
    IRQ101_Handler                           0x00003a55   Thumb Code    16  hc32_ll_interrupts.o(i.IRQ101_Handler)
    IRQ102_Handler                           0x00003a69   Thumb Code    16  hc32_ll_interrupts.o(i.IRQ102_Handler)
    IRQ103_Handler                           0x00003a7d   Thumb Code    16  hc32_ll_interrupts.o(i.IRQ103_Handler)
    IRQ104_Handler                           0x00003a91   Thumb Code    16  hc32_ll_interrupts.o(i.IRQ104_Handler)
    IRQ105_Handler                           0x00003aa5   Thumb Code    16  hc32_ll_interrupts.o(i.IRQ105_Handler)
    IRQ106_Handler                           0x00003ab9   Thumb Code    16  hc32_ll_interrupts.o(i.IRQ106_Handler)
    IRQ107_Handler                           0x00003acd   Thumb Code    16  hc32_ll_interrupts.o(i.IRQ107_Handler)
    IRQ108_Handler                           0x00003ae1   Thumb Code    16  hc32_ll_interrupts.o(i.IRQ108_Handler)
    IRQ109_Handler                           0x00003af5   Thumb Code    16  hc32_ll_interrupts.o(i.IRQ109_Handler)
    IRQ110_Handler                           0x00003b09   Thumb Code    16  hc32_ll_interrupts.o(i.IRQ110_Handler)
    IRQ111_Handler                           0x00003b1d   Thumb Code    16  hc32_ll_interrupts.o(i.IRQ111_Handler)
    IRQ112_Handler                           0x00003b31   Thumb Code    16  hc32_ll_interrupts.o(i.IRQ112_Handler)
    IRQ113_Handler                           0x00003b45   Thumb Code    16  hc32_ll_interrupts.o(i.IRQ113_Handler)
    IRQ114_Handler                           0x00003b59   Thumb Code    16  hc32_ll_interrupts.o(i.IRQ114_Handler)
    IRQ115_Handler                           0x00003b6d   Thumb Code    16  hc32_ll_interrupts.o(i.IRQ115_Handler)
    IRQ116_Handler                           0x00003b81   Thumb Code    16  hc32_ll_interrupts.o(i.IRQ116_Handler)
    IRQ117_Handler                           0x00003b95   Thumb Code    16  hc32_ll_interrupts.o(i.IRQ117_Handler)
    IRQ118_Handler                           0x00003ba9   Thumb Code    16  hc32_ll_interrupts.o(i.IRQ118_Handler)
    IRQ119_Handler                           0x00003bbd   Thumb Code    16  hc32_ll_interrupts.o(i.IRQ119_Handler)
    IRQ120_Handler                           0x00003bd1   Thumb Code    16  hc32_ll_interrupts.o(i.IRQ120_Handler)
    IRQ121_Handler                           0x00003be5   Thumb Code    16  hc32_ll_interrupts.o(i.IRQ121_Handler)
    IRQ122_Handler                           0x00003bf9   Thumb Code    16  hc32_ll_interrupts.o(i.IRQ122_Handler)
    IRQ123_Handler                           0x00003c0d   Thumb Code    16  hc32_ll_interrupts.o(i.IRQ123_Handler)
    IRQ124_Handler                           0x00003c21   Thumb Code    16  hc32_ll_interrupts.o(i.IRQ124_Handler)
    IRQ125_Handler                           0x00003c35   Thumb Code    16  hc32_ll_interrupts.o(i.IRQ125_Handler)
    IRQ126_Handler                           0x00003c49   Thumb Code    16  hc32_ll_interrupts.o(i.IRQ126_Handler)
    IRQ127_Handler                           0x00003c5d   Thumb Code    16  hc32_ll_interrupts.o(i.IRQ127_Handler)
    LED_Init                                 0x00003c71   Thumb Code    56  app_gpio.o(i.LED_Init)
    LL_PERIPH_WE                             0x00003ca9   Thumb Code   122  hc32_ll.o(i.LL_PERIPH_WE)
    LL_PERIPH_WP                             0x00003d39   Thumb Code   114  hc32_ll.o(i.LL_PERIPH_WP)
    PWC_HighSpeedToHighPerformance           0x00003e19   Thumb Code    68  hc32_ll_pwc.o(i.PWC_HighSpeedToHighPerformance)
    SRAM_SetWaitCycle                        0x00003f39   Thumb Code   182  hc32_ll_sram.o(i.SRAM_SetWaitCycle)
    SysTick_GetTick                          0x00004711   Thumb Code     6  hc32_ll_utility.o(i.SysTick_GetTick)
    SysTick_Handler                          0x0000471d   Thumb Code    12  main.o(i.SysTick_Handler)
    SysTick_IncTick                          0x00004729   Thumb Code    16  hc32_ll_utility.o(i.SysTick_IncTick)
    SysTick_Init                             0x00004741   Thumb Code   122  hc32_ll_utility.o(i.SysTick_Init)
    SystemCoreClockUpdate                    0x000047d1   Thumb Code   174  system_hc32f460.o(i.SystemCoreClockUpdate)
    SystemInit                               0x0000489d   Thumb Code    28  system_hc32f460.o(i.SystemInit)
    TMR0_HWClearCondCmd                      0x00004945   Thumb Code   114  hc32_ll_tmr0.o(i.TMR0_HWClearCondCmd)
    TMR0_HWStartCondCmd                      0x000049fd   Thumb Code   114  hc32_ll_tmr0.o(i.TMR0_HWStartCondCmd)
    TMR0_Init                                0x00004ab5   Thumb Code   284  hc32_ll_tmr0.o(i.TMR0_Init)
    TMRA_DeInit                              0x00004c15   Thumb Code   166  hc32_ll_tmra.o(i.TMRA_DeInit)
    TMRA_GetCountValue                       0x00004d11   Thumb Code    60  hc32_ll_tmra.o(i.TMRA_GetCountValue)
    TMRA_Init                                0x00004da1   Thumb Code   346  hc32_ll_tmra.o(i.TMRA_Init)
    TMRA_SetCountValue                       0x00004f51   Thumb Code    62  hc32_ll_tmra.o(i.TMRA_SetCountValue)
    TMRA_SetPeriodValue                      0x00004fe5   Thumb Code    62  hc32_ll_tmra.o(i.TMRA_SetPeriodValue)
    TMRA_Start                               0x00005079   Thumb Code    70  hc32_ll_tmra.o(i.TMRA_Start)
    TMRA_StructInit                          0x00005115   Thumb Code    36  hc32_ll_tmra.o(i.TMRA_StructInit)
    USART_ClearStatus                        0x00005411   Thumb Code   108  hc32_ll_usart.o(i.USART_ClearStatus)
    USART_FuncCmd                            0x000054d1   Thumb Code   124  hc32_ll_usart.o(i.USART_FuncCmd)
    USART_GetStatus                          0x000055b9   Thumb Code    88  hc32_ll_usart.o(i.USART_GetStatus)
    USART_ReadData                           0x00005701   Thumb Code    48  hc32_ll_usart.o(i.USART_ReadData)
    USART_SetBaudrate                        0x00005851   Thumb Code   230  hc32_ll_usart.o(i.USART_SetBaudrate)
    USART_UART_Init                          0x00005a35   Thumb Code   436  hc32_ll_usart.o(i.USART_UART_Init)
    USART_UART_StructInit                    0x00005c39   Thumb Code    46  hc32_ll_usart.o(i.USART_UART_StructInit)
    USART_WriteData                          0x00005c69   Thumb Code    72  hc32_ll_usart.o(i.USART_WriteData)
    __0printf$3                              0x00005d69   Thumb Code    22  printf3.o(i.__0printf$3)
    __1printf$3                              0x00005d69   Thumb Code     0  printf3.o(i.__0printf$3)
    __2printf                                0x00005d69   Thumb Code     0  printf3.o(i.__0printf$3)
    __0sprintf$3                             0x00005d89   Thumb Code    34  printf3.o(i.__0sprintf$3)
    __1sprintf$3                             0x00005d89   Thumb Code     0  printf3.o(i.__0sprintf$3)
    __2sprintf                               0x00005d89   Thumb Code     0  printf3.o(i.__0sprintf$3)
    __scatterload_copy                       0x00005e7d   Thumb Code    14  handlers.o(i.__scatterload_copy)
    __scatterload_zeroinit                   0x00005e8b   Thumb Code    14  handlers.o(i.__scatterload_zeroinit)
    adc_data_handler_with_idx                0x000060ed   Thumb Code    54  app.o(i.adc_data_handler_with_idx)
    all_led_off                              0x0000612d   Thumb Code    28  led.o(i.all_led_off)
    bl_at_mac                                0x00006149   Thumb Code    28  bl.o(i.bl_at_mac)
    bl_link_status_check                     0x00006175   Thumb Code    60  bl.o(i.bl_link_status_check)
    bl_task                                  0x000061b9   Thumb Code    32  bl.o(i.bl_task)
    ble_task                                 0x000061e1   Thumb Code    40  bl.o(i.ble_task)
    blink_blue                               0x00006211   Thumb Code    40  led.o(i.blink_blue)
    com_task                                 0x0000623d   Thumb Code    26  comm.o(i.com_task)
    delay_us                                 0x0000625d   Thumb Code    44  sys.o(i.delay_us)
    enable_uart2                             0x0000628d   Thumb Code    14  uart2_app.o(i.enable_uart2)
    enable_uart4                             0x000062a1   Thumb Code    14  uart4_app.o(i.enable_uart4)
    fill_tx_data                             0x000062b5   Thumb Code    88  app.o(i.fill_tx_data)
    fputc                                    0x00006319   Thumb Code    24  hc32_ll_utility.o(i.fputc)
    get_bl_mac                               0x00006331   Thumb Code    18  bl.o(i.get_bl_mac)
    gpio_init                                0x00006349   Thumb Code   156  app_gpio.o(i.gpio_init)
    init_clock                               0x000063e9   Thumb Code    82  clock_app.o(i.init_clock)
    led_blue_on                              0x00006449   Thumb Code    16  led.o(i.led_blue_on)
    led_ctl                                  0x00006459   Thumb Code    20  led.o(i.led_ctl)
    led_red_on                               0x00006471   Thumb Code    16  led.o(i.led_red_on)
    led_test                                 0x00006481   Thumb Code    36  app_gpio.o(i.led_test)
    main                                     0x000064a5   Thumb Code   138  main.o(i.main)
    main_task_adc_first                      0x00006539   Thumb Code   114  app.o(i.main_task_adc_first)
    press256                                 0x000065c1   Thumb Code   258  algorithm.o(i.press256)
    re_config_u2_rx_dma                      0x000066c9   Thumb Code    64  uart2_app.o(i.re_config_u2_rx_dma)
    re_config_u4_rx_dma                      0x00006715   Thumb Code    64  uart4_app.o(i.re_config_u4_rx_dma)
    recv_handler_bl                          0x00006761   Thumb Code    46  bl.o(i.recv_handler_bl)
    self_cmd_handler                         0x000067a1   Thumb Code    70  comm.o(i.self_cmd_handler)
    set_adc_ch                               0x00006801   Thumb Code   122  sw4067.o(i.set_adc_ch)
    set_output                               0x0000687d   Thumb Code    52  app_gpio.o(i.set_output)
    u2_send_str_sync                         0x00006afd   Thumb Code    46  uart2_app.o(i.u2_send_str_sync)
    uart2_init                               0x00006b31   Thumb Code   246  uart2_app.o(i.uart2_init)
    uart2_send_data                          0x00006c39   Thumb Code    74  uart2_app.o(i.uart2_send_data)
    uart4_init                               0x00006c95   Thumb Code   250  uart4_app.o(i.uart4_init)
    uart4_send_data                          0x00006da1   Thumb Code    74  uart4_app.o(i.uart4_send_data)
    uart_send                                0x00006dfd   Thumb Code    64  app.o(i.uart_send)
    channels                                 0x00006e50   Data          64  app_gpio.o(.constdata)
    adc_idx_v2                               0x00006e90   Data          16  app.o(.constdata)
    input_idx_v2                             0x00006ea0   Data          16  app.o(.constdata)
    Region$$Table$$Base                      0x00006f28   Number         0  anon$$obj.o(Region$$Table)
    Region$$Table$$Limit                     0x00006f48   Number         0  anon$$obj.o(Region$$Table)
    SystemCoreClock                          0x1fff8000   Data           4  system_hc32f460.o(.bss.noinit)
    HRC_VALUE                                0x1fff8004   Data           4  system_hc32f460.o(.bss.noinit)
    u4RxFrameEnd                             0x1fff8014   Data           1  uart4_app.o(.data)
    u4_rx_len                                0x1fff8016   Data           2  uart4_app.o(.data)
    u4_tx_len                                0x1fff8018   Data           2  uart4_app.o(.data)
    u2RxFrameEnd                             0x1fff801a   Data           1  uart2_app.o(.data)
    u2_rx_len                                0x1fff801c   Data           2  uart2_app.o(.data)
    u2_tx_len                                0x1fff801e   Data           2  uart2_app.o(.data)
    bl_mac_get                               0x1fff8020   Data           1  bl.o(.data)
    MAC_AT_FB                                0x1fff8021   Data           5  bl.o(.data)
    bl_conn_status                           0x1fff8026   Data           1  bl.o(.data)
    SELF_AT_CMD_MAC                          0x1fff8030   Data           4  comm.o(.data)
    HEAD_STR                                 0x1fff8034   Data           4  comm.o(.data)
    stop_u1                                  0x1fff8038   Data           1  app.o(.data)
    q_out                                    0x1fff803c   Data          16  app.o(.data)
    mems_data                                0x1fff804c   Data          16  app.o(.data)
    __stdout                                 0x1fff8074   Data           4  stdout.o(.data)
    u4_rx_buf                                0x1fff8078   Data         500  uart4_app.o(.bss)
    u4_tx_buf                                0x1fff826c   Data         500  uart4_app.o(.bss)
    u2_rx_buf                                0x1fff8480   Data         500  uart2_app.o(.bss)
    u2_tx_buf                                0x1fff8674   Data         500  uart2_app.o(.bss)
    bl_tx_buf                                0x1fff8888   Data         284  bl.o(.bss)
    mac_add                                  0x1fff89a4   Data          20  bl.o(.bss)
    m_au16AdcBuf                             0x1fff89b8   Data          20  app_adc.o(.bss)
    points_data                              0x1fff89cc   Data         256  app.o(.bss)
    points_data_after_proc                   0x1fff8acc   Data         256  app.o(.bss)
    tx_data                                  0x1fff8bcc   Data         284  app.o(.bss)
    __initial_sp                             0x1fffaf28   Data           0  startup_hc32f460.o(STACK)



==============================================================================

Memory Map of the image

  Image Entry point : 0x00000281

  Load Region LR_IROM1 (Base: 0x00000000, Size: 0x00006fb8, Max: 0x00080000, ABSOLUTE)

    Execution Region ER_IROM1 (Exec base: 0x00000000, Load base: 0x00000000, Size: 0x00006f48, Max: 0x00080000, ABSOLUTE)

    Exec Addr    Load Addr    Size         Type   Attr      Idx    E Section Name        Object

    0x00000000   0x00000000   0x00000280   Data   RO            3    RESET               startup_hc32f460.o
    0x00000280   0x00000280   0x00000000   Code   RO         4630  * .ARM.Collect$$$$00000000  mc_w.l(entry.o)
    0x00000280   0x00000280   0x00000004   Code   RO         4912    .ARM.Collect$$$$00000001  mc_w.l(entry2.o)
    0x00000284   0x00000284   0x00000004   Code   RO         4915    .ARM.Collect$$$$00000004  mc_w.l(entry5.o)
    0x00000288   0x00000288   0x00000000   Code   RO         4917    .ARM.Collect$$$$00000008  mc_w.l(entry7b.o)
    0x00000288   0x00000288   0x00000000   Code   RO         4919    .ARM.Collect$$$$0000000A  mc_w.l(entry8b.o)
    0x00000288   0x00000288   0x00000008   Code   RO         4920    .ARM.Collect$$$$0000000B  mc_w.l(entry9a.o)
    0x00000290   0x00000290   0x00000000   Code   RO         4922    .ARM.Collect$$$$0000000D  mc_w.l(entry10a.o)
    0x00000290   0x00000290   0x00000000   Code   RO         4924    .ARM.Collect$$$$0000000F  mc_w.l(entry11a.o)
    0x00000290   0x00000290   0x00000004   Code   RO         4913    .ARM.Collect$$$$00002712  mc_w.l(entry2.o)
    0x00000294   0x00000294   0x00000064   Code   RO            4    .text               startup_hc32f460.o
    0x000002f8   0x000002f8   0x00000062   Code   RO         4633    .text               mc_w.l(uldiv.o)
    0x0000035a   0x0000035a   0x00000024   Code   RO         4635    .text               mc_w.l(memcpya.o)
    0x0000037e   0x0000037e   0x0000000e   Code   RO         4637    .text               mc_w.l(strlen.o)
    0x0000038c   0x0000038c   0x0000001a   Code   RO         4639    .text               mc_w.l(memcmp.o)
    0x000003a6   0x000003a6   0x0000001a   Code   RO         4906    .text               mf_w.l(dfltui.o)
    0x000003c0   0x000003c0   0x00000018   Code   RO         4908    .text               mf_w.l(dfltul.o)
    0x000003d8   0x000003d8   0x0000001e   Code   RO         4929    .text               mc_w.l(llshl.o)
    0x000003f6   0x000003f6   0x00000000   Code   RO         4933    .text               mc_w.l(iusefp.o)
    0x000003f6   0x000003f6   0x00000002   Code   RO         4953    i.__scatterload_null  mc_w.l(handlers.o)
    0x000003f8   0x000003f8   0x00000008   Code   RO          419    i.led_task          led.o
    0x00000400   0x00000400   0x00000020   Data   RO         2402    .ARM.__AT_0x00000400  hc32_ll_icg.o
    0x00000420   0x00000420   0x000000de   Code   RO         4904    .text               mf_w.l(ddiv.o)
    0x000004fe   0x000004fe   0x00000038   Code   RO         4910    .text               mf_w.l(d2f.o)
    0x00000536   0x00000536   0x0000002c   Code   RO         4927    .text               mc_w.l(uidiv.o)
    0x00000562   0x00000562   0x00000020   Code   RO         4931    .text               mc_w.l(llushr.o)
    0x00000582   0x00000582   0x0000006e   Code   RO         4934    .text               mf_w.l(fepilogue.o)
    0x000005f0   0x000005f0   0x000000ba   Code   RO         4936    .text               mf_w.l(depilogue.o)
    0x000006aa   0x000006aa   0x00000002   PAD
    0x000006ac   0x000006ac   0x00000024   Code   RO         4946    .text               mc_w.l(init.o)
    0x000006d0   0x000006d0   0x000000d0   Code   RO         1054    i.ADC_ChCmd         hc32_ll_adc.o
    0x000007a0   0x000007a0   0x0000008c   Code   RO         1056    i.ADC_ClearStatus   hc32_ll_adc.o
    0x0000082c   0x0000082c   0x000000d8   Code   RO         1066    i.ADC_Init          hc32_ll_adc.o
    0x00000904   0x00000904   0x000000b4   Code   RO         1067    i.ADC_IntCmd        hc32_ll_adc.o
    0x000009b8   0x000009b8   0x0000009c   Code   RO         1074    i.ADC_SetSampleTime  hc32_ll_adc.o
    0x00000a54   0x00000a54   0x00000078   Code   RO         1076    i.ADC_Start         hc32_ll_adc.o
    0x00000acc   0x00000acc   0x00000014   Code   RO         1078    i.ADC_StructInit    hc32_ll_adc.o
    0x00000ae0   0x00000ae0   0x00000074   Code   RO         1298    i.AOS_SetTriggerEventSrc  hc32_ll_aos.o
    0x00000b54   0x00000b54   0x00000018   Code   RO          846    i.AdcConfig         app_adc.o
    0x00000b6c   0x00000b6c   0x0000005c   Code   RO          847    i.AdcInitConfig     app_adc.o
    0x00000bc8   0x00000bc8   0x00000020   Code   RO          848    i.AdcSetPinAnalogMode  app_adc.o
    0x00000be8   0x00000be8   0x00000028   Code   RO         4528    i.BSP_KEY_KEY10_IrqHandler  ev_hc32f460_lqfp100_v2.o
    0x00000c10   0x00000c10   0x00000016   Code   RO         1329    i.CLK_GetClockFreq  hc32_ll_clk.o
    0x00000c26   0x00000c26   0x00000002   PAD
    0x00000c28   0x00000c28   0x00000070   Code   RO         1331    i.CLK_GetStableStatus  hc32_ll_clk.o
    0x00000c98   0x00000c98   0x000000d4   Code   RO         1333    i.CLK_HrcCmd        hc32_ll_clk.o
    0x00000d6c   0x00000d6c   0x000000ac   Code   RO         1335    i.CLK_LrcCmd        hc32_ll_clk.o
    0x00000e18   0x00000e18   0x000000d8   Code   RO         1341    i.CLK_PLLCmd        hc32_ll_clk.o
    0x00000ef0   0x00000ef0   0x000002b4   Code   RO         1342    i.CLK_PLLInit       hc32_ll_clk.o
    0x000011a4   0x000011a4   0x00000052   Code   RO         1343    i.CLK_PLLStructInit  hc32_ll_clk.o
    0x000011f6   0x000011f6   0x00000014   Code   RO         1347    i.CLK_SetClockDiv   hc32_ll_clk.o
    0x0000120a   0x0000120a   0x00000010   Code   RO         1351    i.CLK_SetSysClockSrc  hc32_ll_clk.o
    0x0000121a   0x0000121a   0x00000030   Code   RO         1356    i.CLK_WaitStable    hc32_ll_clk.o
    0x0000124a   0x0000124a   0x00000002   PAD
    0x0000124c   0x0000124c   0x000000d4   Code   RO         1360    i.CLK_XtalCmd       hc32_ll_clk.o
    0x00001320   0x00001320   0x00000154   Code   RO         1361    i.CLK_XtalInit      hc32_ll_clk.o
    0x00001474   0x00001474   0x0000001e   Code   RO         1364    i.CLK_XtalStructInit  hc32_ll_clk.o
    0x00001492   0x00001492   0x00000002   PAD
    0x00001494   0x00001494   0x00000224   Code   RO         3899    i.ClockSync_CalculateBrr  hc32_ll_usart.o
    0x000016b8   0x000016b8   0x00000044   Code   RO         4194    i.DDL_AssertHandler  hc32_ll_utility.o
    0x000016fc   0x000016fc   0x0000004c   Code   RO         4195    i.DDL_ConsoleOutputChar  hc32_ll_utility.o
    0x00001748   0x00001748   0x00000040   Code   RO         4197    i.DDL_DelayUS       hc32_ll_utility.o
    0x00001788   0x00001788   0x00000210   Code   RO         1592    i.DMA_ChCmd         hc32_ll_dma.o
    0x00001998   0x00001998   0x00000088   Code   RO         1594    i.DMA_ClearTransCompleteStatus  hc32_ll_dma.o
    0x00001a20   0x00001a20   0x0000007c   Code   RO         1595    i.DMA_Cmd           hc32_ll_dma.o
    0x00001a9c   0x00001a9c   0x000001c0   Code   RO          469    i.DMA_Config        uart4_app.o
    0x00001c5c   0x00001c5c   0x00000090   Code   RO         1610    i.DMA_GetTransCount  hc32_ll_dma.o
    0x00001cec   0x00001cec   0x000001c4   Code   RO         1612    i.DMA_Init          hc32_ll_dma.o
    0x00001eb0   0x00001eb0   0x00000014   Code   RO          849    i.DMA_IrqCallback   app_adc.o
    0x00001ec4   0x00001ec4   0x0000010c   Code   RO         1614    i.DMA_LlpInit       hc32_ll_dma.o
    0x00001fd0   0x00001fd0   0x00000014   Code   RO         1615    i.DMA_LlpStructInit  hc32_ll_dma.o
    0x00001fe4   0x00001fe4   0x00000094   Code   RO         1619    i.DMA_ReconfigCmd   hc32_ll_dma.o
    0x00002078   0x00002078   0x000000ac   Code   RO         1621    i.DMA_ReconfigLlpCmd  hc32_ll_dma.o
    0x00002124   0x00002124   0x00000114   Code   RO         1625    i.DMA_RepeatInit    hc32_ll_dma.o
    0x00002238   0x00002238   0x000000bc   Code   RO         1630    i.DMA_SetDestAddr   hc32_ll_dma.o
    0x000022f4   0x000022f4   0x000000bc   Code   RO         1637    i.DMA_SetSrcAddr    hc32_ll_dma.o
    0x000023b0   0x000023b0   0x000000c8   Code   RO         1639    i.DMA_SetTransCount  hc32_ll_dma.o
    0x00002478   0x00002478   0x00000022   Code   RO         1640    i.DMA_StructInit    hc32_ll_dma.o
    0x0000249a   0x0000249a   0x00000002   PAD
    0x0000249c   0x0000249c   0x000000ac   Code   RO         1641    i.DMA_TransCompleteIntCmd  hc32_ll_dma.o
    0x00002548   0x00002548   0x00000050   Code   RO          367    i.DelayUs_Init      sys.o
    0x00002598   0x00002598   0x00000098   Code   RO          850    i.DmaIrqConfig      app_adc.o
    0x00002630   0x00002630   0x000000c8   Code   RO         1939    i.EFM_SetWaitCycle  hc32_ll_efm.o
    0x000026f8   0x000026f8   0x00000034   Code   RO         2423    i.EXTINT_ClearExtIntStatus  hc32_ll_interrupts.o
    0x0000272c   0x0000272c   0x000000ac   Code   RO         2136    i.FCG_Fcg0PeriphClockCmd  hc32_ll_fcg.o
    0x000027d8   0x000027d8   0x00000094   Code   RO         2137    i.FCG_Fcg1PeriphClockCmd  hc32_ll_fcg.o
    0x0000286c   0x0000286c   0x00000094   Code   RO         2138    i.FCG_Fcg2PeriphClockCmd  hc32_ll_fcg.o
    0x00002900   0x00002900   0x00000094   Code   RO         2139    i.FCG_Fcg3PeriphClockCmd  hc32_ll_fcg.o
    0x00002994   0x00002994   0x000000e4   Code   RO         2262    i.GPIO_AnalogCmd    hc32_ll_gpio.o
    0x00002a78   0x00002a78   0x00000210   Code   RO         2265    i.GPIO_Init         hc32_ll_gpio.o
    0x00002c88   0x00002c88   0x00000098   Code   RO         2268    i.GPIO_ReadInputPins  hc32_ll_gpio.o
    0x00002d20   0x00002d20   0x00000094   Code   RO         2272    i.GPIO_ResetPins    hc32_ll_gpio.o
    0x00002db4   0x00002db4   0x000000bc   Code   RO         2273    i.GPIO_SetDebugPort  hc32_ll_gpio.o
    0x00002e70   0x00002e70   0x000000fc   Code   RO         2274    i.GPIO_SetFunc      hc32_ll_gpio.o
    0x00002f6c   0x00002f6c   0x00000094   Code   RO         2275    i.GPIO_SetPins      hc32_ll_gpio.o
    0x00003000   0x00003000   0x00000020   Code   RO         2278    i.GPIO_StructInit   hc32_ll_gpio.o
    0x00003020   0x00003020   0x00000094   Code   RO         2280    i.GPIO_TogglePins   hc32_ll_gpio.o
    0x000030b4   0x000030b4   0x00000108   Code   RO         1365    i.GetClockFreq      hc32_ll_clk.o
    0x000031bc   0x000031bc   0x000000b4   Code   RO         2429    i.INTC_IrqSignIn    hc32_ll_interrupts.o
    0x00003270   0x00003270   0x00000014   Code   RO         2434    i.IRQ000_Handler    hc32_ll_interrupts.o
    0x00003284   0x00003284   0x00000014   Code   RO         2435    i.IRQ001_Handler    hc32_ll_interrupts.o
    0x00003298   0x00003298   0x00000014   Code   RO         2436    i.IRQ002_Handler    hc32_ll_interrupts.o
    0x000032ac   0x000032ac   0x00000014   Code   RO         2437    i.IRQ003_Handler    hc32_ll_interrupts.o
    0x000032c0   0x000032c0   0x00000014   Code   RO         2438    i.IRQ004_Handler    hc32_ll_interrupts.o
    0x000032d4   0x000032d4   0x00000014   Code   RO         2439    i.IRQ005_Handler    hc32_ll_interrupts.o
    0x000032e8   0x000032e8   0x00000014   Code   RO         2440    i.IRQ006_Handler    hc32_ll_interrupts.o
    0x000032fc   0x000032fc   0x00000014   Code   RO         2441    i.IRQ007_Handler    hc32_ll_interrupts.o
    0x00003310   0x00003310   0x00000014   Code   RO         2442    i.IRQ008_Handler    hc32_ll_interrupts.o
    0x00003324   0x00003324   0x00000014   Code   RO         2443    i.IRQ009_Handler    hc32_ll_interrupts.o
    0x00003338   0x00003338   0x00000014   Code   RO         2444    i.IRQ010_Handler    hc32_ll_interrupts.o
    0x0000334c   0x0000334c   0x00000014   Code   RO         2445    i.IRQ011_Handler    hc32_ll_interrupts.o
    0x00003360   0x00003360   0x00000014   Code   RO         2446    i.IRQ012_Handler    hc32_ll_interrupts.o
    0x00003374   0x00003374   0x00000014   Code   RO         2447    i.IRQ013_Handler    hc32_ll_interrupts.o
    0x00003388   0x00003388   0x00000014   Code   RO         2448    i.IRQ014_Handler    hc32_ll_interrupts.o
    0x0000339c   0x0000339c   0x00000014   Code   RO         2449    i.IRQ015_Handler    hc32_ll_interrupts.o
    0x000033b0   0x000033b0   0x00000014   Code   RO         2450    i.IRQ016_Handler    hc32_ll_interrupts.o
    0x000033c4   0x000033c4   0x00000014   Code   RO         2451    i.IRQ017_Handler    hc32_ll_interrupts.o
    0x000033d8   0x000033d8   0x00000014   Code   RO         2452    i.IRQ018_Handler    hc32_ll_interrupts.o
    0x000033ec   0x000033ec   0x00000014   Code   RO         2453    i.IRQ019_Handler    hc32_ll_interrupts.o
    0x00003400   0x00003400   0x00000014   Code   RO         2454    i.IRQ020_Handler    hc32_ll_interrupts.o
    0x00003414   0x00003414   0x00000014   Code   RO         2455    i.IRQ021_Handler    hc32_ll_interrupts.o
    0x00003428   0x00003428   0x00000014   Code   RO         2456    i.IRQ022_Handler    hc32_ll_interrupts.o
    0x0000343c   0x0000343c   0x00000014   Code   RO         2457    i.IRQ023_Handler    hc32_ll_interrupts.o
    0x00003450   0x00003450   0x00000014   Code   RO         2458    i.IRQ024_Handler    hc32_ll_interrupts.o
    0x00003464   0x00003464   0x00000014   Code   RO         2459    i.IRQ025_Handler    hc32_ll_interrupts.o
    0x00003478   0x00003478   0x00000014   Code   RO         2460    i.IRQ026_Handler    hc32_ll_interrupts.o
    0x0000348c   0x0000348c   0x00000014   Code   RO         2461    i.IRQ027_Handler    hc32_ll_interrupts.o
    0x000034a0   0x000034a0   0x00000014   Code   RO         2462    i.IRQ028_Handler    hc32_ll_interrupts.o
    0x000034b4   0x000034b4   0x00000014   Code   RO         2463    i.IRQ029_Handler    hc32_ll_interrupts.o
    0x000034c8   0x000034c8   0x00000014   Code   RO         2464    i.IRQ030_Handler    hc32_ll_interrupts.o
    0x000034dc   0x000034dc   0x00000014   Code   RO         2465    i.IRQ031_Handler    hc32_ll_interrupts.o
    0x000034f0   0x000034f0   0x00000014   Code   RO         2466    i.IRQ032_Handler    hc32_ll_interrupts.o
    0x00003504   0x00003504   0x00000014   Code   RO         2467    i.IRQ033_Handler    hc32_ll_interrupts.o
    0x00003518   0x00003518   0x00000014   Code   RO         2468    i.IRQ034_Handler    hc32_ll_interrupts.o
    0x0000352c   0x0000352c   0x00000014   Code   RO         2469    i.IRQ035_Handler    hc32_ll_interrupts.o
    0x00003540   0x00003540   0x00000014   Code   RO         2470    i.IRQ036_Handler    hc32_ll_interrupts.o
    0x00003554   0x00003554   0x00000014   Code   RO         2471    i.IRQ037_Handler    hc32_ll_interrupts.o
    0x00003568   0x00003568   0x00000014   Code   RO         2472    i.IRQ038_Handler    hc32_ll_interrupts.o
    0x0000357c   0x0000357c   0x00000014   Code   RO         2473    i.IRQ039_Handler    hc32_ll_interrupts.o
    0x00003590   0x00003590   0x00000014   Code   RO         2474    i.IRQ040_Handler    hc32_ll_interrupts.o
    0x000035a4   0x000035a4   0x00000014   Code   RO         2475    i.IRQ041_Handler    hc32_ll_interrupts.o
    0x000035b8   0x000035b8   0x00000014   Code   RO         2476    i.IRQ042_Handler    hc32_ll_interrupts.o
    0x000035cc   0x000035cc   0x00000014   Code   RO         2477    i.IRQ043_Handler    hc32_ll_interrupts.o
    0x000035e0   0x000035e0   0x00000014   Code   RO         2478    i.IRQ044_Handler    hc32_ll_interrupts.o
    0x000035f4   0x000035f4   0x00000014   Code   RO         2479    i.IRQ045_Handler    hc32_ll_interrupts.o
    0x00003608   0x00003608   0x00000014   Code   RO         2480    i.IRQ046_Handler    hc32_ll_interrupts.o
    0x0000361c   0x0000361c   0x00000014   Code   RO         2481    i.IRQ047_Handler    hc32_ll_interrupts.o
    0x00003630   0x00003630   0x00000014   Code   RO         2482    i.IRQ048_Handler    hc32_ll_interrupts.o
    0x00003644   0x00003644   0x00000014   Code   RO         2483    i.IRQ049_Handler    hc32_ll_interrupts.o
    0x00003658   0x00003658   0x00000014   Code   RO         2484    i.IRQ050_Handler    hc32_ll_interrupts.o
    0x0000366c   0x0000366c   0x00000014   Code   RO         2485    i.IRQ051_Handler    hc32_ll_interrupts.o
    0x00003680   0x00003680   0x00000014   Code   RO         2486    i.IRQ052_Handler    hc32_ll_interrupts.o
    0x00003694   0x00003694   0x00000014   Code   RO         2487    i.IRQ053_Handler    hc32_ll_interrupts.o
    0x000036a8   0x000036a8   0x00000014   Code   RO         2488    i.IRQ054_Handler    hc32_ll_interrupts.o
    0x000036bc   0x000036bc   0x00000014   Code   RO         2489    i.IRQ055_Handler    hc32_ll_interrupts.o
    0x000036d0   0x000036d0   0x00000014   Code   RO         2490    i.IRQ056_Handler    hc32_ll_interrupts.o
    0x000036e4   0x000036e4   0x00000014   Code   RO         2491    i.IRQ057_Handler    hc32_ll_interrupts.o
    0x000036f8   0x000036f8   0x00000014   Code   RO         2492    i.IRQ058_Handler    hc32_ll_interrupts.o
    0x0000370c   0x0000370c   0x00000014   Code   RO         2493    i.IRQ059_Handler    hc32_ll_interrupts.o
    0x00003720   0x00003720   0x00000014   Code   RO         2494    i.IRQ060_Handler    hc32_ll_interrupts.o
    0x00003734   0x00003734   0x00000014   Code   RO         2495    i.IRQ061_Handler    hc32_ll_interrupts.o
    0x00003748   0x00003748   0x00000014   Code   RO         2496    i.IRQ062_Handler    hc32_ll_interrupts.o
    0x0000375c   0x0000375c   0x00000014   Code   RO         2497    i.IRQ063_Handler    hc32_ll_interrupts.o
    0x00003770   0x00003770   0x00000014   Code   RO         2498    i.IRQ064_Handler    hc32_ll_interrupts.o
    0x00003784   0x00003784   0x00000014   Code   RO         2499    i.IRQ065_Handler    hc32_ll_interrupts.o
    0x00003798   0x00003798   0x00000014   Code   RO         2500    i.IRQ066_Handler    hc32_ll_interrupts.o
    0x000037ac   0x000037ac   0x00000014   Code   RO         2501    i.IRQ067_Handler    hc32_ll_interrupts.o
    0x000037c0   0x000037c0   0x00000014   Code   RO         2502    i.IRQ068_Handler    hc32_ll_interrupts.o
    0x000037d4   0x000037d4   0x00000014   Code   RO         2503    i.IRQ069_Handler    hc32_ll_interrupts.o
    0x000037e8   0x000037e8   0x00000014   Code   RO         2504    i.IRQ070_Handler    hc32_ll_interrupts.o
    0x000037fc   0x000037fc   0x00000014   Code   RO         2505    i.IRQ071_Handler    hc32_ll_interrupts.o
    0x00003810   0x00003810   0x00000014   Code   RO         2506    i.IRQ072_Handler    hc32_ll_interrupts.o
    0x00003824   0x00003824   0x00000014   Code   RO         2507    i.IRQ073_Handler    hc32_ll_interrupts.o
    0x00003838   0x00003838   0x00000014   Code   RO         2508    i.IRQ074_Handler    hc32_ll_interrupts.o
    0x0000384c   0x0000384c   0x00000014   Code   RO         2509    i.IRQ075_Handler    hc32_ll_interrupts.o
    0x00003860   0x00003860   0x00000014   Code   RO         2510    i.IRQ076_Handler    hc32_ll_interrupts.o
    0x00003874   0x00003874   0x00000014   Code   RO         2511    i.IRQ077_Handler    hc32_ll_interrupts.o
    0x00003888   0x00003888   0x00000014   Code   RO         2512    i.IRQ078_Handler    hc32_ll_interrupts.o
    0x0000389c   0x0000389c   0x00000014   Code   RO         2513    i.IRQ079_Handler    hc32_ll_interrupts.o
    0x000038b0   0x000038b0   0x00000014   Code   RO         2514    i.IRQ080_Handler    hc32_ll_interrupts.o
    0x000038c4   0x000038c4   0x00000014   Code   RO         2515    i.IRQ081_Handler    hc32_ll_interrupts.o
    0x000038d8   0x000038d8   0x00000014   Code   RO         2516    i.IRQ082_Handler    hc32_ll_interrupts.o
    0x000038ec   0x000038ec   0x00000014   Code   RO         2517    i.IRQ083_Handler    hc32_ll_interrupts.o
    0x00003900   0x00003900   0x00000014   Code   RO         2518    i.IRQ084_Handler    hc32_ll_interrupts.o
    0x00003914   0x00003914   0x00000014   Code   RO         2519    i.IRQ085_Handler    hc32_ll_interrupts.o
    0x00003928   0x00003928   0x00000014   Code   RO         2520    i.IRQ086_Handler    hc32_ll_interrupts.o
    0x0000393c   0x0000393c   0x00000014   Code   RO         2521    i.IRQ087_Handler    hc32_ll_interrupts.o
    0x00003950   0x00003950   0x00000014   Code   RO         2522    i.IRQ088_Handler    hc32_ll_interrupts.o
    0x00003964   0x00003964   0x00000014   Code   RO         2523    i.IRQ089_Handler    hc32_ll_interrupts.o
    0x00003978   0x00003978   0x00000014   Code   RO         2524    i.IRQ090_Handler    hc32_ll_interrupts.o
    0x0000398c   0x0000398c   0x00000014   Code   RO         2525    i.IRQ091_Handler    hc32_ll_interrupts.o
    0x000039a0   0x000039a0   0x00000014   Code   RO         2526    i.IRQ092_Handler    hc32_ll_interrupts.o
    0x000039b4   0x000039b4   0x00000014   Code   RO         2527    i.IRQ093_Handler    hc32_ll_interrupts.o
    0x000039c8   0x000039c8   0x00000014   Code   RO         2528    i.IRQ094_Handler    hc32_ll_interrupts.o
    0x000039dc   0x000039dc   0x00000014   Code   RO         2529    i.IRQ095_Handler    hc32_ll_interrupts.o
    0x000039f0   0x000039f0   0x00000014   Code   RO         2530    i.IRQ096_Handler    hc32_ll_interrupts.o
    0x00003a04   0x00003a04   0x00000014   Code   RO         2531    i.IRQ097_Handler    hc32_ll_interrupts.o
    0x00003a18   0x00003a18   0x00000014   Code   RO         2532    i.IRQ098_Handler    hc32_ll_interrupts.o
    0x00003a2c   0x00003a2c   0x00000014   Code   RO         2533    i.IRQ099_Handler    hc32_ll_interrupts.o
    0x00003a40   0x00003a40   0x00000014   Code   RO         2534    i.IRQ100_Handler    hc32_ll_interrupts.o
    0x00003a54   0x00003a54   0x00000014   Code   RO         2535    i.IRQ101_Handler    hc32_ll_interrupts.o
    0x00003a68   0x00003a68   0x00000014   Code   RO         2536    i.IRQ102_Handler    hc32_ll_interrupts.o
    0x00003a7c   0x00003a7c   0x00000014   Code   RO         2537    i.IRQ103_Handler    hc32_ll_interrupts.o
    0x00003a90   0x00003a90   0x00000014   Code   RO         2538    i.IRQ104_Handler    hc32_ll_interrupts.o
    0x00003aa4   0x00003aa4   0x00000014   Code   RO         2539    i.IRQ105_Handler    hc32_ll_interrupts.o
    0x00003ab8   0x00003ab8   0x00000014   Code   RO         2540    i.IRQ106_Handler    hc32_ll_interrupts.o
    0x00003acc   0x00003acc   0x00000014   Code   RO         2541    i.IRQ107_Handler    hc32_ll_interrupts.o
    0x00003ae0   0x00003ae0   0x00000014   Code   RO         2542    i.IRQ108_Handler    hc32_ll_interrupts.o
    0x00003af4   0x00003af4   0x00000014   Code   RO         2543    i.IRQ109_Handler    hc32_ll_interrupts.o
    0x00003b08   0x00003b08   0x00000014   Code   RO         2544    i.IRQ110_Handler    hc32_ll_interrupts.o
    0x00003b1c   0x00003b1c   0x00000014   Code   RO         2545    i.IRQ111_Handler    hc32_ll_interrupts.o
    0x00003b30   0x00003b30   0x00000014   Code   RO         2546    i.IRQ112_Handler    hc32_ll_interrupts.o
    0x00003b44   0x00003b44   0x00000014   Code   RO         2547    i.IRQ113_Handler    hc32_ll_interrupts.o
    0x00003b58   0x00003b58   0x00000014   Code   RO         2548    i.IRQ114_Handler    hc32_ll_interrupts.o
    0x00003b6c   0x00003b6c   0x00000014   Code   RO         2549    i.IRQ115_Handler    hc32_ll_interrupts.o
    0x00003b80   0x00003b80   0x00000014   Code   RO         2550    i.IRQ116_Handler    hc32_ll_interrupts.o
    0x00003b94   0x00003b94   0x00000014   Code   RO         2551    i.IRQ117_Handler    hc32_ll_interrupts.o
    0x00003ba8   0x00003ba8   0x00000014   Code   RO         2552    i.IRQ118_Handler    hc32_ll_interrupts.o
    0x00003bbc   0x00003bbc   0x00000014   Code   RO         2553    i.IRQ119_Handler    hc32_ll_interrupts.o
    0x00003bd0   0x00003bd0   0x00000014   Code   RO         2554    i.IRQ120_Handler    hc32_ll_interrupts.o
    0x00003be4   0x00003be4   0x00000014   Code   RO         2555    i.IRQ121_Handler    hc32_ll_interrupts.o
    0x00003bf8   0x00003bf8   0x00000014   Code   RO         2556    i.IRQ122_Handler    hc32_ll_interrupts.o
    0x00003c0c   0x00003c0c   0x00000014   Code   RO         2557    i.IRQ123_Handler    hc32_ll_interrupts.o
    0x00003c20   0x00003c20   0x00000014   Code   RO         2558    i.IRQ124_Handler    hc32_ll_interrupts.o
    0x00003c34   0x00003c34   0x00000014   Code   RO         2559    i.IRQ125_Handler    hc32_ll_interrupts.o
    0x00003c48   0x00003c48   0x00000014   Code   RO         2560    i.IRQ126_Handler    hc32_ll_interrupts.o
    0x00003c5c   0x00003c5c   0x00000014   Code   RO         2561    i.IRQ127_Handler    hc32_ll_interrupts.o
    0x00003c70   0x00003c70   0x00000038   Code   RO          262    i.LED_Init          app_gpio.o
    0x00003ca8   0x00003ca8   0x00000090   Code   RO          988    i.LL_PERIPH_WE      hc32_ll.o
    0x00003d38   0x00003d38   0x00000088   Code   RO          989    i.LL_PERIPH_WP      hc32_ll.o
    0x00003dc0   0x00003dc0   0x00000058   Code   RO          331    i.MPLLInit          clock_app.o
    0x00003e18   0x00003e18   0x00000084   Code   RO         3355    i.PWC_HighSpeedToHighPerformance  hc32_ll_pwc.o
    0x00003e9c   0x00003e9c   0x0000001c   Code   RO          990    i.PWC_REG_Lock      hc32_ll.o
    0x00003eb8   0x00003eb8   0x00000018   Code   RO          991    i.PWC_REG_Unlock    hc32_ll.o
    0x00003ed0   0x00003ed0   0x00000034   Code   RO          470    i.RX_DMA_TC_IrqCallback  uart4_app.o
    0x00003f04   0x00003f04   0x00000034   Code   RO          598    i.RX_DMA_TC_IrqCallback  uart2_app.o
    0x00003f38   0x00003f38   0x000000f8   Code   RO         3713    i.SRAM_SetWaitCycle  hc32_ll_sram.o
    0x00004030   0x00004030   0x0000033c   Code   RO         1367    i.SetSysClockDiv    hc32_ll_clk.o
    0x0000436c   0x0000436c   0x00000114   Code   RO         1368    i.SetSysClockSrc    hc32_ll_clk.o
    0x00004480   0x00004480   0x00000290   Code   RO         3900    i.SmartCard_CalculateBrr  hc32_ll_usart.o
    0x00004710   0x00004710   0x0000000c   Code   RO         4200    i.SysTick_GetTick   hc32_ll_utility.o
    0x0000471c   0x0000471c   0x0000000c   Code   RO           84    i.SysTick_Handler   main.o
    0x00004728   0x00004728   0x00000018   Code   RO         4201    i.SysTick_IncTick   hc32_ll_utility.o
    0x00004740   0x00004740   0x00000090   Code   RO         4202    i.SysTick_Init      hc32_ll_utility.o
    0x000047d0   0x000047d0   0x000000cc   Code   RO           13    i.SystemCoreClockUpdate  system_hc32f460.o
    0x0000489c   0x0000489c   0x00000020   Code   RO           14    i.SystemInit        system_hc32f460.o
    0x000048bc   0x000048bc   0x00000088   Code   RO          471    i.TMR0_Config       uart4_app.o
    0x00004944   0x00004944   0x000000b8   Code   RO         3773    i.TMR0_HWClearCondCmd  hc32_ll_tmr0.o
    0x000049fc   0x000049fc   0x000000b8   Code   RO         3774    i.TMR0_HWStartCondCmd  hc32_ll_tmr0.o
    0x00004ab4   0x00004ab4   0x00000160   Code   RO         3776    i.TMR0_Init         hc32_ll_tmr0.o
    0x00004c14   0x00004c14   0x000000fc   Code   RO         4292    i.TMRA_DeInit       hc32_ll_tmra.o
    0x00004d10   0x00004d10   0x00000090   Code   RO         4297    i.TMRA_GetCountValue  hc32_ll_tmra.o
    0x00004da0   0x00004da0   0x000001b0   Code   RO         4306    i.TMRA_Init         hc32_ll_tmra.o
    0x00004f50   0x00004f50   0x00000094   Code   RO         4318    i.TMRA_SetCountValue  hc32_ll_tmra.o
    0x00004fe4   0x00004fe4   0x00000094   Code   RO         4321    i.TMRA_SetPeriodValue  hc32_ll_tmra.o
    0x00005078   0x00005078   0x0000009c   Code   RO         4322    i.TMRA_Start        hc32_ll_tmra.o
    0x00005114   0x00005114   0x00000024   Code   RO         4324    i.TMRA_StructInit   hc32_ll_tmra.o
    0x00005138   0x00005138   0x00000020   Code   RO          472    i.TX_DMA_TC_IrqCallback  uart4_app.o
    0x00005158   0x00005158   0x00000020   Code   RO          599    i.TX_DMA_TC_IrqCallback  uart2_app.o
    0x00005178   0x00005178   0x00000298   Code   RO         3901    i.UART_CalculateBrr  hc32_ll_usart.o
    0x00005410   0x00005410   0x000000c0   Code   RO         3902    i.USART_ClearStatus  hc32_ll_usart.o
    0x000054d0   0x000054d0   0x000000cc   Code   RO         3910    i.USART_FuncCmd     hc32_ll_usart.o
    0x0000559c   0x0000559c   0x0000001c   Code   RO         3911    i.USART_GetBusClockFreq  hc32_ll_usart.o
    0x000055b8   0x000055b8   0x000000ac   Code   RO         3918    i.USART_GetStatus   hc32_ll_usart.o
    0x00005664   0x00005664   0x0000009c   Code   RO         3920    i.USART_GetUsartClockFreq  hc32_ll_usart.o
    0x00005700   0x00005700   0x00000080   Code   RO         3923    i.USART_ReadData    hc32_ll_usart.o
    0x00005780   0x00005780   0x00000018   Code   RO          473    i.USART_RxError_IrqCallback  uart4_app.o
    0x00005798   0x00005798   0x00000018   Code   RO          600    i.USART_RxError_IrqCallback  uart2_app.o
    0x000057b0   0x000057b0   0x00000058   Code   RO          474    i.USART_RxTimeout_IrqCallback  uart4_app.o
    0x00005808   0x00005808   0x00000048   Code   RO          601    i.USART_RxTimeout_IrqCallback  uart2_app.o
    0x00005850   0x00005850   0x0000013c   Code   RO         3924    i.USART_SetBaudrate  hc32_ll_usart.o
    0x0000598c   0x0000598c   0x00000040   Code   RO          475    i.USART_StopTimeoutTimer  uart4_app.o
    0x000059cc   0x000059cc   0x00000040   Code   RO          602    i.USART_StopTimeoutTimer  uart2_app.o
    0x00005a0c   0x00005a0c   0x00000014   Code   RO          476    i.USART_TxComplete_IrqCallback  uart4_app.o
    0x00005a20   0x00005a20   0x00000014   Code   RO          603    i.USART_TxComplete_IrqCallback  uart2_app.o
    0x00005a34   0x00005a34   0x00000204   Code   RO         3939    i.USART_UART_Init   hc32_ll_usart.o
    0x00005c38   0x00005c38   0x0000002e   Code   RO         3941    i.USART_UART_StructInit  hc32_ll_usart.o
    0x00005c66   0x00005c66   0x00000002   PAD
    0x00005c68   0x00005c68   0x00000098   Code   RO         3944    i.USART_WriteData   hc32_ll_usart.o
    0x00005d00   0x00005d00   0x00000038   Code   RO          604    i.Uart2_SendByte    uart2_app.o
    0x00005d38   0x00005d38   0x00000030   Code   RO          332    i.XtalInit          clock_app.o
    0x00005d68   0x00005d68   0x00000020   Code   RO         4732    i.__0printf$3       mc_w.l(printf3.o)
    0x00005d88   0x00005d88   0x00000028   Code   RO         4734    i.__0sprintf$3      mc_w.l(printf3.o)
    0x00005db0   0x00005db0   0x0000001c   Code   RO          479    i.__NVIC_ClearPendingIRQ  uart4_app.o
    0x00005dcc   0x00005dcc   0x0000001c   Code   RO          605    i.__NVIC_ClearPendingIRQ  uart2_app.o
    0x00005de8   0x00005de8   0x00000022   Code   RO          480    i.__NVIC_EnableIRQ  uart4_app.o
    0x00005e0a   0x00005e0a   0x00000022   Code   RO          606    i.__NVIC_EnableIRQ  uart2_app.o
    0x00005e2c   0x00005e2c   0x00000028   Code   RO          481    i.__NVIC_SetPriority  uart4_app.o
    0x00005e54   0x00005e54   0x00000028   Code   RO          607    i.__NVIC_SetPriority  uart2_app.o
    0x00005e7c   0x00005e7c   0x0000000e   Code   RO         4952    i.__scatterload_copy  mc_w.l(handlers.o)
    0x00005e8a   0x00005e8a   0x0000000e   Code   RO         4954    i.__scatterload_zeroinit  mc_w.l(handlers.o)
    0x00005e98   0x00005e98   0x000001b8   Code   RO         4739    i._printf_core      mc_w.l(printf3.o)
    0x00006050   0x00006050   0x0000000a   Code   RO         4741    i._sputc            mc_w.l(printf3.o)
    0x0000605a   0x0000605a   0x00000002   PAD
    0x0000605c   0x0000605c   0x00000090   Code   RO          851    i.adcDmaConfig      app_adc.o
    0x000060ec   0x000060ec   0x00000040   Code   RO          912    i.adc_data_handler_with_idx  app.o
    0x0000612c   0x0000612c   0x0000001c   Code   RO          414    i.all_led_off       led.o
    0x00006148   0x00006148   0x0000002c   Code   RO          726    i.bl_at_mac         bl.o
    0x00006174   0x00006174   0x00000044   Code   RO          727    i.bl_link_status_check  bl.o
    0x000061b8   0x000061b8   0x00000028   Code   RO          728    i.bl_task           bl.o
    0x000061e0   0x000061e0   0x00000030   Code   RO          729    i.ble_task          bl.o
    0x00006210   0x00006210   0x0000002c   Code   RO          415    i.blink_blue        led.o
    0x0000623c   0x0000623c   0x00000020   Code   RO          812    i.com_task          comm.o
    0x0000625c   0x0000625c   0x00000030   Code   RO          371    i.delay_us          sys.o
    0x0000628c   0x0000628c   0x00000014   Code   RO          608    i.enable_uart2      uart2_app.o
    0x000062a0   0x000062a0   0x00000014   Code   RO          482    i.enable_uart4      uart4_app.o
    0x000062b4   0x000062b4   0x00000064   Code   RO          913    i.fill_tx_data      app.o
    0x00006318   0x00006318   0x00000018   Code   RO         4205    i.fputc             hc32_ll_utility.o
    0x00006330   0x00006330   0x00000018   Code   RO          730    i.get_bl_mac        bl.o
    0x00006348   0x00006348   0x000000a0   Code   RO          263    i.gpio_init         app_gpio.o
    0x000063e8   0x000063e8   0x00000060   Code   RO          333    i.init_clock        clock_app.o
    0x00006448   0x00006448   0x00000010   Code   RO          416    i.led_blue_on       led.o
    0x00006458   0x00006458   0x00000018   Code   RO          417    i.led_ctl           led.o
    0x00006470   0x00006470   0x00000010   Code   RO          418    i.led_red_on        led.o
    0x00006480   0x00006480   0x00000024   Code   RO          264    i.led_test          app_gpio.o
    0x000064a4   0x000064a4   0x00000094   Code   RO           85    i.main              main.o
    0x00006538   0x00006538   0x00000088   Code   RO          914    i.main_task_adc_first  app.o
    0x000065c0   0x000065c0   0x00000108   Code   RO          962    i.press256          algorithm.o
    0x000066c8   0x000066c8   0x0000004c   Code   RO          609    i.re_config_u2_rx_dma  uart2_app.o
    0x00006714   0x00006714   0x0000004c   Code   RO          483    i.re_config_u4_rx_dma  uart4_app.o
    0x00006760   0x00006760   0x00000040   Code   RO          731    i.recv_handler_bl   bl.o
    0x000067a0   0x000067a0   0x00000060   Code   RO          813    i.self_cmd_handler  comm.o
    0x00006800   0x00006800   0x0000007a   Code   RO          307    i.set_adc_ch        sw4067.o
    0x0000687a   0x0000687a   0x00000002   PAD
    0x0000687c   0x0000687c   0x00000038   Code   RO          265    i.set_output        app_gpio.o
    0x000068b4   0x000068b4   0x000001c0   Code   RO          610    i.u2_DMA_Config     uart2_app.o
    0x00006a74   0x00006a74   0x00000088   Code   RO          611    i.u2_TMR0_Config    uart2_app.o
    0x00006afc   0x00006afc   0x00000034   Code   RO          613    i.u2_send_str_sync  uart2_app.o
    0x00006b30   0x00006b30   0x00000108   Code   RO          615    i.uart2_init        uart2_app.o
    0x00006c38   0x00006c38   0x0000005c   Code   RO          616    i.uart2_send_data   uart2_app.o
    0x00006c94   0x00006c94   0x0000010c   Code   RO          485    i.uart4_init        uart4_app.o
    0x00006da0   0x00006da0   0x0000005c   Code   RO          486    i.uart4_send_data   uart4_app.o
    0x00006dfc   0x00006dfc   0x00000054   Code   RO          915    i.uart_send         app.o
    0x00006e50   0x00006e50   0x00000040   Data   RO          266    .constdata          app_gpio.o
    0x00006e90   0x00006e90   0x00000020   Data   RO          917    .constdata          app.o
    0x00006eb0   0x00006eb0   0x00000010   Data   RO         3946    .constdata          hc32_ll_usart.o
    0x00006ec0   0x00006ec0   0x00000023   Data   RO          814    .conststring        comm.o
    0x00006ee3   0x00006ee3   0x00000001   PAD
    0x00006ee4   0x00006ee4   0x00000042   Data   RO         2568    .conststring        hc32_ll_interrupts.o
    0x00006f26   0x00006f26   0x00000002   PAD
    0x00006f28   0x00006f28   0x00000020   Data   RO         4950    Region$$Table       anon$$obj.o


    Execution Region RW_IRAM1 (Exec base: 0x1fff8000, Load base: 0x00006f48, Size: 0x00000008, Max: 0x00000008, ABSOLUTE, UNINIT)

    Exec Addr    Load Addr    Size         Type   Attr      Idx    E Section Name        Object

    0x1fff8000        -       0x00000008   Zero   RW           15    .bss.noinit         system_hc32f460.o


    Execution Region RW_IRAM2 (Exec base: 0x1fff8008, Load base: 0x00006f48, Size: 0x00002f20, Max: 0x0002eff8, ABSOLUTE)

    Exec Addr    Load Addr    Size         Type   Attr      Idx    E Section Name        Object

    0x1fff8008   0x00006f48   0x00000006   Data   RW          334    .data               clock_app.o
    0x1fff800e   0x00006f4e   0x00000002   PAD
    0x1fff8010   0x00006f50   0x00000004   Data   RW          420    .data               led.o
    0x1fff8014   0x00006f54   0x00000006   Data   RW          488    .data               uart4_app.o
    0x1fff801a   0x00006f5a   0x00000006   Data   RW          618    .data               uart2_app.o
    0x1fff8020   0x00006f60   0x00000010   Data   RW          733    .data               bl.o
    0x1fff8030   0x00006f70   0x00000008   Data   RW          815    .data               comm.o
    0x1fff8038   0x00006f78   0x00000024   Data   RW          918    .data               app.o
    0x1fff805c   0x00006f9c   0x00000001   Data   RW         1642    .data               hc32_ll_dma.o
    0x1fff805d   0x00006f9d   0x00000003   PAD
    0x1fff8060   0x00006fa0   0x00000010   Data   RW         4206    .data               hc32_ll_utility.o
    0x1fff8070   0x00006fb0   0x00000004   Data   RW         4540    .data               ev_hc32f460_lqfp100_v2.o
    0x1fff8074   0x00006fb4   0x00000004   Data   RW         4926    .data               mc_w.l(stdout.o)
    0x1fff8078        -       0x00000408   Zero   RW          487    .bss                uart4_app.o
    0x1fff8480        -       0x00000408   Zero   RW          617    .bss                uart2_app.o
    0x1fff8888        -       0x00000130   Zero   RW          732    .bss                bl.o
    0x1fff89b8        -       0x00000014   Zero   RW          853    .bss                app_adc.o
    0x1fff89cc        -       0x0000031c   Zero   RW          916    .bss                app.o
    0x1fff8ce8        -       0x00000040   Zero   RW          963    .bss                algorithm.o
    0x1fff8d28        -       0x00000200   Zero   RW         2567    .bss                hc32_ll_interrupts.o
    0x1fff8f28        -       0x00002000   Zero   RW            1    STACK               startup_hc32f460.o


    Execution Region RW_IRAMB (Exec base: 0x200f0000, Load base: 0x00006fb8, Size: 0x00000000, Max: 0x00001000, ABSOLUTE)

    **** No section assigned to this execution region ****


==============================================================================

Image component sizes


      Code (inc. data)   RO Data    RW Data    ZI Data      Debug   Object Name

       264          6          0          0         64       2411   algorithm.o
       384         64         32         36        796       3390   app.o
       464         56          0          0         20      34202   app_adc.o
       308          8         64          0          0       2934   app_gpio.o
       288         64          0         16        304       3927   bl.o
       232         14          0          6          0       2117   clock_app.o
       128         32         35          8          0       1333   comm.o
        40          4          0          4          0       1727   ev_hc32f460_lqfp100_v2.o
       332         64          0          0          0      21978   hc32_ll.o
      1040        412          0          0          0       8699   hc32_ll_adc.o
       116         66          0          0          0        729   hc32_ll_aos.o
      3542        686          0          0          0      21427   hc32_ll_clk.o
      3050        900          0          1          0      16160   hc32_ll_dma.o
       200         74          0          0          0        787   hc32_ll_efm.o
       616        268          0          0          0       2988   hc32_ll_fcg.o
      1824        522          0          0          0      10637   hc32_ll_gpio.o
         0          0         32          0          0        770   hc32_ll_icg.o
      2792        598         66          0        512      81908   hc32_ll_interrupts.o
       132         64          0          0          0        665   hc32_ll_pwc.o
       248         66          0          0          0        892   hc32_ll_sram.o
       720        208          0          0          0       4340   hc32_ll_tmr0.o
      1316        514          0          0          0       9901   hc32_ll_tmra.o
      3778        918         16          0          0      14595   hc32_ll_usart.o
       412        106          0         16          0      36260   hc32_ll_utility.o
       136          8          0          4          0       3019   led.o
       160         10          0          0          0      76584   main.o
       100         24        640          0       8192        884   startup_hc32f460.o
       122          0          0          0          0        617   sw4067.o
       128          8          0          0          0       1174   sys.o
       236         40          0          0          8     268661   system_hc32f460.o
      1510        178          0          6       1032      10814   uart2_app.o
      1422        170          0          6       1032      41570   uart4_app.o

    ----------------------------------------------------------------------
     26052       6152        920        108      11960     688100   Object Totals
         0          0         32          0          0          0   (incl. Generated)
        12          0          3          5          0          0   (incl. Padding)

    ----------------------------------------------------------------------

      Code (inc. data)   RO Data    RW Data    ZI Data      Debug   Library Member Name

         0          0          0          0          0          0   entry.o
         0          0          0          0          0          0   entry10a.o
         0          0          0          0          0          0   entry11a.o
         8          4          0          0          0          0   entry2.o
         4          0          0          0          0          0   entry5.o
         0          0          0          0          0          0   entry7b.o
         0          0          0          0          0          0   entry8b.o
         8          4          0          0          0          0   entry9a.o
        30          0          0          0          0          0   handlers.o
        36          8          0          0          0         68   init.o
         0          0          0          0          0          0   iusefp.o
        30          0          0          0          0         68   llshl.o
        32          0          0          0          0         68   llushr.o
        26          0          0          0          0         80   memcmp.o
        36          0          0          0          0         68   memcpya.o
       522         20          0          0          0        336   printf3.o
         0          0          0          4          0          0   stdout.o
        14          0          0          0          0         68   strlen.o
        44          0          0          0          0         80   uidiv.o
        98          0          0          0          0         92   uldiv.o
        56          0          0          0          0         88   d2f.o
       222          0          0          0          0        100   ddiv.o
       186          0          0          0          0        176   depilogue.o
        26          0          0          0          0         76   dfltui.o
        24          0          0          0          0         76   dfltul.o
       110          0          0          0          0        168   fepilogue.o

    ----------------------------------------------------------------------
      1516         36          0          4          0       1612   Library Totals
         4          0          0          0          0          0   (incl. Padding)

    ----------------------------------------------------------------------

      Code (inc. data)   RO Data    RW Data    ZI Data      Debug   Library Name

       888         36          0          4          0        928   mc_w.l
       624          0          0          0          0        684   mf_w.l

    ----------------------------------------------------------------------
      1516         36          0          4          0       1612   Library Totals

    ----------------------------------------------------------------------

==============================================================================


      Code (inc. data)   RO Data    RW Data    ZI Data      Debug   

     27568       6188        920        112      11960     660436   Grand Totals
     27568       6188        920        112      11960     660436   ELF Image Totals
     27568       6188        920        112          0          0   ROM Totals

==============================================================================

    Total RO  Size (Code + RO Data)                28488 (  27.82kB)
    Total RW  Size (RW Data + ZI Data)             12072 (  11.79kB)
    Total ROM Size (Code + RO Data + RW Data)      28600 (  27.93kB)

==============================================================================

