Component: ARM Compiler 5.06 update 4 (build 422) Tool: armlink [4d35d2]

==============================================================================

Section Cross References

    startup_hc32f460.o(RESET) refers to startup_hc32f460.o(STACK) for __initial_sp
    startup_hc32f460.o(RESET) refers to startup_hc32f460.o(.text) for Reset_Handler
    startup_hc32f460.o(RESET) refers to hc32_ll_interrupts.o(i.IRQ000_Handler) for IRQ000_Handler
    startup_hc32f460.o(RESET) refers to hc32_ll_interrupts.o(i.IRQ001_Handler) for IRQ001_Handler
    startup_hc32f460.o(RESET) refers to hc32_ll_interrupts.o(i.IRQ002_Handler) for IRQ002_Handler
    startup_hc32f460.o(RESET) refers to hc32_ll_interrupts.o(i.IRQ003_Handler) for IRQ003_Handler
    startup_hc32f460.o(RESET) refers to hc32_ll_interrupts.o(i.IRQ004_Handler) for IRQ004_Handler
    startup_hc32f460.o(RESET) refers to hc32_ll_interrupts.o(i.IRQ005_Handler) for IRQ005_Handler
    startup_hc32f460.o(RESET) refers to hc32_ll_interrupts.o(i.IRQ006_Handler) for IRQ006_Handler
    startup_hc32f460.o(RESET) refers to hc32_ll_interrupts.o(i.IRQ007_Handler) for IRQ007_Handler
    startup_hc32f460.o(RESET) refers to hc32_ll_interrupts.o(i.IRQ008_Handler) for IRQ008_Handler
    startup_hc32f460.o(RESET) refers to hc32_ll_interrupts.o(i.IRQ009_Handler) for IRQ009_Handler
    startup_hc32f460.o(RESET) refers to hc32_ll_interrupts.o(i.IRQ010_Handler) for IRQ010_Handler
    startup_hc32f460.o(RESET) refers to hc32_ll_interrupts.o(i.IRQ011_Handler) for IRQ011_Handler
    startup_hc32f460.o(RESET) refers to hc32_ll_interrupts.o(i.IRQ012_Handler) for IRQ012_Handler
    startup_hc32f460.o(RESET) refers to hc32_ll_interrupts.o(i.IRQ013_Handler) for IRQ013_Handler
    startup_hc32f460.o(RESET) refers to hc32_ll_interrupts.o(i.IRQ014_Handler) for IRQ014_Handler
    startup_hc32f460.o(RESET) refers to hc32_ll_interrupts.o(i.IRQ015_Handler) for IRQ015_Handler
    startup_hc32f460.o(RESET) refers to hc32_ll_interrupts.o(i.IRQ016_Handler) for IRQ016_Handler
    startup_hc32f460.o(RESET) refers to hc32_ll_interrupts.o(i.IRQ017_Handler) for IRQ017_Handler
    startup_hc32f460.o(RESET) refers to hc32_ll_interrupts.o(i.IRQ018_Handler) for IRQ018_Handler
    startup_hc32f460.o(RESET) refers to hc32_ll_interrupts.o(i.IRQ019_Handler) for IRQ019_Handler
    startup_hc32f460.o(RESET) refers to hc32_ll_interrupts.o(i.IRQ020_Handler) for IRQ020_Handler
    startup_hc32f460.o(RESET) refers to hc32_ll_interrupts.o(i.IRQ021_Handler) for IRQ021_Handler
    startup_hc32f460.o(RESET) refers to hc32_ll_interrupts.o(i.IRQ022_Handler) for IRQ022_Handler
    startup_hc32f460.o(RESET) refers to hc32_ll_interrupts.o(i.IRQ023_Handler) for IRQ023_Handler
    startup_hc32f460.o(RESET) refers to hc32_ll_interrupts.o(i.IRQ024_Handler) for IRQ024_Handler
    startup_hc32f460.o(RESET) refers to hc32_ll_interrupts.o(i.IRQ025_Handler) for IRQ025_Handler
    startup_hc32f460.o(RESET) refers to hc32_ll_interrupts.o(i.IRQ026_Handler) for IRQ026_Handler
    startup_hc32f460.o(RESET) refers to hc32_ll_interrupts.o(i.IRQ027_Handler) for IRQ027_Handler
    startup_hc32f460.o(RESET) refers to hc32_ll_interrupts.o(i.IRQ028_Handler) for IRQ028_Handler
    startup_hc32f460.o(RESET) refers to hc32_ll_interrupts.o(i.IRQ029_Handler) for IRQ029_Handler
    startup_hc32f460.o(RESET) refers to hc32_ll_interrupts.o(i.IRQ030_Handler) for IRQ030_Handler
    startup_hc32f460.o(RESET) refers to hc32_ll_interrupts.o(i.IRQ031_Handler) for IRQ031_Handler
    startup_hc32f460.o(RESET) refers to hc32_ll_interrupts.o(i.IRQ032_Handler) for IRQ032_Handler
    startup_hc32f460.o(RESET) refers to hc32_ll_interrupts.o(i.IRQ033_Handler) for IRQ033_Handler
    startup_hc32f460.o(RESET) refers to hc32_ll_interrupts.o(i.IRQ034_Handler) for IRQ034_Handler
    startup_hc32f460.o(RESET) refers to hc32_ll_interrupts.o(i.IRQ035_Handler) for IRQ035_Handler
    startup_hc32f460.o(RESET) refers to hc32_ll_interrupts.o(i.IRQ036_Handler) for IRQ036_Handler
    startup_hc32f460.o(RESET) refers to hc32_ll_interrupts.o(i.IRQ037_Handler) for IRQ037_Handler
    startup_hc32f460.o(RESET) refers to hc32_ll_interrupts.o(i.IRQ038_Handler) for IRQ038_Handler
    startup_hc32f460.o(RESET) refers to hc32_ll_interrupts.o(i.IRQ039_Handler) for IRQ039_Handler
    startup_hc32f460.o(RESET) refers to hc32_ll_interrupts.o(i.IRQ040_Handler) for IRQ040_Handler
    startup_hc32f460.o(RESET) refers to hc32_ll_interrupts.o(i.IRQ041_Handler) for IRQ041_Handler
    startup_hc32f460.o(RESET) refers to hc32_ll_interrupts.o(i.IRQ042_Handler) for IRQ042_Handler
    startup_hc32f460.o(RESET) refers to hc32_ll_interrupts.o(i.IRQ043_Handler) for IRQ043_Handler
    startup_hc32f460.o(RESET) refers to hc32_ll_interrupts.o(i.IRQ044_Handler) for IRQ044_Handler
    startup_hc32f460.o(RESET) refers to hc32_ll_interrupts.o(i.IRQ045_Handler) for IRQ045_Handler
    startup_hc32f460.o(RESET) refers to hc32_ll_interrupts.o(i.IRQ046_Handler) for IRQ046_Handler
[...]
    i.IRQ098_Handler                         0x00003774   Section        0  hc32_ll_interrupts.o(i.IRQ098_Handler)
    i.IRQ099_Handler                         0x00003788   Section        0  hc32_ll_interrupts.o(i.IRQ099_Handler)
    i.IRQ100_Handler                         0x0000379c   Section        0  hc32_ll_interrupts.o(i.IRQ100_Handler)
    i.IRQ101_Handler                         0x000037b0   Section        0  hc32_ll_interrupts.o(i.IRQ101_Handler)
    i.IRQ102_Handler                         0x000037c4   Section        0  hc32_ll_interrupts.o(i.IRQ102_Handler)
    i.IRQ103_Handler                         0x000037d8   Section        0  hc32_ll_interrupts.o(i.IRQ103_Handler)
    i.IRQ104_Handler                         0x000037ec   Section        0  hc32_ll_interrupts.o(i.IRQ104_Handler)
    i.IRQ105_Handler                         0x00003800   Section        0  hc32_ll_interrupts.o(i.IRQ105_Handler)
    i.IRQ106_Handler                         0x00003814   Section        0  hc32_ll_interrupts.o(i.IRQ106_Handler)
    i.IRQ107_Handler                         0x00003828   Section        0  hc32_ll_interrupts.o(i.IRQ107_Handler)
    i.IRQ108_Handler                         0x0000383c   Section        0  hc32_ll_interrupts.o(i.IRQ108_Handler)
    i.IRQ109_Handler                         0x00003850   Section        0  hc32_ll_interrupts.o(i.IRQ109_Handler)
    i.IRQ110_Handler                         0x00003864   Section        0  hc32_ll_interrupts.o(i.IRQ110_Handler)
    i.IRQ111_Handler                         0x00003878   Section        0  hc32_ll_interrupts.o(i.IRQ111_Handler)
    i.IRQ112_Handler                         0x0000388c   Section        0  hc32_ll_interrupts.o(i.IRQ112_Handler)
    i.IRQ113_Handler                         0x000038a0   Section        0  hc32_ll_interrupts.o(i.IRQ113_Handler)
    i.IRQ114_Handler                         0x000038b4   Section        0  hc32_ll_interrupts.o(i.IRQ114_Handler)
    i.IRQ115_Handler                         0x000038c8   Section        0  hc32_ll_interrupts.o(i.IRQ115_Handler)
    i.IRQ116_Handler                         0x000038dc   Section        0  hc32_ll_interrupts.o(i.IRQ116_Handler)
    i.IRQ117_Handler                         0x000038f0   Section        0  hc32_ll_interrupts.o(i.IRQ117_Handler)
    i.IRQ118_Handler                         0x00003904   Section        0  hc32_ll_interrupts.o(i.IRQ118_Handler)
    i.IRQ119_Handler                         0x00003918   Section        0  hc32_ll_interrupts.o(i.IRQ119_Handler)
    i.IRQ120_Handler                         0x0000392c   Section        0  hc32_ll_interrupts.o(i.IRQ120_Handler)
    i.IRQ121_Handler                         0x00003940   Section        0  hc32_ll_interrupts.o(i.IRQ121_Handler)
    i.IRQ122_Handler                         0x00003954   Section        0  hc32_ll_interrupts.o(i.IRQ122_Handler)
    i.IRQ123_Handler                         0x00003968   Section        0  hc32_ll_interrupts.o(i.IRQ123_Handler)
    i.IRQ124_Handler                         0x0000397c   Section        0  hc32_ll_interrupts.o(i.IRQ124_Handler)
    i.IRQ125_Handler                         0x00003990   Section        0  hc32_ll_interrupts.o(i.IRQ125_Handler)
    i.IRQ126_Handler                         0x000039a4   Section        0  hc32_ll_interrupts.o(i.IRQ126_Handler)
    i.IRQ127_Handler                         0x000039b8   Section        0  hc32_ll_interrupts.o(i.IRQ127_Handler)
    i.LED_Init                               0x000039cc   Section        0  app_gpio.o(i.LED_Init)
    i.LL_PERIPH_WE                           0x00003a04   Section        0  hc32_ll.o(i.LL_PERIPH_WE)
    i.LL_PERIPH_WP                           0x00003a94   Section        0  hc32_ll.o(i.LL_PERIPH_WP)
    i.MPLLInit                               0x00003b1c   Section        0  clock_app.o(i.MPLLInit)
    MPLLInit                                 0x00003b1d   Thumb Code    88  clock_app.o(i.MPLLInit)
    i.PWC_HighSpeedToHighPerformance         0x00003b74   Section        0  hc32_ll_pwc.o(i.PWC_HighSpeedToHighPerformance)
    i.PWC_REG_Lock                           0x00003bf8   Section        0  hc32_ll.o(i.PWC_REG_Lock)
    PWC_REG_Lock                             0x00003bf9   Thumb Code    18  hc32_ll.o(i.PWC_REG_Lock)
    i.PWC_REG_Unlock                         0x00003c14   Section        0  hc32_ll.o(i.PWC_REG_Unlock)
    PWC_REG_Unlock                           0x00003c15   Thumb Code    14  hc32_ll.o(i.PWC_REG_Unlock)
    i.RX_DMA_TC_IrqCallback                  0x00003c2c   Section        0  uart4_app.o(i.RX_DMA_TC_IrqCallback)
    RX_DMA_TC_IrqCallback                    0x00003c2d   Thumb Code    36  uart4_app.o(i.RX_DMA_TC_IrqCallback)
    i.RX_DMA_TC_IrqCallback                  0x00003c60   Section        0  uart2_app.o(i.RX_DMA_TC_IrqCallback)
    RX_DMA_TC_IrqCallback                    0x00003c61   Thumb Code    36  uart2_app.o(i.RX_DMA_TC_IrqCallback)
    i.SRAM_SetWaitCycle                      0x00003c94   Section        0  hc32_ll_sram.o(i.SRAM_SetWaitCycle)
    i.SetSysClockDiv                         0x00003d8c   Section        0  hc32_ll_clk.o(i.SetSysClockDiv)
    SetSysClockDiv                           0x00003d8d   Thumb Code   746  hc32_ll_clk.o(i.SetSysClockDiv)
    i.SetSysClockSrc                         0x000040c8   Section        0  hc32_ll_clk.o(i.SetSysClockSrc)
    SetSysClockSrc                           0x000040c9   Thumb Code   198  hc32_ll_clk.o(i.SetSysClockSrc)
    i.SmartCard_CalculateBrr                 0x000041dc   Section        0  hc32_ll_usart.o(i.SmartCard_CalculateBrr)
    SmartCard_CalculateBrr                   0x000041dd   Thumb Code   568  hc32_ll_usart.o(i.SmartCard_CalculateBrr)
    i.SystemCoreClockUpdate                  0x0000446c   Section        0  system_hc32f460.o(i.SystemCoreClockUpdate)
    i.SystemInit                             0x00004538   Section        0  system_hc32f460.o(i.SystemInit)
    i.TMR0_Config                            0x00004558   Section        0  uart4_app.o(i.TMR0_Config)
    TMR0_Config                              0x00004559   Thumb Code   130  uart4_app.o(i.TMR0_Config)
    i.TMR0_HWClearCondCmd                    0x000045e0   Section        0  hc32_ll_tmr0.o(i.TMR0_HWClearCondCmd)
    i.TMR0_HWStartCondCmd                    0x00004698   Section        0  hc32_ll_tmr0.o(i.TMR0_HWStartCondCmd)
    i.TMR0_Init                              0x00004750   Section        0  hc32_ll_tmr0.o(i.TMR0_Init)
    i.TMRA_DeInit                            0x000048b0   Section        0  hc32_ll_tmra.o(i.TMRA_DeInit)
    i.TMRA_GetCountValue                     0x000049ac   Section        0  hc32_ll_tmra.o(i.TMRA_GetCountValue)
    i.TMRA_Init                              0x00004a3c   Section        0  hc32_ll_tmra.o(i.TMRA_Init)
    i.TMRA_SetCountValue                     0x00004bec   Section        0  hc32_ll_tmra.o(i.TMRA_SetCountValue)
    i.TMRA_SetPeriodValue                    0x00004c80   Section        0  hc32_ll_tmra.o(i.TMRA_SetPeriodValue)
    i.TMRA_Start                             0x00004d14   Section        0  hc32_ll_tmra.o(i.TMRA_Start)
    i.TMRA_StructInit                        0x00004db0   Section        0  hc32_ll_tmra.o(i.TMRA_StructInit)
    i.TX_DMA_TC_IrqCallback                  0x00004dd4   Section        0  uart4_app.o(i.TX_DMA_TC_IrqCallback)
    TX_DMA_TC_IrqCallback                    0x00004dd5   Thumb Code    22  uart4_app.o(i.TX_DMA_TC_IrqCallback)
    i.TX_DMA_TC_IrqCallback                  0x00004df4   Section        0  uart2_app.o(i.TX_DMA_TC_IrqCallback)
    TX_DMA_TC_IrqCallback                    0x00004df5   Thumb Code    22  uart2_app.o(i.TX_DMA_TC_IrqCallback)
    i.UART_CalculateBrr                      0x00004e14   Section        0  hc32_ll_usart.o(i.UART_CalculateBrr)
    UART_CalculateBrr                        0x00004e15   Thumb Code   580  hc32_ll_usart.o(i.UART_CalculateBrr)
    i.USART_ClearStatus                      0x000050ac   Section        0  hc32_ll_usart.o(i.USART_ClearStatus)
    i.USART_FuncCmd                          0x0000516c   Section        0  hc32_ll_usart.o(i.USART_FuncCmd)
    i.USART_GetBusClockFreq                  0x00005238   Section        0  hc32_ll_usart.o(i.USART_GetBusClockFreq)
    USART_GetBusClockFreq                    0x00005239   Thumb Code    20  hc32_ll_usart.o(i.USART_GetBusClockFreq)
    i.USART_GetUsartClockFreq                0x00005254   Section        0  hc32_ll_usart.o(i.USART_GetUsartClockFreq)
    USART_GetUsartClockFreq                  0x00005255   Thumb Code    76  hc32_ll_usart.o(i.USART_GetUsartClockFreq)
    i.USART_ReadData                         0x000052f0   Section        0  hc32_ll_usart.o(i.USART_ReadData)
    i.USART_RxError_IrqCallback              0x00005370   Section        0  uart4_app.o(i.USART_RxError_IrqCallback)
    USART_RxError_IrqCallback                0x00005371   Thumb Code    18  uart4_app.o(i.USART_RxError_IrqCallback)
    i.USART_RxError_IrqCallback              0x00005388   Section        0  uart2_app.o(i.USART_RxError_IrqCallback)
    USART_RxError_IrqCallback                0x00005389   Thumb Code    18  uart2_app.o(i.USART_RxError_IrqCallback)
    i.USART_RxTimeout_IrqCallback            0x000053a0   Section        0  uart4_app.o(i.USART_RxTimeout_IrqCallback)
    USART_RxTimeout_IrqCallback              0x000053a1   Thumb Code    64  uart4_app.o(i.USART_RxTimeout_IrqCallback)
    i.USART_RxTimeout_IrqCallback            0x000053f8   Section        0  uart2_app.o(i.USART_RxTimeout_IrqCallback)
    USART_RxTimeout_IrqCallback              0x000053f9   Thumb Code    64  uart2_app.o(i.USART_RxTimeout_IrqCallback)
    i.USART_SetBaudrate                      0x00005450   Section        0  hc32_ll_usart.o(i.USART_SetBaudrate)
    i.USART_StopTimeoutTimer                 0x0000558c   Section        0  uart4_app.o(i.USART_StopTimeoutTimer)
    USART_StopTimeoutTimer                   0x0000558d   Thumb Code    64  uart4_app.o(i.USART_StopTimeoutTimer)
    i.USART_StopTimeoutTimer                 0x000055cc   Section        0  uart2_app.o(i.USART_StopTimeoutTimer)
    USART_StopTimeoutTimer                   0x000055cd   Thumb Code    64  uart2_app.o(i.USART_StopTimeoutTimer)
    i.USART_TxComplete_IrqCallback           0x0000560c   Section        0  uart4_app.o(i.USART_TxComplete_IrqCallback)
    USART_TxComplete_IrqCallback             0x0000560d   Thumb Code    14  uart4_app.o(i.USART_TxComplete_IrqCallback)
    i.USART_TxComplete_IrqCallback           0x00005620   Section        0  uart2_app.o(i.USART_TxComplete_IrqCallback)
    USART_TxComplete_IrqCallback             0x00005621   Thumb Code    14  uart2_app.o(i.USART_TxComplete_IrqCallback)
    i.USART_UART_Init                        0x00005634   Section        0  hc32_ll_usart.o(i.USART_UART_Init)
    i.USART_UART_StructInit                  0x00005838   Section        0  hc32_ll_usart.o(i.USART_UART_StructInit)
    i.XtalInit                               0x00005866   Section        0  clock_app.o(i.XtalInit)
    XtalInit                                 0x00005867   Thumb Code    48  clock_app.o(i.XtalInit)
    i.__0printf$3                            0x00005898   Section        0  printf3.o(i.__0printf$3)
    i.__NVIC_ClearPendingIRQ                 0x000058b8   Section        0  uart4_app.o(i.__NVIC_ClearPendingIRQ)
    __NVIC_ClearPendingIRQ                   0x000058b9   Thumb Code    22  uart4_app.o(i.__NVIC_ClearPendingIRQ)
    i.__NVIC_ClearPendingIRQ                 0x000058d4   Section        0  uart2_app.o(i.__NVIC_ClearPendingIRQ)
    __NVIC_ClearPendingIRQ                   0x000058d5   Thumb Code    22  uart2_app.o(i.__NVIC_ClearPendingIRQ)
    i.__NVIC_EnableIRQ                       0x000058f0   Section        0  uart4_app.o(i.__NVIC_EnableIRQ)
    __NVIC_EnableIRQ                         0x000058f1   Thumb Code    34  uart4_app.o(i.__NVIC_EnableIRQ)
    i.__NVIC_EnableIRQ                       0x00005912   Section        0  uart2_app.o(i.__NVIC_EnableIRQ)
    __NVIC_EnableIRQ                         0x00005913   Thumb Code    34  uart2_app.o(i.__NVIC_EnableIRQ)
    i.__NVIC_SetPriority                     0x00005934   Section        0  uart4_app.o(i.__NVIC_SetPriority)
    __NVIC_SetPriority                       0x00005935   Thumb Code    32  uart4_app.o(i.__NVIC_SetPriority)
    i.__NVIC_SetPriority                     0x0000595c   Section        0  uart2_app.o(i.__NVIC_SetPriority)
    __NVIC_SetPriority                       0x0000595d   Thumb Code    32  uart2_app.o(i.__NVIC_SetPriority)
    i.__scatterload_copy                     0x00005984   Section       14  handlers.o(i.__scatterload_copy)
    i.__scatterload_zeroinit                 0x00005992   Section       14  handlers.o(i.__scatterload_zeroinit)
    i._printf_core                           0x000059a0   Section        0  printf3.o(i._printf_core)
    _printf_core                             0x000059a1   Thumb Code   436  printf3.o(i._printf_core)
    i.all_led_off                            0x00005b58   Section        0  led.o(i.all_led_off)
    i.delay_ms                               0x00005b74   Section        0  sys.o(i.delay_ms)
    i.delay_us                               0x00005b8c   Section        0  sys.o(i.delay_us)
    i.enable_uart2                           0x00005bbc   Section        0  uart2_app.o(i.enable_uart2)
    i.enable_uart4                           0x00005bd0   Section        0  uart4_app.o(i.enable_uart4)
    i.fputc                                  0x00005be4   Section        0  hc32_ll_utility.o(i.fputc)
    i.gpio_init                              0x00005bfc   Section        0  app_gpio.o(i.gpio_init)
    i.init_clock                             0x00005c8c   Section        0  clock_app.o(i.init_clock)
    i.led_red_on                             0x00005cec   Section        0  led.o(i.led_red_on)
    i.led_test                               0x00005cfc   Section        0  app_gpio.o(i.led_test)
    i.main                                   0x00005d20   Section        0  main.o(i.main)
    i.u2_DMA_Config                          0x00005d8c   Section        0  uart2_app.o(i.u2_DMA_Config)
    u2_DMA_Config                            0x00005d8d   Thumb Code   426  uart2_app.o(i.u2_DMA_Config)
    i.u2_TMR0_Config                         0x00005f58   Section        0  uart2_app.o(i.u2_TMR0_Config)
    u2_TMR0_Config                           0x00005f59   Thumb Code   130  uart2_app.o(i.u2_TMR0_Config)
    i.uart2_init                             0x00005fe0   Section        0  uart2_app.o(i.uart2_init)
    i.uart2_send_data                        0x000060e8   Section        0  uart2_app.o(i.uart2_send_data)
    i.uart4_init                             0x00006138   Section        0  uart4_app.o(i.uart4_init)
    i.uart4_send_data                        0x00006244   Section        0  uart4_app.o(i.uart4_send_data)
    .constdata                               0x00006294   Section       64  app_gpio.o(.constdata)
    .constdata                               0x000062d4   Section       16  hc32_ll_usart.o(.constdata)
    .conststring                             0x000062e4   Section       66  hc32_ll_interrupts.o(.conststring)
    .bss.noinit                              0x1fff8000   Section        8  system_hc32f460.o(.bss.noinit)
    .data                                    0x1fff8008   Section        6  clock_app.o(.data)
    au8SysClockTbl                           0x1fff8008   Data           6  clock_app.o(.data)
    .data                                    0x1fff800e   Section        4  uart4_app.o(.data)
    m_enRxFrameEnd                           0x1fff800e   Data           1  uart4_app.o(.data)
    m_u16RxLen                               0x1fff8010   Data           2  uart4_app.o(.data)
    .data                                    0x1fff8012   Section        4  uart2_app.o(.data)
    m_enRxFrameEnd                           0x1fff8012   Data           1  uart2_app.o(.data)
    m_u16RxLen                               0x1fff8014   Data           2  uart2_app.o(.data)
    .data                                    0x1fff8016   Section        1  hc32_ll_dma.o(.data)
    u8DmaChEnState                           0x1fff8016   Data           1  hc32_ll_dma.o(.data)
    .data                                    0x1fff8018   Section       16  hc32_ll_utility.o(.data)
    m_u32TickStep                            0x1fff8018   Data           4  hc32_ll_utility.o(.data)
    m_u32TickCount                           0x1fff801c   Data           4  hc32_ll_utility.o(.data)
    m_pvPrintDevice                          0x1fff8020   Data           4  hc32_ll_utility.o(.data)
    m_u32PrintTimeout                        0x1fff8024   Data           4  hc32_ll_utility.o(.data)
    .data                                    0x1fff8028   Section        4  ev_hc32f460_lqfp100_v2.o(.data)
    m_u32GlobalKey                           0x1fff8028   Data           4  ev_hc32f460_lqfp100_v2.o(.data)
    .data                                    0x1fff802c   Section        4  stdout.o(.data)
    .bss                                     0x1fff8030   Section      532  uart4_app.o(.bss)
    m_au8RxBuf                               0x1fff8030   Data         500  uart4_app.o(.bss)
    stcLlpDesc                               0x1fff8224   Data          32  uart4_app.o(.bss)
    .bss                                     0x1fff8244   Section      532  uart2_app.o(.bss)
    m_au8RxBuf                               0x1fff8244   Data         500  uart2_app.o(.bss)
    stcLlpDesc                               0x1fff8438   Data          32  uart2_app.o(.bss)
    .bss                                     0x1fff8458   Section      512  hc32_ll_interrupts.o(.bss)
    m_apfnIrqHandler                         0x1fff8458   Data         512  hc32_ll_interrupts.o(.bss)
    STACK                                    0x1fff8658   Section     8192  startup_hc32f460.o(STACK)

    Global Symbols

    Symbol Name                              Value     Ov Type        Size  Object(Section)

    BuildAttributes$$THM_ISAv4$E$P$D$K$B$S$7EM$VFPi3$EXTD16$VFPS$VFMA$PE$A:L22UL41UL21$X:L11$S22US41US21$IEEE1$IW$USESV6$~STKCKD$USESV7$~SHL$OTIME$ROPI$EBA8$MICROLIB$REQ8$PRES8$EABIv2 0x00000000   Number         0  anon$$obj.o ABSOLUTE
    __ARM_use_no_argv                        0x00000000   Number         0  main.o ABSOLUTE
    __Vectors                                0x00000000   Data           4  startup_hc32f460.o(RESET)
    _printf_a                                0x00000000   Number         0  stubs.o ABSOLUTE
    _printf_c                                0x00000000   Number         0  stubs.o ABSOLUTE
    _printf_charcount                        0x00000000   Number         0  stubs.o ABSOLUTE
    _printf_d                                0x00000000   Number         0  stubs.o ABSOLUTE
    _printf_e                                0x00000000   Number         0  stubs.o ABSOLUTE
    _printf_f                                0x00000000   Number         0  stubs.o ABSOLUTE
    _printf_flags                            0x00000000   Number         0  stubs.o ABSOLUTE
    _printf_fp_dec                           0x00000000   Number         0  stubs.o ABSOLUTE
    _printf_fp_hex                           0x00000000   Number         0  stubs.o ABSOLUTE
    _printf_g                                0x00000000   Number         0  stubs.o ABSOLUTE
    _printf_i                                0x00000000   Number         0  stubs.o ABSOLUTE
    _printf_int_dec                          0x00000000   Number         0  stubs.o ABSOLUTE
    _printf_l                                0x00000000   Number         0  stubs.o ABSOLUTE
    _printf_lc                               0x00000000   Number         0  stubs.o ABSOLUTE
    _printf_ll                               0x00000000   Number         0  stubs.o ABSOLUTE
    _printf_lld                              0x00000000   Number         0  stubs.o ABSOLUTE
    _printf_lli                              0x00000000   Number         0  stubs.o ABSOLUTE
    _printf_llo                              0x00000000   Number         0  stubs.o ABSOLUTE
    _printf_llu                              0x00000000   Number         0  stubs.o ABSOLUTE
    _printf_llx                              0x00000000   Number         0  stubs.o ABSOLUTE
    _printf_longlong_dec                     0x00000000   Number         0  stubs.o ABSOLUTE
    _printf_longlong_hex                     0x00000000   Number         0  stubs.o ABSOLUTE
    _printf_longlong_oct                     0x00000000   Number         0  stubs.o ABSOLUTE
    _printf_ls                               0x00000000   Number         0  stubs.o ABSOLUTE
    _printf_mbtowc                           0x00000000   Number         0  stubs.o ABSOLUTE
    _printf_n                                0x00000000   Number         0  stubs.o ABSOLUTE
    _printf_o                                0x00000000   Number         0  stubs.o ABSOLUTE
    _printf_p                                0x00000000   Number         0  stubs.o ABSOLUTE
    _printf_percent                          0x00000000   Number         0  stubs.o ABSOLUTE
    _printf_pre_padding                      0x00000000   Number         0  stubs.o ABSOLUTE
    _printf_return_value                     0x00000000   Number         0  stubs.o ABSOLUTE
    _printf_s                                0x00000000   Number         0  stubs.o ABSOLUTE
    _printf_sizespec                         0x00000000   Number         0  stubs.o ABSOLUTE
    _printf_str                              0x00000000   Number         0  stubs.o ABSOLUTE
    _printf_truncate_signed                  0x00000000   Number         0  stubs.o ABSOLUTE
    _printf_truncate_unsigned                0x00000000   Number         0  stubs.o ABSOLUTE
    _printf_u                                0x00000000   Number         0  stubs.o ABSOLUTE
    _printf_wc                               0x00000000   Number         0  stubs.o ABSOLUTE
    _printf_wctomb                           0x00000000   Number         0  stubs.o ABSOLUTE
    _printf_widthprec                        0x00000000   Number         0  stubs.o ABSOLUTE
    _printf_x                                0x00000000   Number         0  stubs.o ABSOLUTE
    __cpp_initialize__aeabi_                  - Undefined Weak Reference
    __cxa_finalize                            - Undefined Weak Reference
    __decompress                              - Undefined Weak Reference
    _clock_init                               - Undefined Weak Reference
    _microlib_exit                            - Undefined Weak Reference
    __Vectors_End                            0x00000280   Data           0  startup_hc32f460.o(RESET)
    __Vectors_Size                           0x00000280   Number         0  startup_hc32f460.o ABSOLUTE
    __main                                   0x00000281   Thumb Code     0  entry.o(.ARM.Collect$$$$00000000)
    _main_stk                                0x00000281   Thumb Code     0  entry2.o(.ARM.Collect$$$$00000001)
    _main_scatterload                        0x00000285   Thumb Code     0  entry5.o(.ARM.Collect$$$$00000004)
    __main_after_scatterload                 0x00000289   Thumb Code     0  entry5.o(.ARM.Collect$$$$00000004)
    _main_clock                              0x00000289   Thumb Code     0  entry7b.o(.ARM.Collect$$$$00000008)
    _main_cpp_init                           0x00000289   Thumb Code     0  entry8b.o(.ARM.Collect$$$$0000000A)
    _main_init                               0x00000289   Thumb Code     0  entry9a.o(.ARM.Collect$$$$0000000B)
    __rt_final_cpp                           0x00000291   Thumb Code     0  entry10a.o(.ARM.Collect$$$$0000000D)
    __rt_final_exit                          0x00000291   Thumb Code     0  entry11a.o(.ARM.Collect$$$$0000000F)
    Reset_Handler                            0x00000295   Thumb Code    56  startup_hc32f460.o(.text)
    NMI_Handler                              0x000002cd   Thumb Code     2  startup_hc32f460.o(.text)
    HardFault_Handler                        0x000002cf   Thumb Code     2  startup_hc32f460.o(.text)
    MemManage_Handler                        0x000002d1   Thumb Code     2  startup_hc32f460.o(.text)
    BusFault_Handler                         0x000002d3   Thumb Code     2  startup_hc32f460.o(.text)
    UsageFault_Handler                       0x000002d5   Thumb Code     2  startup_hc32f460.o(.text)
    SVC_Handler                              0x000002d7   Thumb Code     2  startup_hc32f460.o(.text)
    DebugMon_Handler                         0x000002d9   Thumb Code     2  startup_hc32f460.o(.text)
    PendSV_Handler                           0x000002db   Thumb Code     2  startup_hc32f460.o(.text)
    SysTick_Handler                          0x000002dd   Thumb Code     2  startup_hc32f460.o(.text)
    IRQ128_Handler                           0x000002df   Thumb Code     0  startup_hc32f460.o(.text)
    IRQ129_Handler                           0x000002df   Thumb Code     0  startup_hc32f460.o(.text)
    IRQ130_Handler                           0x000002df   Thumb Code     0  startup_hc32f460.o(.text)
    IRQ131_Handler                           0x000002df   Thumb Code     0  startup_hc32f460.o(.text)
    IRQ132_Handler                           0x000002df   Thumb Code     0  startup_hc32f460.o(.text)
    IRQ133_Handler                           0x000002df   Thumb Code     0  startup_hc32f460.o(.text)
    IRQ134_Handler                           0x000002df   Thumb Code     0  startup_hc32f460.o(.text)
    IRQ135_Handler                           0x000002df   Thumb Code     0  startup_hc32f460.o(.text)
    IRQ136_Handler                           0x000002df   Thumb Code     0  startup_hc32f460.o(.text)
    IRQ137_Handler                           0x000002df   Thumb Code     0  startup_hc32f460.o(.text)
    IRQ138_Handler                           0x000002df   Thumb Code     0  startup_hc32f460.o(.text)
    IRQ139_Handler                           0x000002df   Thumb Code     0  startup_hc32f460.o(.text)
    IRQ140_Handler                           0x000002df   Thumb Code     0  startup_hc32f460.o(.text)
    IRQ141_Handler                           0x000002df   Thumb Code     0  startup_hc32f460.o(.text)
    IRQ142_Handler                           0x000002df   Thumb Code     0  startup_hc32f460.o(.text)
    IRQ143_Handler                           0x000002df   Thumb Code     0  startup_hc32f460.o(.text)
    __aeabi_uldivmod                         0x000002f9   Thumb Code    98  uldiv.o(.text)
    __aeabi_memcpy                           0x0000035b   Thumb Code    36  memcpya.o(.text)
    __aeabi_memcpy4                          0x0000035b   Thumb Code     0  memcpya.o(.text)
    __aeabi_memcpy8                          0x0000035b   Thumb Code     0  memcpya.o(.text)
    __aeabi_ui2d                             0x0000037f   Thumb Code    26  dfltui.o(.text)
    __aeabi_ul2d                             0x00000399   Thumb Code    24  dfltul.o(.text)
    __aeabi_d2f                              0x000003b1   Thumb Code    56  d2f.o(.text)
    ADC_StructInit                           0x000003e9   Thumb Code    20  hc32_ll_adc.o(i.ADC_StructInit)
    __I$use$fp                               0x000003e9   Thumb Code     0  iusefp.o(.text)
    __scatterload_null                       0x000003fd   Thumb Code     2  handlers.o(i.__scatterload_null)
    u32ICGValue                              0x00000400   Data          32  hc32_ll_icg.o(.ARM.__AT_0x00000400)
    __aeabi_ddiv                             0x00000421   Thumb Code   222  ddiv.o(.text)
    __aeabi_uidiv                            0x000004ff   Thumb Code     0  uidiv.o(.text)
    __aeabi_uidivmod                         0x000004ff   Thumb Code    44  uidiv.o(.text)
    __aeabi_llsl                             0x0000052b   Thumb Code    30  llshl.o(.text)
    _ll_shift_l                              0x0000052b   Thumb Code     0  llshl.o(.text)
    __aeabi_llsr                             0x00000549   Thumb Code    32  llushr.o(.text)
    _ll_ushift_r                             0x00000549   Thumb Code     0  llushr.o(.text)
    _float_round                             0x00000569   Thumb Code    18  fepilogue.o(.text)
    _float_epilogue                          0x0000057b   Thumb Code    92  fepilogue.o(.text)
    _double_round                            0x000005d7   Thumb Code    30  depilogue.o(.text)
    _double_epilogue                         0x000005f5   Thumb Code   156  depilogue.o(.text)
    __scatterload                            0x00000691   Thumb Code    28  init.o(.text)
    __scatterload_rt2                        0x00000691   Thumb Code     0  init.o(.text)
    ADC_ChCmd                                0x000006b5   Thumb Code   138  hc32_ll_adc.o(i.ADC_ChCmd)
    ADC_ClearStatus                          0x00000785   Thumb Code    70  hc32_ll_adc.o(i.ADC_ClearStatus)
    ADC_Init                                 0x00000811   Thumb Code   148  hc32_ll_adc.o(i.ADC_Init)
    ADC_IntCmd                               0x000008e9   Thumb Code   112  hc32_ll_adc.o(i.ADC_IntCmd)
    ADC_SetSampleTime                        0x0000099d   Thumb Code    88  hc32_ll_adc.o(i.ADC_SetSampleTime)
    ADC_Start                                0x00000a39   Thumb Code    52  hc32_ll_adc.o(i.ADC_Start)
    AOS_SetTriggerEventSrc                   0x00000ab1   Thumb Code    50  hc32_ll_aos.o(i.AOS_SetTriggerEventSrc)
    BSP_KEY_KEY10_IrqHandler                 0x00000bb5   Thumb Code    36  ev_hc32f460_lqfp100_v2.o(i.BSP_KEY_KEY10_IrqHandler)
    CLK_GetClockFreq                         0x00000bdd   Thumb Code    22  hc32_ll_clk.o(i.CLK_GetClockFreq)
    CLK_GetStableStatus                      0x00000bf5   Thumb Code    46  hc32_ll_clk.o(i.CLK_GetStableStatus)
    CLK_HrcCmd                               0x00000c65   Thumb Code   142  hc32_ll_clk.o(i.CLK_HrcCmd)
    CLK_LrcCmd                               0x00000d39   Thumb Code   102  hc32_ll_clk.o(i.CLK_LrcCmd)
    CLK_PLLCmd                               0x00000de5   Thumb Code   146  hc32_ll_clk.o(i.CLK_PLLCmd)
    CLK_PLLInit                              0x00000ebd   Thumb Code   596  hc32_ll_clk.o(i.CLK_PLLInit)
    CLK_PLLStructInit                        0x00001171   Thumb Code    82  hc32_ll_clk.o(i.CLK_PLLStructInit)
    CLK_SetClockDiv                          0x000011c3   Thumb Code    20  hc32_ll_clk.o(i.CLK_SetClockDiv)
    CLK_SetSysClockSrc                       0x000011d7   Thumb Code    16  hc32_ll_clk.o(i.CLK_SetSysClockSrc)
    CLK_XtalCmd                              0x00001219   Thumb Code   144  hc32_ll_clk.o(i.CLK_XtalCmd)
    CLK_XtalInit                             0x000012ed   Thumb Code   272  hc32_ll_clk.o(i.CLK_XtalInit)
    CLK_XtalStructInit                       0x00001441   Thumb Code    30  hc32_ll_clk.o(i.CLK_XtalStructInit)
    DDL_AssertHandler                        0x00001685   Thumb Code    18  hc32_ll_utility.o(i.DDL_AssertHandler)
    DDL_ConsoleOutputChar                    0x000016c9   Thumb Code    68  hc32_ll_utility.o(i.DDL_ConsoleOutputChar)
    DDL_DelayUS                              0x00001715   Thumb Code    52  hc32_ll_utility.o(i.DDL_DelayUS)
    DMA_ChCmd                                0x00001755   Thumb Code   454  hc32_ll_dma.o(i.DMA_ChCmd)
    DMA_ClearTransCompleteStatus             0x00001965   Thumb Code    66  hc32_ll_dma.o(i.DMA_ClearTransCompleteStatus)
    DMA_Cmd                                  0x000019ed   Thumb Code    56  hc32_ll_dma.o(i.DMA_Cmd)
    DMA_GetTransCount                        0x00001c35   Thumb Code    74  hc32_ll_dma.o(i.DMA_GetTransCount)
    DMA_Init                                 0x00001cc5   Thumb Code   382  hc32_ll_dma.o(i.DMA_Init)
    DMA_LlpInit                              0x00001e89   Thumb Code   200  hc32_ll_dma.o(i.DMA_LlpInit)
    DMA_LlpStructInit                        0x00001f95   Thumb Code    20  hc32_ll_dma.o(i.DMA_LlpStructInit)
    DMA_ReconfigCmd                          0x00001fa9   Thumb Code    80  hc32_ll_dma.o(i.DMA_ReconfigCmd)
    DMA_ReconfigLlpCmd                       0x0000203d   Thumb Code   104  hc32_ll_dma.o(i.DMA_ReconfigLlpCmd)
    DMA_SetSrcAddr                           0x000020e9   Thumb Code   118  hc32_ll_dma.o(i.DMA_SetSrcAddr)
    DMA_SetTransCount                        0x000021a5   Thumb Code   132  hc32_ll_dma.o(i.DMA_SetTransCount)
    DMA_StructInit                           0x0000226d   Thumb Code    34  hc32_ll_dma.o(i.DMA_StructInit)
    DMA_TransCompleteIntCmd                  0x00002291   Thumb Code   104  hc32_ll_dma.o(i.DMA_TransCompleteIntCmd)
    DelayUs_Init                             0x0000233d   Thumb Code    76  sys.o(i.DelayUs_Init)
    EFM_SetWaitCycle                         0x0000238d   Thumb Code   126  hc32_ll_efm.o(i.EFM_SetWaitCycle)
    EXTINT_ClearExtIntStatus                 0x00002455   Thumb Code    42  hc32_ll_interrupts.o(i.EXTINT_ClearExtIntStatus)
    FCG_Fcg0PeriphClockCmd                   0x00002489   Thumb Code   104  hc32_ll_fcg.o(i.FCG_Fcg0PeriphClockCmd)
    FCG_Fcg1PeriphClockCmd                   0x00002535   Thumb Code    80  hc32_ll_fcg.o(i.FCG_Fcg1PeriphClockCmd)
    FCG_Fcg2PeriphClockCmd                   0x000025c9   Thumb Code    80  hc32_ll_fcg.o(i.FCG_Fcg2PeriphClockCmd)
    FCG_Fcg3PeriphClockCmd                   0x0000265d   Thumb Code    84  hc32_ll_fcg.o(i.FCG_Fcg3PeriphClockCmd)
    GPIO_AnalogCmd                           0x000026f1   Thumb Code   162  hc32_ll_gpio.o(i.GPIO_AnalogCmd)
    GPIO_Init                                0x000027d5   Thumb Code   464  hc32_ll_gpio.o(i.GPIO_Init)
    GPIO_ReadInputPins                       0x000029e5   Thumb Code    88  hc32_ll_gpio.o(i.GPIO_ReadInputPins)
    GPIO_ResetPins                           0x00002a7d   Thumb Code    82  hc32_ll_gpio.o(i.GPIO_ResetPins)
    GPIO_SetDebugPort                        0x00002b11   Thumb Code   124  hc32_ll_gpio.o(i.GPIO_SetDebugPort)
    GPIO_SetFunc                             0x00002bcd   Thumb Code   186  hc32_ll_gpio.o(i.GPIO_SetFunc)
    GPIO_SetPins                             0x00002cc9   Thumb Code    82  hc32_ll_gpio.o(i.GPIO_SetPins)
    GPIO_StructInit                          0x00002d5d   Thumb Code    32  hc32_ll_gpio.o(i.GPIO_StructInit)
    GPIO_TogglePins                          0x00002d7d   Thumb Code    82  hc32_ll_gpio.o(i.GPIO_TogglePins)
    INTC_IrqSignIn                           0x00002f19   Thumb Code   168  hc32_ll_interrupts.o(i.INTC_IrqSignIn)
    IRQ000_Handler                           0x00002fcd   Thumb Code    14  hc32_ll_interrupts.o(i.IRQ000_Handler)
    IRQ001_Handler                           0x00002fe1   Thumb Code    14  hc32_ll_interrupts.o(i.IRQ001_Handler)
    IRQ002_Handler                           0x00002ff5   Thumb Code    14  hc32_ll_interrupts.o(i.IRQ002_Handler)
    IRQ003_Handler                           0x00003009   Thumb Code    14  hc32_ll_interrupts.o(i.IRQ003_Handler)
    IRQ004_Handler                           0x0000301d   Thumb Code    14  hc32_ll_interrupts.o(i.IRQ004_Handler)
    IRQ005_Handler                           0x00003031   Thumb Code    14  hc32_ll_interrupts.o(i.IRQ005_Handler)
    IRQ006_Handler                           0x00003045   Thumb Code    14  hc32_ll_interrupts.o(i.IRQ006_Handler)
    IRQ007_Handler                           0x00003059   Thumb Code    14  hc32_ll_interrupts.o(i.IRQ007_Handler)
    IRQ008_Handler                           0x0000306d   Thumb Code    14  hc32_ll_interrupts.o(i.IRQ008_Handler)
    IRQ009_Handler                           0x00003081   Thumb Code    14  hc32_ll_interrupts.o(i.IRQ009_Handler)
    IRQ010_Handler                           0x00003095   Thumb Code    14  hc32_ll_interrupts.o(i.IRQ010_Handler)
    IRQ011_Handler                           0x000030a9   Thumb Code    14  hc32_ll_interrupts.o(i.IRQ011_Handler)
    IRQ012_Handler                           0x000030bd   Thumb Code    14  hc32_ll_interrupts.o(i.IRQ012_Handler)
    IRQ013_Handler                           0x000030d1   Thumb Code    14  hc32_ll_interrupts.o(i.IRQ013_Handler)
    IRQ014_Handler                           0x000030e5   Thumb Code    14  hc32_ll_interrupts.o(i.IRQ014_Handler)
    IRQ015_Handler                           0x000030f9   Thumb Code    14  hc32_ll_interrupts.o(i.IRQ015_Handler)
    IRQ016_Handler                           0x0000310d   Thumb Code    14  hc32_ll_interrupts.o(i.IRQ016_Handler)
    IRQ017_Handler                           0x00003121   Thumb Code    14  hc32_ll_interrupts.o(i.IRQ017_Handler)
    IRQ018_Handler                           0x00003135   Thumb Code    14  hc32_ll_interrupts.o(i.IRQ018_Handler)
    IRQ019_Handler                           0x00003149   Thumb Code    14  hc32_ll_interrupts.o(i.IRQ019_Handler)
    IRQ020_Handler                           0x0000315d   Thumb Code    14  hc32_ll_interrupts.o(i.IRQ020_Handler)
    IRQ021_Handler                           0x00003171   Thumb Code    14  hc32_ll_interrupts.o(i.IRQ021_Handler)
    IRQ022_Handler                           0x00003185   Thumb Code    14  hc32_ll_interrupts.o(i.IRQ022_Handler)
    IRQ023_Handler                           0x00003199   Thumb Code    14  hc32_ll_interrupts.o(i.IRQ023_Handler)
    IRQ024_Handler                           0x000031ad   Thumb Code    14  hc32_ll_interrupts.o(i.IRQ024_Handler)
    IRQ025_Handler                           0x000031c1   Thumb Code    14  hc32_ll_interrupts.o(i.IRQ025_Handler)
    IRQ026_Handler                           0x000031d5   Thumb Code    14  hc32_ll_interrupts.o(i.IRQ026_Handler)
    IRQ027_Handler                           0x000031e9   Thumb Code    14  hc32_ll_interrupts.o(i.IRQ027_Handler)
    IRQ028_Handler                           0x000031fd   Thumb Code    14  hc32_ll_interrupts.o(i.IRQ028_Handler)
    IRQ029_Handler                           0x00003211   Thumb Code    14  hc32_ll_interrupts.o(i.IRQ029_Handler)
    IRQ030_Handler                           0x00003225   Thumb Code    14  hc32_ll_interrupts.o(i.IRQ030_Handler)
    IRQ031_Handler                           0x00003239   Thumb Code    14  hc32_ll_interrupts.o(i.IRQ031_Handler)
    IRQ032_Handler                           0x0000324d   Thumb Code    16  hc32_ll_interrupts.o(i.IRQ032_Handler)
    IRQ033_Handler                           0x00003261   Thumb Code    16  hc32_ll_interrupts.o(i.IRQ033_Handler)
    IRQ034_Handler                           0x00003275   Thumb Code    16  hc32_ll_interrupts.o(i.IRQ034_Handler)
    IRQ035_Handler                           0x00003289   Thumb Code    16  hc32_ll_interrupts.o(i.IRQ035_Handler)
    IRQ036_Handler                           0x0000329d   Thumb Code    16  hc32_ll_interrupts.o(i.IRQ036_Handler)
    IRQ037_Handler                           0x000032b1   Thumb Code    16  hc32_ll_interrupts.o(i.IRQ037_Handler)
    IRQ038_Handler                           0x000032c5   Thumb Code    16  hc32_ll_interrupts.o(i.IRQ038_Handler)
    IRQ039_Handler                           0x000032d9   Thumb Code    16  hc32_ll_interrupts.o(i.IRQ039_Handler)
    IRQ040_Handler                           0x000032ed   Thumb Code    16  hc32_ll_interrupts.o(i.IRQ040_Handler)
    IRQ041_Handler                           0x00003301   Thumb Code    16  hc32_ll_interrupts.o(i.IRQ041_Handler)
    IRQ042_Handler                           0x00003315   Thumb Code    16  hc32_ll_interrupts.o(i.IRQ042_Handler)
    IRQ043_Handler                           0x00003329   Thumb Code    16  hc32_ll_interrupts.o(i.IRQ043_Handler)
    IRQ044_Handler                           0x0000333d   Thumb Code    16  hc32_ll_interrupts.o(i.IRQ044_Handler)
    IRQ045_Handler                           0x00003351   Thumb Code    16  hc32_ll_interrupts.o(i.IRQ045_Handler)
    IRQ046_Handler                           0x00003365   Thumb Code    16  hc32_ll_interrupts.o(i.IRQ046_Handler)
    IRQ047_Handler                           0x00003379   Thumb Code    16  hc32_ll_interrupts.o(i.IRQ047_Handler)
    IRQ048_Handler                           0x0000338d   Thumb Code    16  hc32_ll_interrupts.o(i.IRQ048_Handler)
    IRQ049_Handler                           0x000033a1   Thumb Code    16  hc32_ll_interrupts.o(i.IRQ049_Handler)
    IRQ050_Handler                           0x000033b5   Thumb Code    16  hc32_ll_interrupts.o(i.IRQ050_Handler)
    IRQ051_Handler                           0x000033c9   Thumb Code    16  hc32_ll_interrupts.o(i.IRQ051_Handler)
    IRQ052_Handler                           0x000033dd   Thumb Code    16  hc32_ll_interrupts.o(i.IRQ052_Handler)
    IRQ053_Handler                           0x000033f1   Thumb Code    16  hc32_ll_interrupts.o(i.IRQ053_Handler)
    IRQ054_Handler                           0x00003405   Thumb Code    16  hc32_ll_interrupts.o(i.IRQ054_Handler)
    IRQ055_Handler                           0x00003419   Thumb Code    16  hc32_ll_interrupts.o(i.IRQ055_Handler)
    IRQ056_Handler                           0x0000342d   Thumb Code    16  hc32_ll_interrupts.o(i.IRQ056_Handler)
    IRQ057_Handler                           0x00003441   Thumb Code    16  hc32_ll_interrupts.o(i.IRQ057_Handler)
    IRQ058_Handler                           0x00003455   Thumb Code    16  hc32_ll_interrupts.o(i.IRQ058_Handler)
    IRQ059_Handler                           0x00003469   Thumb Code    16  hc32_ll_interrupts.o(i.IRQ059_Handler)
    IRQ060_Handler                           0x0000347d   Thumb Code    16  hc32_ll_interrupts.o(i.IRQ060_Handler)
    IRQ061_Handler                           0x00003491   Thumb Code    16  hc32_ll_interrupts.o(i.IRQ061_Handler)
    IRQ062_Handler                           0x000034a5   Thumb Code    16  hc32_ll_interrupts.o(i.IRQ062_Handler)
    IRQ063_Handler                           0x000034b9   Thumb Code    16  hc32_ll_interrupts.o(i.IRQ063_Handler)
    IRQ064_Handler                           0x000034cd   Thumb Code    16  hc32_ll_interrupts.o(i.IRQ064_Handler)
    IRQ065_Handler                           0x000034e1   Thumb Code    16  hc32_ll_interrupts.o(i.IRQ065_Handler)
    IRQ066_Handler                           0x000034f5   Thumb Code    16  hc32_ll_interrupts.o(i.IRQ066_Handler)
    IRQ067_Handler                           0x00003509   Thumb Code    16  hc32_ll_interrupts.o(i.IRQ067_Handler)
    IRQ068_Handler                           0x0000351d   Thumb Code    16  hc32_ll_interrupts.o(i.IRQ068_Handler)
    IRQ069_Handler                           0x00003531   Thumb Code    16  hc32_ll_interrupts.o(i.IRQ069_Handler)
    IRQ070_Handler                           0x00003545   Thumb Code    16  hc32_ll_interrupts.o(i.IRQ070_Handler)
    IRQ071_Handler                           0x00003559   Thumb Code    16  hc32_ll_interrupts.o(i.IRQ071_Handler)
    IRQ072_Handler                           0x0000356d   Thumb Code    16  hc32_ll_interrupts.o(i.IRQ072_Handler)
    IRQ073_Handler                           0x00003581   Thumb Code    16  hc32_ll_interrupts.o(i.IRQ073_Handler)
    IRQ074_Handler                           0x00003595   Thumb Code    16  hc32_ll_interrupts.o(i.IRQ074_Handler)
    IRQ075_Handler                           0x000035a9   Thumb Code    16  hc32_ll_interrupts.o(i.IRQ075_Handler)
    IRQ076_Handler                           0x000035bd   Thumb Code    16  hc32_ll_interrupts.o(i.IRQ076_Handler)
    IRQ077_Handler                           0x000035d1   Thumb Code    16  hc32_ll_interrupts.o(i.IRQ077_Handler)
    IRQ078_Handler                           0x000035e5   Thumb Code    16  hc32_ll_interrupts.o(i.IRQ078_Handler)
    IRQ079_Handler                           0x000035f9   Thumb Code    16  hc32_ll_interrupts.o(i.IRQ079_Handler)
    IRQ080_Handler                           0x0000360d   Thumb Code    16  hc32_ll_interrupts.o(i.IRQ080_Handler)
    IRQ081_Handler                           0x00003621   Thumb Code    16  hc32_ll_interrupts.o(i.IRQ081_Handler)
    IRQ082_Handler                           0x00003635   Thumb Code    16  hc32_ll_interrupts.o(i.IRQ082_Handler)
    IRQ083_Handler                           0x00003649   Thumb Code    16  hc32_ll_interrupts.o(i.IRQ083_Handler)
    IRQ084_Handler                           0x0000365d   Thumb Code    16  hc32_ll_interrupts.o(i.IRQ084_Handler)
    IRQ085_Handler                           0x00003671   Thumb Code    16  hc32_ll_interrupts.o(i.IRQ085_Handler)
    IRQ086_Handler                           0x00003685   Thumb Code    16  hc32_ll_interrupts.o(i.IRQ086_Handler)
    IRQ087_Handler                           0x00003699   Thumb Code    16  hc32_ll_interrupts.o(i.IRQ087_Handler)
    IRQ088_Handler                           0x000036ad   Thumb Code    16  hc32_ll_interrupts.o(i.IRQ088_Handler)
    IRQ089_Handler                           0x000036c1   Thumb Code    16  hc32_ll_interrupts.o(i.IRQ089_Handler)
    IRQ090_Handler                           0x000036d5   Thumb Code    16  hc32_ll_interrupts.o(i.IRQ090_Handler)
    IRQ091_Handler                           0x000036e9   Thumb Code    16  hc32_ll_interrupts.o(i.IRQ091_Handler)
    IRQ092_Handler                           0x000036fd   Thumb Code    16  hc32_ll_interrupts.o(i.IRQ092_Handler)
    IRQ093_Handler                           0x00003711   Thumb Code    16  hc32_ll_interrupts.o(i.IRQ093_Handler)
    IRQ094_Handler                           0x00003725   Thumb Code    16  hc32_ll_interrupts.o(i.IRQ094_Handler)
    IRQ095_Handler                           0x00003739   Thumb Code    16  hc32_ll_interrupts.o(i.IRQ095_Handler)
    IRQ096_Handler                           0x0000374d   Thumb Code    16  hc32_ll_interrupts.o(i.IRQ096_Handler)
    IRQ097_Handler                           0x00003761   Thumb Code    16  hc32_ll_interrupts.o(i.IRQ097_Handler)
    IRQ098_Handler                           0x00003775   Thumb Code    16  hc32_ll_interrupts.o(i.IRQ098_Handler)
    IRQ099_Handler                           0x00003789   Thumb Code    16  hc32_ll_interrupts.o(i.IRQ099_Handler)
    IRQ100_Handler                           0x0000379d   Thumb Code    16  hc32_ll_interrupts.o(i.IRQ100_Handler)
    IRQ101_Handler                           0x000037b1   Thumb Code    16  hc32_ll_interrupts.o(i.IRQ101_Handler)
    IRQ102_Handler                           0x000037c5   Thumb Code    16  hc32_ll_interrupts.o(i.IRQ102_Handler)
    IRQ103_Handler                           0x000037d9   Thumb Code    16  hc32_ll_interrupts.o(i.IRQ103_Handler)
    IRQ104_Handler                           0x000037ed   Thumb Code    16  hc32_ll_interrupts.o(i.IRQ104_Handler)
    IRQ105_Handler                           0x00003801   Thumb Code    16  hc32_ll_interrupts.o(i.IRQ105_Handler)
    IRQ106_Handler                           0x00003815   Thumb Code    16  hc32_ll_interrupts.o(i.IRQ106_Handler)
    IRQ107_Handler                           0x00003829   Thumb Code    16  hc32_ll_interrupts.o(i.IRQ107_Handler)
    IRQ108_Handler                           0x0000383d   Thumb Code    16  hc32_ll_interrupts.o(i.IRQ108_Handler)
    IRQ109_Handler                           0x00003851   Thumb Code    16  hc32_ll_interrupts.o(i.IRQ109_Handler)
    IRQ110_Handler                           0x00003865   Thumb Code    16  hc32_ll_interrupts.o(i.IRQ110_Handler)
    IRQ111_Handler                           0x00003879   Thumb Code    16  hc32_ll_interrupts.o(i.IRQ111_Handler)
    IRQ112_Handler                           0x0000388d   Thumb Code    16  hc32_ll_interrupts.o(i.IRQ112_Handler)
    IRQ113_Handler                           0x000038a1   Thumb Code    16  hc32_ll_interrupts.o(i.IRQ113_Handler)
    IRQ114_Handler                           0x000038b5   Thumb Code    16  hc32_ll_interrupts.o(i.IRQ114_Handler)
    IRQ115_Handler                           0x000038c9   Thumb Code    16  hc32_ll_interrupts.o(i.IRQ115_Handler)
    IRQ116_Handler                           0x000038dd   Thumb Code    16  hc32_ll_interrupts.o(i.IRQ116_Handler)
    IRQ117_Handler                           0x000038f1   Thumb Code    16  hc32_ll_interrupts.o(i.IRQ117_Handler)
    IRQ118_Handler                           0x00003905   Thumb Code    16  hc32_ll_interrupts.o(i.IRQ118_Handler)
    IRQ119_Handler                           0x00003919   Thumb Code    16  hc32_ll_interrupts.o(i.IRQ119_Handler)
    IRQ120_Handler                           0x0000392d   Thumb Code    16  hc32_ll_interrupts.o(i.IRQ120_Handler)
    IRQ121_Handler                           0x00003941   Thumb Code    16  hc32_ll_interrupts.o(i.IRQ121_Handler)
    IRQ122_Handler                           0x00003955   Thumb Code    16  hc32_ll_interrupts.o(i.IRQ122_Handler)
    IRQ123_Handler                           0x00003969   Thumb Code    16  hc32_ll_interrupts.o(i.IRQ123_Handler)
    IRQ124_Handler                           0x0000397d   Thumb Code    16  hc32_ll_interrupts.o(i.IRQ124_Handler)
    IRQ125_Handler                           0x00003991   Thumb Code    16  hc32_ll_interrupts.o(i.IRQ125_Handler)
    IRQ126_Handler                           0x000039a5   Thumb Code    16  hc32_ll_interrupts.o(i.IRQ126_Handler)
    IRQ127_Handler                           0x000039b9   Thumb Code    16  hc32_ll_interrupts.o(i.IRQ127_Handler)
    LED_Init                                 0x000039cd   Thumb Code    56  app_gpio.o(i.LED_Init)
    LL_PERIPH_WE                             0x00003a05   Thumb Code   122  hc32_ll.o(i.LL_PERIPH_WE)
    LL_PERIPH_WP                             0x00003a95   Thumb Code   114  hc32_ll.o(i.LL_PERIPH_WP)
    PWC_HighSpeedToHighPerformance           0x00003b75   Thumb Code    68  hc32_ll_pwc.o(i.PWC_HighSpeedToHighPerformance)
    SRAM_SetWaitCycle                        0x00003c95   Thumb Code   182  hc32_ll_sram.o(i.SRAM_SetWaitCycle)
    SystemCoreClockUpdate                    0x0000446d   Thumb Code   174  system_hc32f460.o(i.SystemCoreClockUpdate)
    SystemInit                               0x00004539   Thumb Code    28  system_hc32f460.o(i.SystemInit)
    TMR0_HWClearCondCmd                      0x000045e1   Thumb Code   114  hc32_ll_tmr0.o(i.TMR0_HWClearCondCmd)
    TMR0_HWStartCondCmd                      0x00004699   Thumb Code   114  hc32_ll_tmr0.o(i.TMR0_HWStartCondCmd)
    TMR0_Init                                0x00004751   Thumb Code   284  hc32_ll_tmr0.o(i.TMR0_Init)
    TMRA_DeInit                              0x000048b1   Thumb Code   166  hc32_ll_tmra.o(i.TMRA_DeInit)
    TMRA_GetCountValue                       0x000049ad   Thumb Code    60  hc32_ll_tmra.o(i.TMRA_GetCountValue)
    TMRA_Init                                0x00004a3d   Thumb Code   346  hc32_ll_tmra.o(i.TMRA_Init)
    TMRA_SetCountValue                       0x00004bed   Thumb Code    62  hc32_ll_tmra.o(i.TMRA_SetCountValue)
    TMRA_SetPeriodValue                      0x00004c81   Thumb Code    62  hc32_ll_tmra.o(i.TMRA_SetPeriodValue)
    TMRA_Start                               0x00004d15   Thumb Code    70  hc32_ll_tmra.o(i.TMRA_Start)
    TMRA_StructInit                          0x00004db1   Thumb Code    36  hc32_ll_tmra.o(i.TMRA_StructInit)
    USART_ClearStatus                        0x000050ad   Thumb Code   108  hc32_ll_usart.o(i.USART_ClearStatus)
    USART_FuncCmd                            0x0000516d   Thumb Code   124  hc32_ll_usart.o(i.USART_FuncCmd)
    USART_ReadData                           0x000052f1   Thumb Code    48  hc32_ll_usart.o(i.USART_ReadData)
    USART_SetBaudrate                        0x00005451   Thumb Code   230  hc32_ll_usart.o(i.USART_SetBaudrate)
    USART_UART_Init                          0x00005635   Thumb Code   436  hc32_ll_usart.o(i.USART_UART_Init)
    USART_UART_StructInit                    0x00005839   Thumb Code    46  hc32_ll_usart.o(i.USART_UART_StructInit)
    __0printf$3                              0x00005899   Thumb Code    22  printf3.o(i.__0printf$3)
    __1printf$3                              0x00005899   Thumb Code     0  printf3.o(i.__0printf$3)
    __2printf                                0x00005899   Thumb Code     0  printf3.o(i.__0printf$3)
    __scatterload_copy                       0x00005985   Thumb Code    14  handlers.o(i.__scatterload_copy)
    __scatterload_zeroinit                   0x00005993   Thumb Code    14  handlers.o(i.__scatterload_zeroinit)
    all_led_off                              0x00005b59   Thumb Code    28  led.o(i.all_led_off)
    delay_ms                                 0x00005b75   Thumb Code    24  sys.o(i.delay_ms)
    delay_us                                 0x00005b8d   Thumb Code    44  sys.o(i.delay_us)
    enable_uart2                             0x00005bbd   Thumb Code    14  uart2_app.o(i.enable_uart2)
    enable_uart4                             0x00005bd1   Thumb Code    14  uart4_app.o(i.enable_uart4)
    fputc                                    0x00005be5   Thumb Code    24  hc32_ll_utility.o(i.fputc)
    gpio_init                                0x00005bfd   Thumb Code   140  app_gpio.o(i.gpio_init)
    init_clock                               0x00005c8d   Thumb Code    84  clock_app.o(i.init_clock)
    led_red_on                               0x00005ced   Thumb Code    16  led.o(i.led_red_on)
    led_test                                 0x00005cfd   Thumb Code    36  app_gpio.o(i.led_test)
    main                                     0x00005d21   Thumb Code    98  main.o(i.main)
    uart2_init                               0x00005fe1   Thumb Code   246  uart2_app.o(i.uart2_init)
    uart2_send_data                          0x000060e9   Thumb Code    68  uart2_app.o(i.uart2_send_data)
    uart4_init                               0x00006139   Thumb Code   250  uart4_app.o(i.uart4_init)
    uart4_send_data                          0x00006245   Thumb Code    68  uart4_app.o(i.uart4_send_data)
    channels                                 0x00006294   Data          64  app_gpio.o(.constdata)
    Region$$Table$$Base                      0x00006328   Number         0  anon$$obj.o(Region$$Table)
    Region$$Table$$Limit                     0x00006348   Number         0  anon$$obj.o(Region$$Table)
    SystemCoreClock                          0x1fff8000   Data           4  system_hc32f460.o(.bss.noinit)
    HRC_VALUE                                0x1fff8004   Data           4  system_hc32f460.o(.bss.noinit)
    __stdout                                 0x1fff802c   Data           4  stdout.o(.data)
    __initial_sp                             0x1fffa658   Data           0  startup_hc32f460.o(STACK)



==============================================================================

Memory Map of the image

  Image Entry point : 0x00000281

  Load Region LR_IROM1 (Base: 0x00000000, Size: 0x00006370, Max: 0x00080000, ABSOLUTE)

    Execution Region ER_IROM1 (Exec base: 0x00000000, Load base: 0x00000000, Size: 0x00006348, Max: 0x00080000, ABSOLUTE)

    Exec Addr    Load Addr    Size         Type   Attr      Idx    E Section Name        Object

    0x00000000   0x00000000   0x00000280   Data   RO            3    RESET               startup_hc32f460.o
    0x00000280   0x00000280   0x00000000   Code   RO         4310  * .ARM.Collect$$$$00000000  mc_w.l(entry.o)
    0x00000280   0x00000280   0x00000004   Code   RO         4588    .ARM.Collect$$$$00000001  mc_w.l(entry2.o)
    0x00000284   0x00000284   0x00000004   Code   RO         4591    .ARM.Collect$$$$00000004  mc_w.l(entry5.o)
    0x00000288   0x00000288   0x00000000   Code   RO         4593    .ARM.Collect$$$$00000008  mc_w.l(entry7b.o)
    0x00000288   0x00000288   0x00000000   Code   RO         4595    .ARM.Collect$$$$0000000A  mc_w.l(entry8b.o)
    0x00000288   0x00000288   0x00000008   Code   RO         4596    .ARM.Collect$$$$0000000B  mc_w.l(entry9a.o)
    0x00000290   0x00000290   0x00000000   Code   RO         4598    .ARM.Collect$$$$0000000D  mc_w.l(entry10a.o)
    0x00000290   0x00000290   0x00000000   Code   RO         4600    .ARM.Collect$$$$0000000F  mc_w.l(entry11a.o)
    0x00000290   0x00000290   0x00000004   Code   RO         4589    .ARM.Collect$$$$00002712  mc_w.l(entry2.o)
    0x00000294   0x00000294   0x00000064   Code   RO            4    .text               startup_hc32f460.o
    0x000002f8   0x000002f8   0x00000062   Code   RO         4313    .text               mc_w.l(uldiv.o)
    0x0000035a   0x0000035a   0x00000024   Code   RO         4315    .text               mc_w.l(memcpya.o)
    0x0000037e   0x0000037e   0x0000001a   Code   RO         4582    .text               mf_w.l(dfltui.o)
    0x00000398   0x00000398   0x00000018   Code   RO         4584    .text               mf_w.l(dfltul.o)
    0x000003b0   0x000003b0   0x00000038   Code   RO         4586    .text               mf_w.l(d2f.o)
    0x000003e8   0x000003e8   0x00000000   Code   RO         4609    .text               mc_w.l(iusefp.o)
    0x000003e8   0x000003e8   0x00000014   Code   RO          758    i.ADC_StructInit    hc32_ll_adc.o
    0x000003fc   0x000003fc   0x00000002   Code   RO         4629    i.__scatterload_null  mc_w.l(handlers.o)
    0x000003fe   0x000003fe   0x00000002   PAD
    0x00000400   0x00000400   0x00000020   Data   RO         2082    .ARM.__AT_0x00000400  hc32_ll_icg.o
    0x00000420   0x00000420   0x000000de   Code   RO         4580    .text               mf_w.l(ddiv.o)
    0x000004fe   0x000004fe   0x0000002c   Code   RO         4603    .text               mc_w.l(uidiv.o)
    0x0000052a   0x0000052a   0x0000001e   Code   RO         4605    .text               mc_w.l(llshl.o)
    0x00000548   0x00000548   0x00000020   Code   RO         4607    .text               mc_w.l(llushr.o)
    0x00000568   0x00000568   0x0000006e   Code   RO         4610    .text               mf_w.l(fepilogue.o)
    0x000005d6   0x000005d6   0x000000ba   Code   RO         4612    .text               mf_w.l(depilogue.o)
    0x00000690   0x00000690   0x00000024   Code   RO         4622    .text               mc_w.l(init.o)
    0x000006b4   0x000006b4   0x000000d0   Code   RO          734    i.ADC_ChCmd         hc32_ll_adc.o
    0x00000784   0x00000784   0x0000008c   Code   RO          736    i.ADC_ClearStatus   hc32_ll_adc.o
    0x00000810   0x00000810   0x000000d8   Code   RO          746    i.ADC_Init          hc32_ll_adc.o
    0x000008e8   0x000008e8   0x000000b4   Code   RO          747    i.ADC_IntCmd        hc32_ll_adc.o
    0x0000099c   0x0000099c   0x0000009c   Code   RO          754    i.ADC_SetSampleTime  hc32_ll_adc.o
    0x00000a38   0x00000a38   0x00000078   Code   RO          756    i.ADC_Start         hc32_ll_adc.o
    0x00000ab0   0x00000ab0   0x00000074   Code   RO          978    i.AOS_SetTriggerEventSrc  hc32_ll_aos.o
    0x00000b24   0x00000b24   0x00000014   Code   RO           84    i.AdcConfig         main.o
    0x00000b38   0x00000b38   0x0000005c   Code   RO           85    i.AdcInitConfig     main.o
    0x00000b94   0x00000b94   0x00000020   Code   RO           86    i.AdcSetPinAnalogMode  main.o
    0x00000bb4   0x00000bb4   0x00000028   Code   RO         4208    i.BSP_KEY_KEY10_IrqHandler  ev_hc32f460_lqfp100_v2.o
    0x00000bdc   0x00000bdc   0x00000016   Code   RO         1009    i.CLK_GetClockFreq  hc32_ll_clk.o
    0x00000bf2   0x00000bf2   0x00000002   PAD
    0x00000bf4   0x00000bf4   0x00000070   Code   RO         1011    i.CLK_GetStableStatus  hc32_ll_clk.o
    0x00000c64   0x00000c64   0x000000d4   Code   RO         1013    i.CLK_HrcCmd        hc32_ll_clk.o
    0x00000d38   0x00000d38   0x000000ac   Code   RO         1015    i.CLK_LrcCmd        hc32_ll_clk.o
    0x00000de4   0x00000de4   0x000000d8   Code   RO         1021    i.CLK_PLLCmd        hc32_ll_clk.o
    0x00000ebc   0x00000ebc   0x000002b4   Code   RO         1022    i.CLK_PLLInit       hc32_ll_clk.o
    0x00001170   0x00001170   0x00000052   Code   RO         1023    i.CLK_PLLStructInit  hc32_ll_clk.o
    0x000011c2   0x000011c2   0x00000014   Code   RO         1027    i.CLK_SetClockDiv   hc32_ll_clk.o
    0x000011d6   0x000011d6   0x00000010   Code   RO         1031    i.CLK_SetSysClockSrc  hc32_ll_clk.o
    0x000011e6   0x000011e6   0x00000030   Code   RO         1036    i.CLK_WaitStable    hc32_ll_clk.o
    0x00001216   0x00001216   0x00000002   PAD
    0x00001218   0x00001218   0x000000d4   Code   RO         1040    i.CLK_XtalCmd       hc32_ll_clk.o
    0x000012ec   0x000012ec   0x00000154   Code   RO         1041    i.CLK_XtalInit      hc32_ll_clk.o
    0x00001440   0x00001440   0x0000001e   Code   RO         1044    i.CLK_XtalStructInit  hc32_ll_clk.o
    0x0000145e   0x0000145e   0x00000002   PAD
    0x00001460   0x00001460   0x00000224   Code   RO         3579    i.ClockSync_CalculateBrr  hc32_ll_usart.o
    0x00001684   0x00001684   0x00000044   Code   RO         3874    i.DDL_AssertHandler  hc32_ll_utility.o
    0x000016c8   0x000016c8   0x0000004c   Code   RO         3875    i.DDL_ConsoleOutputChar  hc32_ll_utility.o
    0x00001714   0x00001714   0x00000040   Code   RO         3877    i.DDL_DelayUS       hc32_ll_utility.o
    0x00001754   0x00001754   0x00000210   Code   RO         1272    i.DMA_ChCmd         hc32_ll_dma.o
    0x00001964   0x00001964   0x00000088   Code   RO         1274    i.DMA_ClearTransCompleteStatus  hc32_ll_dma.o
    0x000019ec   0x000019ec   0x0000007c   Code   RO         1275    i.DMA_Cmd           hc32_ll_dma.o
    0x00001a68   0x00001a68   0x000001cc   Code   RO          451    i.DMA_Config        uart4_app.o
    0x00001c34   0x00001c34   0x00000090   Code   RO         1290    i.DMA_GetTransCount  hc32_ll_dma.o
    0x00001cc4   0x00001cc4   0x000001c4   Code   RO         1292    i.DMA_Init          hc32_ll_dma.o
    0x00001e88   0x00001e88   0x0000010c   Code   RO         1294    i.DMA_LlpInit       hc32_ll_dma.o
    0x00001f94   0x00001f94   0x00000014   Code   RO         1295    i.DMA_LlpStructInit  hc32_ll_dma.o
    0x00001fa8   0x00001fa8   0x00000094   Code   RO         1299    i.DMA_ReconfigCmd   hc32_ll_dma.o
    0x0000203c   0x0000203c   0x000000ac   Code   RO         1301    i.DMA_ReconfigLlpCmd  hc32_ll_dma.o
    0x000020e8   0x000020e8   0x000000bc   Code   RO         1317    i.DMA_SetSrcAddr    hc32_ll_dma.o
    0x000021a4   0x000021a4   0x000000c8   Code   RO         1319    i.DMA_SetTransCount  hc32_ll_dma.o
    0x0000226c   0x0000226c   0x00000022   Code   RO         1320    i.DMA_StructInit    hc32_ll_dma.o
    0x0000228e   0x0000228e   0x00000002   PAD
    0x00002290   0x00002290   0x000000ac   Code   RO         1321    i.DMA_TransCompleteIntCmd  hc32_ll_dma.o
    0x0000233c   0x0000233c   0x00000050   Code   RO          374    i.DelayUs_Init      sys.o
    0x0000238c   0x0000238c   0x000000c8   Code   RO         1619    i.EFM_SetWaitCycle  hc32_ll_efm.o
    0x00002454   0x00002454   0x00000034   Code   RO         2103    i.EXTINT_ClearExtIntStatus  hc32_ll_interrupts.o
    0x00002488   0x00002488   0x000000ac   Code   RO         1816    i.FCG_Fcg0PeriphClockCmd  hc32_ll_fcg.o
    0x00002534   0x00002534   0x00000094   Code   RO         1817    i.FCG_Fcg1PeriphClockCmd  hc32_ll_fcg.o
    0x000025c8   0x000025c8   0x00000094   Code   RO         1818    i.FCG_Fcg2PeriphClockCmd  hc32_ll_fcg.o
    0x0000265c   0x0000265c   0x00000094   Code   RO         1819    i.FCG_Fcg3PeriphClockCmd  hc32_ll_fcg.o
    0x000026f0   0x000026f0   0x000000e4   Code   RO         1942    i.GPIO_AnalogCmd    hc32_ll_gpio.o
    0x000027d4   0x000027d4   0x00000210   Code   RO         1945    i.GPIO_Init         hc32_ll_gpio.o
    0x000029e4   0x000029e4   0x00000098   Code   RO         1948    i.GPIO_ReadInputPins  hc32_ll_gpio.o
    0x00002a7c   0x00002a7c   0x00000094   Code   RO         1952    i.GPIO_ResetPins    hc32_ll_gpio.o
    0x00002b10   0x00002b10   0x000000bc   Code   RO         1953    i.GPIO_SetDebugPort  hc32_ll_gpio.o
    0x00002bcc   0x00002bcc   0x000000fc   Code   RO         1954    i.GPIO_SetFunc      hc32_ll_gpio.o
    0x00002cc8   0x00002cc8   0x00000094   Code   RO         1955    i.GPIO_SetPins      hc32_ll_gpio.o
    0x00002d5c   0x00002d5c   0x00000020   Code   RO         1958    i.GPIO_StructInit   hc32_ll_gpio.o
    0x00002d7c   0x00002d7c   0x00000094   Code   RO         1960    i.GPIO_TogglePins   hc32_ll_gpio.o
    0x00002e10   0x00002e10   0x00000108   Code   RO         1045    i.GetClockFreq      hc32_ll_clk.o
    0x00002f18   0x00002f18   0x000000b4   Code   RO         2109    i.INTC_IrqSignIn    hc32_ll_interrupts.o
    0x00002fcc   0x00002fcc   0x00000014   Code   RO         2114    i.IRQ000_Handler    hc32_ll_interrupts.o
    0x00002fe0   0x00002fe0   0x00000014   Code   RO         2115    i.IRQ001_Handler    hc32_ll_interrupts.o
    0x00002ff4   0x00002ff4   0x00000014   Code   RO         2116    i.IRQ002_Handler    hc32_ll_interrupts.o
    0x00003008   0x00003008   0x00000014   Code   RO         2117    i.IRQ003_Handler    hc32_ll_interrupts.o
    0x0000301c   0x0000301c   0x00000014   Code   RO         2118    i.IRQ004_Handler    hc32_ll_interrupts.o
    0x00003030   0x00003030   0x00000014   Code   RO         2119    i.IRQ005_Handler    hc32_ll_interrupts.o
    0x00003044   0x00003044   0x00000014   Code   RO         2120    i.IRQ006_Handler    hc32_ll_interrupts.o
    0x00003058   0x00003058   0x00000014   Code   RO         2121    i.IRQ007_Handler    hc32_ll_interrupts.o
    0x0000306c   0x0000306c   0x00000014   Code   RO         2122    i.IRQ008_Handler    hc32_ll_interrupts.o
    0x00003080   0x00003080   0x00000014   Code   RO         2123    i.IRQ009_Handler    hc32_ll_interrupts.o
    0x00003094   0x00003094   0x00000014   Code   RO         2124    i.IRQ010_Handler    hc32_ll_interrupts.o
    0x000030a8   0x000030a8   0x00000014   Code   RO         2125    i.IRQ011_Handler    hc32_ll_interrupts.o
    0x000030bc   0x000030bc   0x00000014   Code   RO         2126    i.IRQ012_Handler    hc32_ll_interrupts.o
    0x000030d0   0x000030d0   0x00000014   Code   RO         2127    i.IRQ013_Handler    hc32_ll_interrupts.o
    0x000030e4   0x000030e4   0x00000014   Code   RO         2128    i.IRQ014_Handler    hc32_ll_interrupts.o
    0x000030f8   0x000030f8   0x00000014   Code   RO         2129    i.IRQ015_Handler    hc32_ll_interrupts.o
    0x0000310c   0x0000310c   0x00000014   Code   RO         2130    i.IRQ016_Handler    hc32_ll_interrupts.o
    0x00003120   0x00003120   0x00000014   Code   RO         2131    i.IRQ017_Handler    hc32_ll_interrupts.o
    0x00003134   0x00003134   0x00000014   Code   RO         2132    i.IRQ018_Handler    hc32_ll_interrupts.o
    0x00003148   0x00003148   0x00000014   Code   RO         2133    i.IRQ019_Handler    hc32_ll_interrupts.o
    0x0000315c   0x0000315c   0x00000014   Code   RO         2134    i.IRQ020_Handler    hc32_ll_interrupts.o
    0x00003170   0x00003170   0x00000014   Code   RO         2135    i.IRQ021_Handler    hc32_ll_interrupts.o
    0x00003184   0x00003184   0x00000014   Code   RO         2136    i.IRQ022_Handler    hc32_ll_interrupts.o
    0x00003198   0x00003198   0x00000014   Code   RO         2137    i.IRQ023_Handler    hc32_ll_interrupts.o
    0x000031ac   0x000031ac   0x00000014   Code   RO         2138    i.IRQ024_Handler    hc32_ll_interrupts.o
    0x000031c0   0x000031c0   0x00000014   Code   RO         2139    i.IRQ025_Handler    hc32_ll_interrupts.o
    0x000031d4   0x000031d4   0x00000014   Code   RO         2140    i.IRQ026_Handler    hc32_ll_interrupts.o
    0x000031e8   0x000031e8   0x00000014   Code   RO         2141    i.IRQ027_Handler    hc32_ll_interrupts.o
    0x000031fc   0x000031fc   0x00000014   Code   RO         2142    i.IRQ028_Handler    hc32_ll_interrupts.o
    0x00003210   0x00003210   0x00000014   Code   RO         2143    i.IRQ029_Handler    hc32_ll_interrupts.o
    0x00003224   0x00003224   0x00000014   Code   RO         2144    i.IRQ030_Handler    hc32_ll_interrupts.o
    0x00003238   0x00003238   0x00000014   Code   RO         2145    i.IRQ031_Handler    hc32_ll_interrupts.o
    0x0000324c   0x0000324c   0x00000014   Code   RO         2146    i.IRQ032_Handler    hc32_ll_interrupts.o
    0x00003260   0x00003260   0x00000014   Code   RO         2147    i.IRQ033_Handler    hc32_ll_interrupts.o
    0x00003274   0x00003274   0x00000014   Code   RO         2148    i.IRQ034_Handler    hc32_ll_interrupts.o
    0x00003288   0x00003288   0x00000014   Code   RO         2149    i.IRQ035_Handler    hc32_ll_interrupts.o
    0x0000329c   0x0000329c   0x00000014   Code   RO         2150    i.IRQ036_Handler    hc32_ll_interrupts.o
    0x000032b0   0x000032b0   0x00000014   Code   RO         2151    i.IRQ037_Handler    hc32_ll_interrupts.o
    0x000032c4   0x000032c4   0x00000014   Code   RO         2152    i.IRQ038_Handler    hc32_ll_interrupts.o
    0x000032d8   0x000032d8   0x00000014   Code   RO         2153    i.IRQ039_Handler    hc32_ll_interrupts.o
    0x000032ec   0x000032ec   0x00000014   Code   RO         2154    i.IRQ040_Handler    hc32_ll_interrupts.o
    0x00003300   0x00003300   0x00000014   Code   RO         2155    i.IRQ041_Handler    hc32_ll_interrupts.o
    0x00003314   0x00003314   0x00000014   Code   RO         2156    i.IRQ042_Handler    hc32_ll_interrupts.o
    0x00003328   0x00003328   0x00000014   Code   RO         2157    i.IRQ043_Handler    hc32_ll_interrupts.o
    0x0000333c   0x0000333c   0x00000014   Code   RO         2158    i.IRQ044_Handler    hc32_ll_interrupts.o
    0x00003350   0x00003350   0x00000014   Code   RO         2159    i.IRQ045_Handler    hc32_ll_interrupts.o
    0x00003364   0x00003364   0x00000014   Code   RO         2160    i.IRQ046_Handler    hc32_ll_interrupts.o
    0x00003378   0x00003378   0x00000014   Code   RO         2161    i.IRQ047_Handler    hc32_ll_interrupts.o
    0x0000338c   0x0000338c   0x00000014   Code   RO         2162    i.IRQ048_Handler    hc32_ll_interrupts.o
    0x000033a0   0x000033a0   0x00000014   Code   RO         2163    i.IRQ049_Handler    hc32_ll_interrupts.o
    0x000033b4   0x000033b4   0x00000014   Code   RO         2164    i.IRQ050_Handler    hc32_ll_interrupts.o
    0x000033c8   0x000033c8   0x00000014   Code   RO         2165    i.IRQ051_Handler    hc32_ll_interrupts.o
    0x000033dc   0x000033dc   0x00000014   Code   RO         2166    i.IRQ052_Handler    hc32_ll_interrupts.o
    0x000033f0   0x000033f0   0x00000014   Code   RO         2167    i.IRQ053_Handler    hc32_ll_interrupts.o
    0x00003404   0x00003404   0x00000014   Code   RO         2168    i.IRQ054_Handler    hc32_ll_interrupts.o
    0x00003418   0x00003418   0x00000014   Code   RO         2169    i.IRQ055_Handler    hc32_ll_interrupts.o
    0x0000342c   0x0000342c   0x00000014   Code   RO         2170    i.IRQ056_Handler    hc32_ll_interrupts.o
    0x00003440   0x00003440   0x00000014   Code   RO         2171    i.IRQ057_Handler    hc32_ll_interrupts.o
    0x00003454   0x00003454   0x00000014   Code   RO         2172    i.IRQ058_Handler    hc32_ll_interrupts.o
    0x00003468   0x00003468   0x00000014   Code   RO         2173    i.IRQ059_Handler    hc32_ll_interrupts.o
    0x0000347c   0x0000347c   0x00000014   Code   RO         2174    i.IRQ060_Handler    hc32_ll_interrupts.o
    0x00003490   0x00003490   0x00000014   Code   RO         2175    i.IRQ061_Handler    hc32_ll_interrupts.o
    0x000034a4   0x000034a4   0x00000014   Code   RO         2176    i.IRQ062_Handler    hc32_ll_interrupts.o
    0x000034b8   0x000034b8   0x00000014   Code   RO         2177    i.IRQ063_Handler    hc32_ll_interrupts.o
    0x000034cc   0x000034cc   0x00000014   Code   RO         2178    i.IRQ064_Handler    hc32_ll_interrupts.o
    0x000034e0   0x000034e0   0x00000014   Code   RO         2179    i.IRQ065_Handler    hc32_ll_interrupts.o
    0x000034f4   0x000034f4   0x00000014   Code   RO         2180    i.IRQ066_Handler    hc32_ll_interrupts.o
    0x00003508   0x00003508   0x00000014   Code   RO         2181    i.IRQ067_Handler    hc32_ll_interrupts.o
    0x0000351c   0x0000351c   0x00000014   Code   RO         2182    i.IRQ068_Handler    hc32_ll_interrupts.o
    0x00003530   0x00003530   0x00000014   Code   RO         2183    i.IRQ069_Handler    hc32_ll_interrupts.o
    0x00003544   0x00003544   0x00000014   Code   RO         2184    i.IRQ070_Handler    hc32_ll_interrupts.o
    0x00003558   0x00003558   0x00000014   Code   RO         2185    i.IRQ071_Handler    hc32_ll_interrupts.o
    0x0000356c   0x0000356c   0x00000014   Code   RO         2186    i.IRQ072_Handler    hc32_ll_interrupts.o
    0x00003580   0x00003580   0x00000014   Code   RO         2187    i.IRQ073_Handler    hc32_ll_interrupts.o
    0x00003594   0x00003594   0x00000014   Code   RO         2188    i.IRQ074_Handler    hc32_ll_interrupts.o
    0x000035a8   0x000035a8   0x00000014   Code   RO         2189    i.IRQ075_Handler    hc32_ll_interrupts.o
    0x000035bc   0x000035bc   0x00000014   Code   RO         2190    i.IRQ076_Handler    hc32_ll_interrupts.o
    0x000035d0   0x000035d0   0x00000014   Code   RO         2191    i.IRQ077_Handler    hc32_ll_interrupts.o
    0x000035e4   0x000035e4   0x00000014   Code   RO         2192    i.IRQ078_Handler    hc32_ll_interrupts.o
    0x000035f8   0x000035f8   0x00000014   Code   RO         2193    i.IRQ079_Handler    hc32_ll_interrupts.o
    0x0000360c   0x0000360c   0x00000014   Code   RO         2194    i.IRQ080_Handler    hc32_ll_interrupts.o
    0x00003620   0x00003620   0x00000014   Code   RO         2195    i.IRQ081_Handler    hc32_ll_interrupts.o
    0x00003634   0x00003634   0x00000014   Code   RO         2196    i.IRQ082_Handler    hc32_ll_interrupts.o
    0x00003648   0x00003648   0x00000014   Code   RO         2197    i.IRQ083_Handler    hc32_ll_interrupts.o
    0x0000365c   0x0000365c   0x00000014   Code   RO         2198    i.IRQ084_Handler    hc32_ll_interrupts.o
    0x00003670   0x00003670   0x00000014   Code   RO         2199    i.IRQ085_Handler    hc32_ll_interrupts.o
    0x00003684   0x00003684   0x00000014   Code   RO         2200    i.IRQ086_Handler    hc32_ll_interrupts.o
    0x00003698   0x00003698   0x00000014   Code   RO         2201    i.IRQ087_Handler    hc32_ll_interrupts.o
    0x000036ac   0x000036ac   0x00000014   Code   RO         2202    i.IRQ088_Handler    hc32_ll_interrupts.o
    0x000036c0   0x000036c0   0x00000014   Code   RO         2203    i.IRQ089_Handler    hc32_ll_interrupts.o
    0x000036d4   0x000036d4   0x00000014   Code   RO         2204    i.IRQ090_Handler    hc32_ll_interrupts.o
    0x000036e8   0x000036e8   0x00000014   Code   RO         2205    i.IRQ091_Handler    hc32_ll_interrupts.o
    0x000036fc   0x000036fc   0x00000014   Code   RO         2206    i.IRQ092_Handler    hc32_ll_interrupts.o
    0x00003710   0x00003710   0x00000014   Code   RO         2207    i.IRQ093_Handler    hc32_ll_interrupts.o
    0x00003724   0x00003724   0x00000014   Code   RO         2208    i.IRQ094_Handler    hc32_ll_interrupts.o
    0x00003738   0x00003738   0x00000014   Code   RO         2209    i.IRQ095_Handler    hc32_ll_interrupts.o
    0x0000374c   0x0000374c   0x00000014   Code   RO         2210    i.IRQ096_Handler    hc32_ll_interrupts.o
    0x00003760   0x00003760   0x00000014   Code   RO         2211    i.IRQ097_Handler    hc32_ll_interrupts.o
    0x00003774   0x00003774   0x00000014   Code   RO         2212    i.IRQ098_Handler    hc32_ll_interrupts.o
    0x00003788   0x00003788   0x00000014   Code   RO         2213    i.IRQ099_Handler    hc32_ll_interrupts.o
    0x0000379c   0x0000379c   0x00000014   Code   RO         2214    i.IRQ100_Handler    hc32_ll_interrupts.o
    0x000037b0   0x000037b0   0x00000014   Code   RO         2215    i.IRQ101_Handler    hc32_ll_interrupts.o
    0x000037c4   0x000037c4   0x00000014   Code   RO         2216    i.IRQ102_Handler    hc32_ll_interrupts.o
    0x000037d8   0x000037d8   0x00000014   Code   RO         2217    i.IRQ103_Handler    hc32_ll_interrupts.o
    0x000037ec   0x000037ec   0x00000014   Code   RO         2218    i.IRQ104_Handler    hc32_ll_interrupts.o
    0x00003800   0x00003800   0x00000014   Code   RO         2219    i.IRQ105_Handler    hc32_ll_interrupts.o
    0x00003814   0x00003814   0x00000014   Code   RO         2220    i.IRQ106_Handler    hc32_ll_interrupts.o
    0x00003828   0x00003828   0x00000014   Code   RO         2221    i.IRQ107_Handler    hc32_ll_interrupts.o
    0x0000383c   0x0000383c   0x00000014   Code   RO         2222    i.IRQ108_Handler    hc32_ll_interrupts.o
    0x00003850   0x00003850   0x00000014   Code   RO         2223    i.IRQ109_Handler    hc32_ll_interrupts.o
    0x00003864   0x00003864   0x00000014   Code   RO         2224    i.IRQ110_Handler    hc32_ll_interrupts.o
    0x00003878   0x00003878   0x00000014   Code   RO         2225    i.IRQ111_Handler    hc32_ll_interrupts.o
    0x0000388c   0x0000388c   0x00000014   Code   RO         2226    i.IRQ112_Handler    hc32_ll_interrupts.o
    0x000038a0   0x000038a0   0x00000014   Code   RO         2227    i.IRQ113_Handler    hc32_ll_interrupts.o
    0x000038b4   0x000038b4   0x00000014   Code   RO         2228    i.IRQ114_Handler    hc32_ll_interrupts.o
    0x000038c8   0x000038c8   0x00000014   Code   RO         2229    i.IRQ115_Handler    hc32_ll_interrupts.o
    0x000038dc   0x000038dc   0x00000014   Code   RO         2230    i.IRQ116_Handler    hc32_ll_interrupts.o
    0x000038f0   0x000038f0   0x00000014   Code   RO         2231    i.IRQ117_Handler    hc32_ll_interrupts.o
    0x00003904   0x00003904   0x00000014   Code   RO         2232    i.IRQ118_Handler    hc32_ll_interrupts.o
    0x00003918   0x00003918   0x00000014   Code   RO         2233    i.IRQ119_Handler    hc32_ll_interrupts.o
    0x0000392c   0x0000392c   0x00000014   Code   RO         2234    i.IRQ120_Handler    hc32_ll_interrupts.o
    0x00003940   0x00003940   0x00000014   Code   RO         2235    i.IRQ121_Handler    hc32_ll_interrupts.o
    0x00003954   0x00003954   0x00000014   Code   RO         2236    i.IRQ122_Handler    hc32_ll_interrupts.o
    0x00003968   0x00003968   0x00000014   Code   RO         2237    i.IRQ123_Handler    hc32_ll_interrupts.o
    0x0000397c   0x0000397c   0x00000014   Code   RO         2238    i.IRQ124_Handler    hc32_ll_interrupts.o
    0x00003990   0x00003990   0x00000014   Code   RO         2239    i.IRQ125_Handler    hc32_ll_interrupts.o
    0x000039a4   0x000039a4   0x00000014   Code   RO         2240    i.IRQ126_Handler    hc32_ll_interrupts.o
    0x000039b8   0x000039b8   0x00000014   Code   RO         2241    i.IRQ127_Handler    hc32_ll_interrupts.o
    0x000039cc   0x000039cc   0x00000038   Code   RO          269    i.LED_Init          app_gpio.o
    0x00003a04   0x00003a04   0x00000090   Code   RO          668    i.LL_PERIPH_WE      hc32_ll.o
    0x00003a94   0x00003a94   0x00000088   Code   RO          669    i.LL_PERIPH_WP      hc32_ll.o
    0x00003b1c   0x00003b1c   0x00000058   Code   RO          338    i.MPLLInit          clock_app.o
    0x00003b74   0x00003b74   0x00000084   Code   RO         3035    i.PWC_HighSpeedToHighPerformance  hc32_ll_pwc.o
    0x00003bf8   0x00003bf8   0x0000001c   Code   RO          670    i.PWC_REG_Lock      hc32_ll.o
    0x00003c14   0x00003c14   0x00000018   Code   RO          671    i.PWC_REG_Unlock    hc32_ll.o
    0x00003c2c   0x00003c2c   0x00000034   Code   RO          452    i.RX_DMA_TC_IrqCallback  uart4_app.o
    0x00003c60   0x00003c60   0x00000034   Code   RO          563    i.RX_DMA_TC_IrqCallback  uart2_app.o
    0x00003c94   0x00003c94   0x000000f8   Code   RO         3393    i.SRAM_SetWaitCycle  hc32_ll_sram.o
    0x00003d8c   0x00003d8c   0x0000033c   Code   RO         1047    i.SetSysClockDiv    hc32_ll_clk.o
    0x000040c8   0x000040c8   0x00000114   Code   RO         1048    i.SetSysClockSrc    hc32_ll_clk.o
    0x000041dc   0x000041dc   0x00000290   Code   RO         3580    i.SmartCard_CalculateBrr  hc32_ll_usart.o
    0x0000446c   0x0000446c   0x000000cc   Code   RO           13    i.SystemCoreClockUpdate  system_hc32f460.o
    0x00004538   0x00004538   0x00000020   Code   RO           14    i.SystemInit        system_hc32f460.o
    0x00004558   0x00004558   0x00000088   Code   RO          453    i.TMR0_Config       uart4_app.o
    0x000045e0   0x000045e0   0x000000b8   Code   RO         3453    i.TMR0_HWClearCondCmd  hc32_ll_tmr0.o
    0x00004698   0x00004698   0x000000b8   Code   RO         3454    i.TMR0_HWStartCondCmd  hc32_ll_tmr0.o
    0x00004750   0x00004750   0x00000160   Code   RO         3456    i.TMR0_Init         hc32_ll_tmr0.o
    0x000048b0   0x000048b0   0x000000fc   Code   RO         3972    i.TMRA_DeInit       hc32_ll_tmra.o
    0x000049ac   0x000049ac   0x00000090   Code   RO         3977    i.TMRA_GetCountValue  hc32_ll_tmra.o
    0x00004a3c   0x00004a3c   0x000001b0   Code   RO         3986    i.TMRA_Init         hc32_ll_tmra.o
    0x00004bec   0x00004bec   0x00000094   Code   RO         3998    i.TMRA_SetCountValue  hc32_ll_tmra.o
    0x00004c80   0x00004c80   0x00000094   Code   RO         4001    i.TMRA_SetPeriodValue  hc32_ll_tmra.o
    0x00004d14   0x00004d14   0x0000009c   Code   RO         4002    i.TMRA_Start        hc32_ll_tmra.o
    0x00004db0   0x00004db0   0x00000024   Code   RO         4004    i.TMRA_StructInit   hc32_ll_tmra.o
    0x00004dd4   0x00004dd4   0x00000020   Code   RO          454    i.TX_DMA_TC_IrqCallback  uart4_app.o
    0x00004df4   0x00004df4   0x00000020   Code   RO          564    i.TX_DMA_TC_IrqCallback  uart2_app.o
    0x00004e14   0x00004e14   0x00000298   Code   RO         3581    i.UART_CalculateBrr  hc32_ll_usart.o
    0x000050ac   0x000050ac   0x000000c0   Code   RO         3582    i.USART_ClearStatus  hc32_ll_usart.o
    0x0000516c   0x0000516c   0x000000cc   Code   RO         3590    i.USART_FuncCmd     hc32_ll_usart.o
    0x00005238   0x00005238   0x0000001c   Code   RO         3591    i.USART_GetBusClockFreq  hc32_ll_usart.o
    0x00005254   0x00005254   0x0000009c   Code   RO         3600    i.USART_GetUsartClockFreq  hc32_ll_usart.o
    0x000052f0   0x000052f0   0x00000080   Code   RO         3603    i.USART_ReadData    hc32_ll_usart.o
    0x00005370   0x00005370   0x00000018   Code   RO          455    i.USART_RxError_IrqCallback  uart4_app.o
    0x00005388   0x00005388   0x00000018   Code   RO          565    i.USART_RxError_IrqCallback  uart2_app.o
    0x000053a0   0x000053a0   0x00000058   Code   RO          456    i.USART_RxTimeout_IrqCallback  uart4_app.o
    0x000053f8   0x000053f8   0x00000058   Code   RO          566    i.USART_RxTimeout_IrqCallback  uart2_app.o
    0x00005450   0x00005450   0x0000013c   Code   RO         3604    i.USART_SetBaudrate  hc32_ll_usart.o
    0x0000558c   0x0000558c   0x00000040   Code   RO          457    i.USART_StopTimeoutTimer  uart4_app.o
    0x000055cc   0x000055cc   0x00000040   Code   RO          567    i.USART_StopTimeoutTimer  uart2_app.o
    0x0000560c   0x0000560c   0x00000014   Code   RO          458    i.USART_TxComplete_IrqCallback  uart4_app.o
    0x00005620   0x00005620   0x00000014   Code   RO          568    i.USART_TxComplete_IrqCallback  uart2_app.o
    0x00005634   0x00005634   0x00000204   Code   RO         3619    i.USART_UART_Init   hc32_ll_usart.o
    0x00005838   0x00005838   0x0000002e   Code   RO         3621    i.USART_UART_StructInit  hc32_ll_usart.o
    0x00005866   0x00005866   0x00000030   Code   RO          339    i.XtalInit          clock_app.o
    0x00005896   0x00005896   0x00000002   PAD
    0x00005898   0x00005898   0x00000020   Code   RO         4408    i.__0printf$3       mc_w.l(printf3.o)
    0x000058b8   0x000058b8   0x0000001c   Code   RO          461    i.__NVIC_ClearPendingIRQ  uart4_app.o
    0x000058d4   0x000058d4   0x0000001c   Code   RO          571    i.__NVIC_ClearPendingIRQ  uart2_app.o
    0x000058f0   0x000058f0   0x00000022   Code   RO          462    i.__NVIC_EnableIRQ  uart4_app.o
    0x00005912   0x00005912   0x00000022   Code   RO          572    i.__NVIC_EnableIRQ  uart2_app.o
    0x00005934   0x00005934   0x00000028   Code   RO          463    i.__NVIC_SetPriority  uart4_app.o
    0x0000595c   0x0000595c   0x00000028   Code   RO          573    i.__NVIC_SetPriority  uart2_app.o
    0x00005984   0x00005984   0x0000000e   Code   RO         4628    i.__scatterload_copy  mc_w.l(handlers.o)
    0x00005992   0x00005992   0x0000000e   Code   RO         4630    i.__scatterload_zeroinit  mc_w.l(handlers.o)
    0x000059a0   0x000059a0   0x000001b8   Code   RO         4415    i._printf_core      mc_w.l(printf3.o)
    0x00005b58   0x00005b58   0x0000001c   Code   RO          421    i.all_led_off       led.o
    0x00005b74   0x00005b74   0x00000018   Code   RO          376    i.delay_ms          sys.o
    0x00005b8c   0x00005b8c   0x00000030   Code   RO          378    i.delay_us          sys.o
    0x00005bbc   0x00005bbc   0x00000014   Code   RO          574    i.enable_uart2      uart2_app.o
    0x00005bd0   0x00005bd0   0x00000014   Code   RO          464    i.enable_uart4      uart4_app.o
    0x00005be4   0x00005be4   0x00000018   Code   RO         3885    i.fputc             hc32_ll_utility.o
    0x00005bfc   0x00005bfc   0x00000090   Code   RO          270    i.gpio_init         app_gpio.o
    0x00005c8c   0x00005c8c   0x00000060   Code   RO          340    i.init_clock        clock_app.o
    0x00005cec   0x00005cec   0x00000010   Code   RO          422    i.led_red_on        led.o
    0x00005cfc   0x00005cfc   0x00000024   Code   RO          271    i.led_test          app_gpio.o
    0x00005d20   0x00005d20   0x0000006c   Code   RO           91    i.main              main.o
    0x00005d8c   0x00005d8c   0x000001cc   Code   RO          575    i.u2_DMA_Config     uart2_app.o
    0x00005f58   0x00005f58   0x00000088   Code   RO          576    i.u2_TMR0_Config    uart2_app.o
    0x00005fe0   0x00005fe0   0x00000108   Code   RO          577    i.uart2_init        uart2_app.o
    0x000060e8   0x000060e8   0x00000050   Code   RO          578    i.uart2_send_data   uart2_app.o
    0x00006138   0x00006138   0x0000010c   Code   RO          465    i.uart4_init        uart4_app.o
    0x00006244   0x00006244   0x00000050   Code   RO          466    i.uart4_send_data   uart4_app.o
    0x00006294   0x00006294   0x00000040   Data   RO          273    .constdata          app_gpio.o
    0x000062d4   0x000062d4   0x00000010   Data   RO         3626    .constdata          hc32_ll_usart.o
    0x000062e4   0x000062e4   0x00000042   Data   RO         2248    .conststring        hc32_ll_interrupts.o
    0x00006326   0x00006326   0x00000002   PAD
    0x00006328   0x00006328   0x00000020   Data   RO         4626    Region$$Table       anon$$obj.o


    Execution Region RW_IRAM1 (Exec base: 0x1fff8000, Load base: 0x00006348, Size: 0x00000008, Max: 0x00000008, ABSOLUTE, UNINIT)

    Exec Addr    Load Addr    Size         Type   Attr      Idx    E Section Name        Object

    0x1fff8000        -       0x00000008   Zero   RW           15    .bss.noinit         system_hc32f460.o


    Execution Region RW_IRAM2 (Exec base: 0x1fff8008, Load base: 0x00006348, Size: 0x00002650, Max: 0x0002eff8, ABSOLUTE)

    Exec Addr    Load Addr    Size         Type   Attr      Idx    E Section Name        Object

    0x1fff8008   0x00006348   0x00000006   Data   RW          341    .data               clock_app.o
    0x1fff800e   0x0000634e   0x00000004   Data   RW          468    .data               uart4_app.o
    0x1fff8012   0x00006352   0x00000004   Data   RW          580    .data               uart2_app.o
    0x1fff8016   0x00006356   0x00000001   Data   RW         1322    .data               hc32_ll_dma.o
    0x1fff8017   0x00006357   0x00000001   PAD
    0x1fff8018   0x00006358   0x00000010   Data   RW         3886    .data               hc32_ll_utility.o
    0x1fff8028   0x00006368   0x00000004   Data   RW         4220    .data               ev_hc32f460_lqfp100_v2.o
    0x1fff802c   0x0000636c   0x00000004   Data   RW         4602    .data               mc_w.l(stdout.o)
    0x1fff8030        -       0x00000214   Zero   RW          467    .bss                uart4_app.o
    0x1fff8244        -       0x00000214   Zero   RW          579    .bss                uart2_app.o
    0x1fff8458        -       0x00000200   Zero   RW         2247    .bss                hc32_ll_interrupts.o
    0x1fff8658        -       0x00002000   Zero   RW            1    STACK               startup_hc32f460.o


    Execution Region RW_IRAMB (Exec base: 0x200f0000, Load base: 0x00006370, Size: 0x00000000, Max: 0x00001000, ABSOLUTE)

    **** No section assigned to this execution region ****


==============================================================================

Image component sizes


      Code (inc. data)   RO Data    RW Data    ZI Data      Debug   Object Name

       236          4         64          0          0       2365   app_gpio.o
       232         12          0          6          0       2201   clock_app.o
        40          4          0          4          0       1767   ev_hc32f460_lqfp100_v2.o
       332         64          0          0          0      22086   hc32_ll.o
      1040        412          0          0          0       8807   hc32_ll_adc.o
       116         66          0          0          0        741   hc32_ll_aos.o
      3542        686          0          0          0      21655   hc32_ll_clk.o
      2586        762          0          1          0      14529   hc32_ll_dma.o
       200         74          0          0          0        799   hc32_ll_efm.o
       616        268          0          0          0       3036   hc32_ll_fcg.o
      1824        522          0          0          0      10769   hc32_ll_gpio.o
         0          0         32          0          0        794   hc32_ll_icg.o
      2792        598         66          0        512      83492   hc32_ll_interrupts.o
       132         64          0          0          0        677   hc32_ll_pwc.o
       248         66          0          0          0        904   hc32_ll_sram.o
       720        208          0          0          0       4392   hc32_ll_tmr0.o
      1316        514          0          0          0       9997   hc32_ll_tmra.o
      3454        754         16          0          0      13247   hc32_ll_usart.o
       232         70          0         16          0       4106   hc32_ll_utility.o
        44          0          0          0          0       1023   led.o
       252         20          0          0          0      47443   main.o
       100         24        640          0       8192        896   startup_hc32f460.o
       152          8          0          0          0       1765   sys.o
       236         40          0          0          8     268733   system_hc32f460.o
      1342        152          0          4        532       9174   uart2_app.o
      1346        152          0          4        532      41097   uart4_app.o

    ----------------------------------------------------------------------
     23140       5544        852         36       9776     576495   Object Totals
         0          0         32          0          0          0   (incl. Generated)
        10          0          2          1          0          0   (incl. Padding)

    ----------------------------------------------------------------------

      Code (inc. data)   RO Data    RW Data    ZI Data      Debug   Library Member Name

         0          0          0          0          0          0   entry.o
         0          0          0          0          0          0   entry10a.o
         0          0          0          0          0          0   entry11a.o
         8          4          0          0          0          0   entry2.o
         4          0          0          0          0          0   entry5.o
         0          0          0          0          0          0   entry7b.o
         0          0          0          0          0          0   entry8b.o
         8          4          0          0          0          0   entry9a.o
        30          0          0          0          0          0   handlers.o
        36          8          0          0          0         68   init.o
         0          0          0          0          0          0   iusefp.o
        30          0          0          0          0         68   llshl.o
        32          0          0          0          0         68   llushr.o
        36          0          0          0          0         68   memcpya.o
       472         14          0          0          0        184   printf3.o
         0          0          0          4          0          0   stdout.o
        44          0          0          0          0         80   uidiv.o
        98          0          0          0          0         92   uldiv.o
        56          0          0          0          0         88   d2f.o
       222          0          0          0          0        100   ddiv.o
       186          0          0          0          0        176   depilogue.o
        26          0          0          0          0         76   dfltui.o
        24          0          0          0          0         76   dfltul.o
       110          0          0          0          0        168   fepilogue.o

    ----------------------------------------------------------------------
      1424         30          0          4          0       1312   Library Totals
         2          0          0          0          0          0   (incl. Padding)

    ----------------------------------------------------------------------

      Code (inc. data)   RO Data    RW Data    ZI Data      Debug   Library Name

       798         30          0          4          0        628   mc_w.l
       624          0          0          0          0        684   mf_w.l

    ----------------------------------------------------------------------
      1424         30          0          4          0       1312   Library Totals

    ----------------------------------------------------------------------

==============================================================================


      Code (inc. data)   RO Data    RW Data    ZI Data      Debug   

     24564       5574        852         40       9776     551887   Grand Totals
     24564       5574        852         40       9776     551887   ELF Image Totals
     24564       5574        852         40          0          0   ROM Totals

==============================================================================

    Total RO  Size (Code + RO Data)                25416 (  24.82kB)
    Total RW  Size (RW Data + ZI Data)              9816 (   9.59kB)
    Total ROM Size (Code + RO Data + RW Data)      25456 (  24.86kB)

==============================================================================

