Component: ARM Compiler 5.06 update 4 (build 422) Tool: armlink [4d35d2]

==============================================================================

Section Cross References

    startup_hc32f460.o(RESET) refers to startup_hc32f460.o(STACK) for __initial_sp
    startup_hc32f460.o(RESET) refers to startup_hc32f460.o(.text) for Reset_Handler
    startup_hc32f460.o(RESET) refers to hc32_ll_interrupts.o(i.IRQ000_Handler) for IRQ000_Handler
    startup_hc32f460.o(RESET) refers to hc32_ll_interrupts.o(i.IRQ001_Handler) for IRQ001_Handler
    startup_hc32f460.o(RESET) refers to hc32_ll_interrupts.o(i.IRQ002_Handler) for IRQ002_Handler
    startup_hc32f460.o(RESET) refers to hc32_ll_interrupts.o(i.IRQ003_Handler) for IRQ003_Handler
    startup_hc32f460.o(RESET) refers to hc32_ll_interrupts.o(i.IRQ004_Handler) for IRQ004_Handler
    startup_hc32f460.o(RESET) refers to hc32_ll_interrupts.o(i.IRQ005_Handler) for IRQ005_Handler
    startup_hc32f460.o(RESET) refers to hc32_ll_interrupts.o(i.IRQ006_Handler) for IRQ006_Handler
    startup_hc32f460.o(RESET) refers to hc32_ll_interrupts.o(i.IRQ007_Handler) for IRQ007_Handler
    startup_hc32f460.o(RESET) refers to hc32_ll_interrupts.o(i.IRQ008_Handler) for IRQ008_Handler
    startup_hc32f460.o(RESET) refers to hc32_ll_interrupts.o(i.IRQ009_Handler) for IRQ009_Handler
    startup_hc32f460.o(RESET) refers to hc32_ll_interrupts.o(i.IRQ010_Handler) for IRQ010_Handler
    startup_hc32f460.o(RESET) refers to hc32_ll_interrupts.o(i.IRQ011_Handler) for IRQ011_Handler
    startup_hc32f460.o(RESET) refers to hc32_ll_interrupts.o(i.IRQ012_Handler) for IRQ012_Handler
    startup_hc32f460.o(RESET) refers to hc32_ll_interrupts.o(i.IRQ013_Handler) for IRQ013_Handler
    startup_hc32f460.o(RESET) refers to hc32_ll_interrupts.o(i.IRQ014_Handler) for IRQ014_Handler
    startup_hc32f460.o(RESET) refers to hc32_ll_interrupts.o(i.IRQ015_Handler) for IRQ015_Handler
    startup_hc32f460.o(RESET) refers to hc32_ll_interrupts.o(i.IRQ016_Handler) for IRQ016_Handler
    startup_hc32f460.o(RESET) refers to hc32_ll_interrupts.o(i.IRQ017_Handler) for IRQ017_Handler
    startup_hc32f460.o(RESET) refers to hc32_ll_interrupts.o(i.IRQ018_Handler) for IRQ018_Handler
    startup_hc32f460.o(RESET) refers to hc32_ll_interrupts.o(i.IRQ019_Handler) for IRQ019_Handler
    startup_hc32f460.o(RESET) refers to hc32_ll_interrupts.o(i.IRQ020_Handler) for IRQ020_Handler
    startup_hc32f460.o(RESET) refers to hc32_ll_interrupts.o(i.IRQ021_Handler) for IRQ021_Handler
    startup_hc32f460.o(RESET) refers to hc32_ll_interrupts.o(i.IRQ022_Handler) for IRQ022_Handler
    startup_hc32f460.o(RESET) refers to hc32_ll_interrupts.o(i.IRQ023_Handler) for IRQ023_Handler
    startup_hc32f460.o(RESET) refers to hc32_ll_interrupts.o(i.IRQ024_Handler) for IRQ024_Handler
    startup_hc32f460.o(RESET) refers to hc32_ll_interrupts.o(i.IRQ025_Handler) for IRQ025_Handler
    startup_hc32f460.o(RESET) refers to hc32_ll_interrupts.o(i.IRQ026_Handler) for IRQ026_Handler
    startup_hc32f460.o(RESET) refers to hc32_ll_interrupts.o(i.IRQ027_Handler) for IRQ027_Handler
    startup_hc32f460.o(RESET) refers to hc32_ll_interrupts.o(i.IRQ028_Handler) for IRQ028_Handler
    startup_hc32f460.o(RESET) refers to hc32_ll_interrupts.o(i.IRQ029_Handler) for IRQ029_Handler
    startup_hc32f460.o(RESET) refers to hc32_ll_interrupts.o(i.IRQ030_Handler) for IRQ030_Handler
    startup_hc32f460.o(RESET) refers to hc32_ll_interrupts.o(i.IRQ031_Handler) for IRQ031_Handler
    startup_hc32f460.o(RESET) refers to hc32_ll_interrupts.o(i.IRQ032_Handler) for IRQ032_Handler
    startup_hc32f460.o(RESET) refers to hc32_ll_interrupts.o(i.IRQ033_Handler) for IRQ033_Handler
    startup_hc32f460.o(RESET) refers to hc32_ll_interrupts.o(i.IRQ034_Handler) for IRQ034_Handler
    startup_hc32f460.o(RESET) refers to hc32_ll_interrupts.o(i.IRQ035_Handler) for IRQ035_Handler
    startup_hc32f460.o(RESET) refers to hc32_ll_interrupts.o(i.IRQ036_Handler) for IRQ036_Handler
    startup_hc32f460.o(RESET) refers to hc32_ll_interrupts.o(i.IRQ037_Handler) for IRQ037_Handler
    startup_hc32f460.o(RESET) refers to hc32_ll_interrupts.o(i.IRQ038_Handler) for IRQ038_Handler
    startup_hc32f460.o(RESET) refers to hc32_ll_interrupts.o(i.IRQ039_Handler) for IRQ039_Handler
    startup_hc32f460.o(RESET) refers to hc32_ll_interrupts.o(i.IRQ040_Handler) for IRQ040_Handler
    startup_hc32f460.o(RESET) refers to hc32_ll_interrupts.o(i.IRQ041_Handler) for IRQ041_Handler
    startup_hc32f460.o(RESET) refers to hc32_ll_interrupts.o(i.IRQ042_Handler) for IRQ042_Handler
    startup_hc32f460.o(RESET) refers to hc32_ll_interrupts.o(i.IRQ043_Handler) for IRQ043_Handler
    startup_hc32f460.o(RESET) refers to hc32_ll_interrupts.o(i.IRQ044_Handler) for IRQ044_Handler
    startup_hc32f460.o(RESET) refers to hc32_ll_interrupts.o(i.IRQ045_Handler) for IRQ045_Handler
    startup_hc32f460.o(RESET) refers to hc32_ll_interrupts.o(i.IRQ046_Handler) for IRQ046_Handler
[...]
    .text                                    0x000004fe   Section        0  llushr.o(.text)
    .text                                    0x0000051e   Section        0  fepilogue.o(.text)
    .text                                    0x0000058c   Section        0  depilogue.o(.text)
    .text                                    0x00000648   Section       36  init.o(.text)
    i.AOS_SetTriggerEventSrc                 0x0000066c   Section        0  hc32_ll_aos.o(i.AOS_SetTriggerEventSrc)
    i.BSP_CLK_Init                           0x000006e0   Section        0  ev_hc32f460_lqfp100_v2.o(i.BSP_CLK_Init)
    i.BSP_KEY_KEY10_IrqHandler               0x000007c0   Section        0  ev_hc32f460_lqfp100_v2.o(i.BSP_KEY_KEY10_IrqHandler)
    i.BSP_KEY_ROW0_IrqCallback               0x000007e8   Section        0  ev_hc32f460_lqfp100_v2.o(i.BSP_KEY_ROW0_IrqCallback)
    BSP_KEY_ROW0_IrqCallback                 0x000007e9   Thumb Code    70  ev_hc32f460_lqfp100_v2.o(i.BSP_KEY_ROW0_IrqCallback)
    i.BSP_KEY_ROW1_IrqCallback               0x0000083c   Section        0  ev_hc32f460_lqfp100_v2.o(i.BSP_KEY_ROW1_IrqCallback)
    BSP_KEY_ROW1_IrqCallback                 0x0000083d   Thumb Code    70  ev_hc32f460_lqfp100_v2.o(i.BSP_KEY_ROW1_IrqCallback)
    i.BSP_KEY_ROW2_IrqCallback               0x00000890   Section        0  ev_hc32f460_lqfp100_v2.o(i.BSP_KEY_ROW2_IrqCallback)
    BSP_KEY_ROW2_IrqCallback                 0x00000891   Thumb Code    74  ev_hc32f460_lqfp100_v2.o(i.BSP_KEY_ROW2_IrqCallback)
    i.BSP_LED_Init                           0x000008e8   Section        0  ev_hc32f460_lqfp100_v2.o(i.BSP_LED_Init)
    i.BSP_LED_On                             0x00000920   Section        0  ev_hc32f460_lqfp100_v2.o(i.BSP_LED_On)
    i.CLK_GetStableStatus                    0x00000954   Section        0  hc32_ll_clk.o(i.CLK_GetStableStatus)
    i.CLK_PLLCmd                             0x000009c4   Section        0  hc32_ll_clk.o(i.CLK_PLLCmd)
    i.CLK_PLLInit                            0x00000a9c   Section        0  hc32_ll_clk.o(i.CLK_PLLInit)
    i.CLK_PLLStructInit                      0x00000d50   Section        0  hc32_ll_clk.o(i.CLK_PLLStructInit)
    i.CLK_SetSysClockSrc                     0x00000da2   Section        0  hc32_ll_clk.o(i.CLK_SetSysClockSrc)
    i.CLK_WaitStable                         0x00000db2   Section        0  hc32_ll_clk.o(i.CLK_WaitStable)
    CLK_WaitStable                           0x00000db3   Thumb Code    48  hc32_ll_clk.o(i.CLK_WaitStable)
    i.CLK_XtalCmd                            0x00000de4   Section        0  hc32_ll_clk.o(i.CLK_XtalCmd)
    i.CLK_XtalInit                           0x00000eb8   Section        0  hc32_ll_clk.o(i.CLK_XtalInit)
    i.CLK_XtalStructInit                     0x0000100c   Section        0  hc32_ll_clk.o(i.CLK_XtalStructInit)
    i.ClockSync_CalculateBrr                 0x0000102c   Section        0  hc32_ll_usart.o(i.ClockSync_CalculateBrr)
    ClockSync_CalculateBrr                   0x0000102d   Thumb Code   464  hc32_ll_usart.o(i.ClockSync_CalculateBrr)
    i.DDL_DelayMS                            0x00001250   Section        0  hc32_ll_utility.o(i.DDL_DelayMS)
    i.DDL_DelayUS                            0x00001290   Section        0  hc32_ll_utility.o(i.DDL_DelayUS)
    i.DMA_ChCmd                              0x000012d0   Section        0  hc32_ll_dma.o(i.DMA_ChCmd)
    i.DMA_ClearTransCompleteStatus           0x000014e0   Section        0  hc32_ll_dma.o(i.DMA_ClearTransCompleteStatus)
    i.DMA_Cmd                                0x00001568   Section        0  hc32_ll_dma.o(i.DMA_Cmd)
    i.DMA_Config                             0x000015e4   Section        0  dma_uart.o(i.DMA_Config)
    DMA_Config                               0x000015e5   Thumb Code   426  dma_uart.o(i.DMA_Config)
    i.DMA_GetTransCount                      0x000017b0   Section        0  hc32_ll_dma.o(i.DMA_GetTransCount)
    i.DMA_Init                               0x00001840   Section        0  hc32_ll_dma.o(i.DMA_Init)
    i.DMA_LlpInit                            0x00001a04   Section        0  hc32_ll_dma.o(i.DMA_LlpInit)
    i.DMA_LlpStructInit                      0x00001b10   Section        0  hc32_ll_dma.o(i.DMA_LlpStructInit)
    i.DMA_ReconfigCmd                        0x00001b24   Section        0  hc32_ll_dma.o(i.DMA_ReconfigCmd)
    i.DMA_ReconfigLlpCmd                     0x00001bb8   Section        0  hc32_ll_dma.o(i.DMA_ReconfigLlpCmd)
    i.DMA_SetSrcAddr                         0x00001c64   Section        0  hc32_ll_dma.o(i.DMA_SetSrcAddr)
    i.DMA_SetTransCount                      0x00001d20   Section        0  hc32_ll_dma.o(i.DMA_SetTransCount)
    i.DMA_StructInit                         0x00001de8   Section        0  hc32_ll_dma.o(i.DMA_StructInit)
    i.DMA_TransCompleteIntCmd                0x00001e0c   Section        0  hc32_ll_dma.o(i.DMA_TransCompleteIntCmd)
    i.EFM_CacheCmd                           0x00001eb8   Section        0  hc32_ll_efm.o(i.EFM_CacheCmd)
    i.EFM_CacheRamReset                      0x00001f34   Section        0  hc32_ll_efm.o(i.EFM_CacheRamReset)
    i.EFM_SetWaitCycle                       0x00001fb0   Section        0  hc32_ll_efm.o(i.EFM_SetWaitCycle)
    i.EXTINT_ClearExtIntStatus               0x00002078   Section        0  hc32_ll_interrupts.o(i.EXTINT_ClearExtIntStatus)
    i.EXTINT_GetExtIntStatus                 0x000020ac   Section        0  hc32_ll_interrupts.o(i.EXTINT_GetExtIntStatus)
    i.FCG_Fcg0PeriphClockCmd                 0x000020e8   Section        0  hc32_ll_fcg.o(i.FCG_Fcg0PeriphClockCmd)
    i.FCG_Fcg1PeriphClockCmd                 0x00002194   Section        0  hc32_ll_fcg.o(i.FCG_Fcg1PeriphClockCmd)
    i.FCG_Fcg2PeriphClockCmd                 0x00002228   Section        0  hc32_ll_fcg.o(i.FCG_Fcg2PeriphClockCmd)
    i.GPIO_AnalogCmd                         0x000022bc   Section        0  hc32_ll_gpio.o(i.GPIO_AnalogCmd)
    i.GPIO_Init                              0x000023a0   Section        0  hc32_ll_gpio.o(i.GPIO_Init)
    i.GPIO_ReadInputPins                     0x000025b0   Section        0  hc32_ll_gpio.o(i.GPIO_ReadInputPins)
    i.GPIO_SetFunc                           0x00002648   Section        0  hc32_ll_gpio.o(i.GPIO_SetFunc)
    i.GPIO_SetPins                           0x00002744   Section        0  hc32_ll_gpio.o(i.GPIO_SetPins)
    i.GPIO_SetReadWaitCycle                  0x000027d8   Section        0  hc32_ll_gpio.o(i.GPIO_SetReadWaitCycle)
    i.GPIO_StructInit                        0x00002874   Section        0  hc32_ll_gpio.o(i.GPIO_StructInit)
    i.INTC_IrqSignIn                         0x00002894   Section        0  hc32_ll_interrupts.o(i.INTC_IrqSignIn)
    i.IRQ000_Handler                         0x00002948   Section        0  hc32_ll_interrupts.o(i.IRQ000_Handler)
    i.IRQ001_Handler                         0x0000295c   Section        0  hc32_ll_interrupts.o(i.IRQ001_Handler)
    i.IRQ002_Handler                         0x00002970   Section        0  hc32_ll_interrupts.o(i.IRQ002_Handler)
    i.IRQ003_Handler                         0x00002984   Section        0  hc32_ll_interrupts.o(i.IRQ003_Handler)
    i.IRQ004_Handler                         0x00002998   Section        0  hc32_ll_interrupts.o(i.IRQ004_Handler)
    i.IRQ005_Handler                         0x000029ac   Section        0  hc32_ll_interrupts.o(i.IRQ005_Handler)
    i.IRQ006_Handler                         0x000029c0   Section        0  hc32_ll_interrupts.o(i.IRQ006_Handler)
    i.IRQ007_Handler                         0x000029d4   Section        0  hc32_ll_interrupts.o(i.IRQ007_Handler)
    i.IRQ008_Handler                         0x000029e8   Section        0  hc32_ll_interrupts.o(i.IRQ008_Handler)
    i.IRQ009_Handler                         0x000029fc   Section        0  hc32_ll_interrupts.o(i.IRQ009_Handler)
    i.IRQ010_Handler                         0x00002a10   Section        0  hc32_ll_interrupts.o(i.IRQ010_Handler)
    i.IRQ011_Handler                         0x00002a24   Section        0  hc32_ll_interrupts.o(i.IRQ011_Handler)
    i.IRQ012_Handler                         0x00002a38   Section        0  hc32_ll_interrupts.o(i.IRQ012_Handler)
    i.IRQ013_Handler                         0x00002a4c   Section        0  hc32_ll_interrupts.o(i.IRQ013_Handler)
    i.IRQ014_Handler                         0x00002a60   Section        0  hc32_ll_interrupts.o(i.IRQ014_Handler)
    i.IRQ015_Handler                         0x00002a74   Section        0  hc32_ll_interrupts.o(i.IRQ015_Handler)
    i.IRQ016_Handler                         0x00002a88   Section        0  hc32_ll_interrupts.o(i.IRQ016_Handler)
    i.IRQ017_Handler                         0x00002a9c   Section        0  hc32_ll_interrupts.o(i.IRQ017_Handler)
    i.IRQ018_Handler                         0x00002ab0   Section        0  hc32_ll_interrupts.o(i.IRQ018_Handler)
    i.IRQ019_Handler                         0x00002ac4   Section        0  hc32_ll_interrupts.o(i.IRQ019_Handler)
    i.IRQ020_Handler                         0x00002ad8   Section        0  hc32_ll_interrupts.o(i.IRQ020_Handler)
    i.IRQ021_Handler                         0x00002aec   Section        0  hc32_ll_interrupts.o(i.IRQ021_Handler)
    i.IRQ022_Handler                         0x00002b00   Section        0  hc32_ll_interrupts.o(i.IRQ022_Handler)
    i.IRQ023_Handler                         0x00002b14   Section        0  hc32_ll_interrupts.o(i.IRQ023_Handler)
    i.IRQ024_Handler                         0x00002b28   Section        0  hc32_ll_interrupts.o(i.IRQ024_Handler)
    i.IRQ025_Handler                         0x00002b3c   Section        0  hc32_ll_interrupts.o(i.IRQ025_Handler)
    i.IRQ026_Handler                         0x00002b50   Section        0  hc32_ll_interrupts.o(i.IRQ026_Handler)
    i.IRQ027_Handler                         0x00002b64   Section        0  hc32_ll_interrupts.o(i.IRQ027_Handler)
    i.IRQ028_Handler                         0x00002b78   Section        0  hc32_ll_interrupts.o(i.IRQ028_Handler)
    i.IRQ029_Handler                         0x00002b8c   Section        0  hc32_ll_interrupts.o(i.IRQ029_Handler)
    i.IRQ030_Handler                         0x00002ba0   Section        0  hc32_ll_interrupts.o(i.IRQ030_Handler)
    i.IRQ031_Handler                         0x00002bb4   Section        0  hc32_ll_interrupts.o(i.IRQ031_Handler)
    i.IRQ032_Handler                         0x00002bc8   Section        0  hc32_ll_interrupts.o(i.IRQ032_Handler)
    i.IRQ033_Handler                         0x00002bdc   Section        0  hc32_ll_interrupts.o(i.IRQ033_Handler)
    i.IRQ034_Handler                         0x00002bf0   Section        0  hc32_ll_interrupts.o(i.IRQ034_Handler)
    i.IRQ035_Handler                         0x00002c04   Section        0  hc32_ll_interrupts.o(i.IRQ035_Handler)
    i.IRQ036_Handler                         0x00002c18   Section        0  hc32_ll_interrupts.o(i.IRQ036_Handler)
    i.IRQ037_Handler                         0x00002c2c   Section        0  hc32_ll_interrupts.o(i.IRQ037_Handler)
    i.IRQ038_Handler                         0x00002c40   Section        0  hc32_ll_interrupts.o(i.IRQ038_Handler)
    i.IRQ039_Handler                         0x00002c54   Section        0  hc32_ll_interrupts.o(i.IRQ039_Handler)
    i.IRQ040_Handler                         0x00002c68   Section        0  hc32_ll_interrupts.o(i.IRQ040_Handler)
    i.IRQ041_Handler                         0x00002c7c   Section        0  hc32_ll_interrupts.o(i.IRQ041_Handler)
    i.IRQ042_Handler                         0x00002c90   Section        0  hc32_ll_interrupts.o(i.IRQ042_Handler)
    i.IRQ043_Handler                         0x00002ca4   Section        0  hc32_ll_interrupts.o(i.IRQ043_Handler)
    i.IRQ044_Handler                         0x00002cb8   Section        0  hc32_ll_interrupts.o(i.IRQ044_Handler)
    i.IRQ045_Handler                         0x00002ccc   Section        0  hc32_ll_interrupts.o(i.IRQ045_Handler)
    i.IRQ046_Handler                         0x00002ce0   Section        0  hc32_ll_interrupts.o(i.IRQ046_Handler)
    i.IRQ047_Handler                         0x00002cf4   Section        0  hc32_ll_interrupts.o(i.IRQ047_Handler)
    i.IRQ048_Handler                         0x00002d08   Section        0  hc32_ll_interrupts.o(i.IRQ048_Handler)
    i.IRQ049_Handler                         0x00002d1c   Section        0  hc32_ll_interrupts.o(i.IRQ049_Handler)
    i.IRQ050_Handler                         0x00002d30   Section        0  hc32_ll_interrupts.o(i.IRQ050_Handler)
    i.IRQ051_Handler                         0x00002d44   Section        0  hc32_ll_interrupts.o(i.IRQ051_Handler)
    i.IRQ052_Handler                         0x00002d58   Section        0  hc32_ll_interrupts.o(i.IRQ052_Handler)
    i.IRQ053_Handler                         0x00002d6c   Section        0  hc32_ll_interrupts.o(i.IRQ053_Handler)
    i.IRQ054_Handler                         0x00002d80   Section        0  hc32_ll_interrupts.o(i.IRQ054_Handler)
    i.IRQ055_Handler                         0x00002d94   Section        0  hc32_ll_interrupts.o(i.IRQ055_Handler)
    i.IRQ056_Handler                         0x00002da8   Section        0  hc32_ll_interrupts.o(i.IRQ056_Handler)
    i.IRQ057_Handler                         0x00002dbc   Section        0  hc32_ll_interrupts.o(i.IRQ057_Handler)
    i.IRQ058_Handler                         0x00002dd0   Section        0  hc32_ll_interrupts.o(i.IRQ058_Handler)
    i.IRQ059_Handler                         0x00002de4   Section        0  hc32_ll_interrupts.o(i.IRQ059_Handler)
    i.IRQ060_Handler                         0x00002df8   Section        0  hc32_ll_interrupts.o(i.IRQ060_Handler)
    i.IRQ061_Handler                         0x00002e0c   Section        0  hc32_ll_interrupts.o(i.IRQ061_Handler)
    i.IRQ062_Handler                         0x00002e20   Section        0  hc32_ll_interrupts.o(i.IRQ062_Handler)
    i.IRQ063_Handler                         0x00002e34   Section        0  hc32_ll_interrupts.o(i.IRQ063_Handler)
    i.IRQ064_Handler                         0x00002e48   Section        0  hc32_ll_interrupts.o(i.IRQ064_Handler)
    i.IRQ065_Handler                         0x00002e5c   Section        0  hc32_ll_interrupts.o(i.IRQ065_Handler)
    i.IRQ066_Handler                         0x00002e70   Section        0  hc32_ll_interrupts.o(i.IRQ066_Handler)
    i.IRQ067_Handler                         0x00002e84   Section        0  hc32_ll_interrupts.o(i.IRQ067_Handler)
    i.IRQ068_Handler                         0x00002e98   Section        0  hc32_ll_interrupts.o(i.IRQ068_Handler)
    i.IRQ069_Handler                         0x00002eac   Section        0  hc32_ll_interrupts.o(i.IRQ069_Handler)
    i.IRQ070_Handler                         0x00002ec0   Section        0  hc32_ll_interrupts.o(i.IRQ070_Handler)
    i.IRQ071_Handler                         0x00002ed4   Section        0  hc32_ll_interrupts.o(i.IRQ071_Handler)
    i.IRQ072_Handler                         0x00002ee8   Section        0  hc32_ll_interrupts.o(i.IRQ072_Handler)
    i.IRQ073_Handler                         0x00002efc   Section        0  hc32_ll_interrupts.o(i.IRQ073_Handler)
    i.IRQ074_Handler                         0x00002f10   Section        0  hc32_ll_interrupts.o(i.IRQ074_Handler)
    i.IRQ075_Handler                         0x00002f24   Section        0  hc32_ll_interrupts.o(i.IRQ075_Handler)
    i.IRQ076_Handler                         0x00002f38   Section        0  hc32_ll_interrupts.o(i.IRQ076_Handler)
    i.IRQ077_Handler                         0x00002f4c   Section        0  hc32_ll_interrupts.o(i.IRQ077_Handler)
    i.IRQ078_Handler                         0x00002f60   Section        0  hc32_ll_interrupts.o(i.IRQ078_Handler)
    i.IRQ079_Handler                         0x00002f74   Section        0  hc32_ll_interrupts.o(i.IRQ079_Handler)
    i.IRQ080_Handler                         0x00002f88   Section        0  hc32_ll_interrupts.o(i.IRQ080_Handler)
    i.IRQ081_Handler                         0x00002f9c   Section        0  hc32_ll_interrupts.o(i.IRQ081_Handler)
    i.IRQ082_Handler                         0x00002fb0   Section        0  hc32_ll_interrupts.o(i.IRQ082_Handler)
    i.IRQ083_Handler                         0x00002fc4   Section        0  hc32_ll_interrupts.o(i.IRQ083_Handler)
    i.IRQ084_Handler                         0x00002fd8   Section        0  hc32_ll_interrupts.o(i.IRQ084_Handler)
    i.IRQ085_Handler                         0x00002fec   Section        0  hc32_ll_interrupts.o(i.IRQ085_Handler)
    i.IRQ086_Handler                         0x00003000   Section        0  hc32_ll_interrupts.o(i.IRQ086_Handler)
    i.IRQ087_Handler                         0x00003014   Section        0  hc32_ll_interrupts.o(i.IRQ087_Handler)
    i.IRQ088_Handler                         0x00003028   Section        0  hc32_ll_interrupts.o(i.IRQ088_Handler)
    i.IRQ089_Handler                         0x0000303c   Section        0  hc32_ll_interrupts.o(i.IRQ089_Handler)
    i.IRQ090_Handler                         0x00003050   Section        0  hc32_ll_interrupts.o(i.IRQ090_Handler)
    i.IRQ091_Handler                         0x00003064   Section        0  hc32_ll_interrupts.o(i.IRQ091_Handler)
    i.IRQ092_Handler                         0x00003078   Section        0  hc32_ll_interrupts.o(i.IRQ092_Handler)
    i.IRQ093_Handler                         0x0000308c   Section        0  hc32_ll_interrupts.o(i.IRQ093_Handler)
    i.IRQ094_Handler                         0x000030a0   Section        0  hc32_ll_interrupts.o(i.IRQ094_Handler)
    i.IRQ095_Handler                         0x000030b4   Section        0  hc32_ll_interrupts.o(i.IRQ095_Handler)
    i.IRQ096_Handler                         0x000030c8   Section        0  hc32_ll_interrupts.o(i.IRQ096_Handler)
    i.IRQ097_Handler                         0x000030dc   Section        0  hc32_ll_interrupts.o(i.IRQ097_Handler)
    i.IRQ098_Handler                         0x000030f0   Section        0  hc32_ll_interrupts.o(i.IRQ098_Handler)
    i.IRQ099_Handler                         0x00003104   Section        0  hc32_ll_interrupts.o(i.IRQ099_Handler)
    i.IRQ100_Handler                         0x00003118   Section        0  hc32_ll_interrupts.o(i.IRQ100_Handler)
    i.IRQ101_Handler                         0x0000312c   Section        0  hc32_ll_interrupts.o(i.IRQ101_Handler)
    i.IRQ102_Handler                         0x00003140   Section        0  hc32_ll_interrupts.o(i.IRQ102_Handler)
    i.IRQ103_Handler                         0x00003154   Section        0  hc32_ll_interrupts.o(i.IRQ103_Handler)
    i.IRQ104_Handler                         0x00003168   Section        0  hc32_ll_interrupts.o(i.IRQ104_Handler)
    i.IRQ105_Handler                         0x0000317c   Section        0  hc32_ll_interrupts.o(i.IRQ105_Handler)
    i.IRQ106_Handler                         0x00003190   Section        0  hc32_ll_interrupts.o(i.IRQ106_Handler)
    i.IRQ107_Handler                         0x000031a4   Section        0  hc32_ll_interrupts.o(i.IRQ107_Handler)
    i.IRQ108_Handler                         0x000031b8   Section        0  hc32_ll_interrupts.o(i.IRQ108_Handler)
    i.IRQ109_Handler                         0x000031cc   Section        0  hc32_ll_interrupts.o(i.IRQ109_Handler)
    i.IRQ110_Handler                         0x000031e0   Section        0  hc32_ll_interrupts.o(i.IRQ110_Handler)
    i.IRQ111_Handler                         0x000031f4   Section        0  hc32_ll_interrupts.o(i.IRQ111_Handler)
    i.IRQ112_Handler                         0x00003208   Section        0  hc32_ll_interrupts.o(i.IRQ112_Handler)
    i.IRQ113_Handler                         0x0000321c   Section        0  hc32_ll_interrupts.o(i.IRQ113_Handler)
    i.IRQ114_Handler                         0x00003230   Section        0  hc32_ll_interrupts.o(i.IRQ114_Handler)
    i.IRQ115_Handler                         0x00003244   Section        0  hc32_ll_interrupts.o(i.IRQ115_Handler)
    i.IRQ116_Handler                         0x00003258   Section        0  hc32_ll_interrupts.o(i.IRQ116_Handler)
    i.IRQ117_Handler                         0x0000326c   Section        0  hc32_ll_interrupts.o(i.IRQ117_Handler)
    i.IRQ118_Handler                         0x00003280   Section        0  hc32_ll_interrupts.o(i.IRQ118_Handler)
    i.IRQ119_Handler                         0x00003294   Section        0  hc32_ll_interrupts.o(i.IRQ119_Handler)
    i.IRQ120_Handler                         0x000032a8   Section        0  hc32_ll_interrupts.o(i.IRQ120_Handler)
    i.IRQ121_Handler                         0x000032bc   Section        0  hc32_ll_interrupts.o(i.IRQ121_Handler)
    i.IRQ122_Handler                         0x000032d0   Section        0  hc32_ll_interrupts.o(i.IRQ122_Handler)
    i.IRQ123_Handler                         0x000032e4   Section        0  hc32_ll_interrupts.o(i.IRQ123_Handler)
    i.IRQ124_Handler                         0x000032f8   Section        0  hc32_ll_interrupts.o(i.IRQ124_Handler)
    i.IRQ125_Handler                         0x0000330c   Section        0  hc32_ll_interrupts.o(i.IRQ125_Handler)
    i.IRQ126_Handler                         0x00003320   Section        0  hc32_ll_interrupts.o(i.IRQ126_Handler)
    i.IRQ127_Handler                         0x00003334   Section        0  hc32_ll_interrupts.o(i.IRQ127_Handler)
    i.LL_PERIPH_WE                           0x00003348   Section        0  hc32_ll.o(i.LL_PERIPH_WE)
    i.LL_PERIPH_WP                           0x000033d8   Section        0  hc32_ll.o(i.LL_PERIPH_WP)
    i.PWC_HighSpeedToHighPerformance         0x00003460   Section        0  hc32_ll_pwc.o(i.PWC_HighSpeedToHighPerformance)
    i.PWC_REG_Lock                           0x000034e4   Section        0  hc32_ll.o(i.PWC_REG_Lock)
    PWC_REG_Lock                             0x000034e5   Thumb Code    18  hc32_ll.o(i.PWC_REG_Lock)
    i.PWC_REG_Unlock                         0x00003500   Section        0  hc32_ll.o(i.PWC_REG_Unlock)
    PWC_REG_Unlock                           0x00003501   Thumb Code    14  hc32_ll.o(i.PWC_REG_Unlock)
    i.RX_DMA_TC_IrqCallback                  0x00003518   Section        0  dma_uart.o(i.RX_DMA_TC_IrqCallback)
    RX_DMA_TC_IrqCallback                    0x00003519   Thumb Code    36  dma_uart.o(i.RX_DMA_TC_IrqCallback)
    i.SRAM_SetWaitCycle                      0x0000354c   Section        0  hc32_ll_sram.o(i.SRAM_SetWaitCycle)
    i.SetSysClockDiv                         0x00003644   Section        0  hc32_ll_clk.o(i.SetSysClockDiv)
    SetSysClockDiv                           0x00003645   Thumb Code   746  hc32_ll_clk.o(i.SetSysClockDiv)
    i.SetSysClockSrc                         0x00003980   Section        0  hc32_ll_clk.o(i.SetSysClockSrc)
    SetSysClockSrc                           0x00003981   Thumb Code   198  hc32_ll_clk.o(i.SetSysClockSrc)
    i.SmartCard_CalculateBrr                 0x00003a94   Section        0  hc32_ll_usart.o(i.SmartCard_CalculateBrr)
    SmartCard_CalculateBrr                   0x00003a95   Thumb Code   568  hc32_ll_usart.o(i.SmartCard_CalculateBrr)
    i.SystemCoreClockUpdate                  0x00003d24   Section        0  system_hc32f460.o(i.SystemCoreClockUpdate)
    i.SystemInit                             0x00003df0   Section        0  system_hc32f460.o(i.SystemInit)
    i.TMR0_Config                            0x00003e10   Section        0  dma_uart.o(i.TMR0_Config)
    TMR0_Config                              0x00003e11   Thumb Code   130  dma_uart.o(i.TMR0_Config)
    i.TMR0_HWClearCondCmd                    0x00003e98   Section        0  hc32_ll_tmr0.o(i.TMR0_HWClearCondCmd)
    i.TMR0_HWStartCondCmd                    0x00003f50   Section        0  hc32_ll_tmr0.o(i.TMR0_HWStartCondCmd)
    i.TMR0_Init                              0x00004008   Section        0  hc32_ll_tmr0.o(i.TMR0_Init)
    i.TX_DMA_TC_IrqCallback                  0x00004168   Section        0  dma_uart.o(i.TX_DMA_TC_IrqCallback)
    TX_DMA_TC_IrqCallback                    0x00004169   Thumb Code    22  dma_uart.o(i.TX_DMA_TC_IrqCallback)
    i.UART_CalculateBrr                      0x00004188   Section        0  hc32_ll_usart.o(i.UART_CalculateBrr)
    UART_CalculateBrr                        0x00004189   Thumb Code   580  hc32_ll_usart.o(i.UART_CalculateBrr)
    i.USART_ClearStatus                      0x00004420   Section        0  hc32_ll_usart.o(i.USART_ClearStatus)
    i.USART_FuncCmd                          0x000044e0   Section        0  hc32_ll_usart.o(i.USART_FuncCmd)
    i.USART_GetBusClockFreq                  0x000045ac   Section        0  hc32_ll_usart.o(i.USART_GetBusClockFreq)
    USART_GetBusClockFreq                    0x000045ad   Thumb Code    20  hc32_ll_usart.o(i.USART_GetBusClockFreq)
    i.USART_GetUsartClockFreq                0x000045c8   Section        0  hc32_ll_usart.o(i.USART_GetUsartClockFreq)
    USART_GetUsartClockFreq                  0x000045c9   Thumb Code    76  hc32_ll_usart.o(i.USART_GetUsartClockFreq)
    i.USART_ReadData                         0x00004664   Section        0  hc32_ll_usart.o(i.USART_ReadData)
    i.USART_RxError_IrqCallback              0x000046e4   Section        0  dma_uart.o(i.USART_RxError_IrqCallback)
    USART_RxError_IrqCallback                0x000046e5   Thumb Code    18  dma_uart.o(i.USART_RxError_IrqCallback)
    i.USART_RxTimeout_IrqCallback            0x000046fc   Section        0  dma_uart.o(i.USART_RxTimeout_IrqCallback)
    USART_RxTimeout_IrqCallback              0x000046fd   Thumb Code    64  dma_uart.o(i.USART_RxTimeout_IrqCallback)
    i.USART_SetBaudrate                      0x00004754   Section        0  hc32_ll_usart.o(i.USART_SetBaudrate)
    i.USART_StopTimeoutTimer                 0x00004890   Section        0  dma_uart.o(i.USART_StopTimeoutTimer)
    USART_StopTimeoutTimer                   0x00004891   Thumb Code    64  dma_uart.o(i.USART_StopTimeoutTimer)
    i.USART_TxComplete_IrqCallback           0x000048d0   Section        0  dma_uart.o(i.USART_TxComplete_IrqCallback)
    USART_TxComplete_IrqCallback             0x000048d1   Thumb Code    74  dma_uart.o(i.USART_TxComplete_IrqCallback)
    i.USART_UART_Init                        0x00004930   Section        0  hc32_ll_usart.o(i.USART_UART_Init)
    i.USART_UART_StructInit                  0x00004b34   Section        0  hc32_ll_usart.o(i.USART_UART_StructInit)
    i.Uart_TxAsync                           0x00004b64   Section        0  dma_uart.o(i.Uart_TxAsync)
    i.Uart_TxKickLocked                      0x00004c04   Section        0  dma_uart.o(i.Uart_TxKickLocked)
    Uart_TxKickLocked                        0x00004c05   Thumb Code   136  dma_uart.o(i.Uart_TxKickLocked)
    i.__NVIC_ClearPendingIRQ                 0x00004ca8   Section        0  dma_uart.o(i.__NVIC_ClearPendingIRQ)
    __NVIC_ClearPendingIRQ                   0x00004ca9   Thumb Code    22  dma_uart.o(i.__NVIC_ClearPendingIRQ)
    i.__NVIC_EnableIRQ                       0x00004cc4   Section        0  dma_uart.o(i.__NVIC_EnableIRQ)
    __NVIC_EnableIRQ                         0x00004cc5   Thumb Code    34  dma_uart.o(i.__NVIC_EnableIRQ)
    i.__NVIC_SetPriority                     0x00004ce8   Section        0  dma_uart.o(i.__NVIC_SetPriority)
    __NVIC_SetPriority                       0x00004ce9   Thumb Code    32  dma_uart.o(i.__NVIC_SetPriority)
    i.__scatterload_copy                     0x00004d10   Section       14  handlers.o(i.__scatterload_copy)
    i.__scatterload_zeroinit                 0x00004d1e   Section       14  handlers.o(i.__scatterload_zeroinit)
    i.main                                   0x00004d2c   Section        0  main.o(i.main)
    i.ring_free                              0x00004d40   Section        0  dma_uart.o(i.ring_free)
    ring_free                                0x00004d41   Thumb Code    24  dma_uart.o(i.ring_free)
    i.ring_used                              0x00004d58   Section        0  dma_uart.o(i.ring_used)
    ring_used                                0x00004d59   Thumb Code    20  dma_uart.o(i.ring_used)
    i.uart_dma_init                          0x00004d6c   Section        0  dma_uart.o(i.uart_dma_init)
    i.uart_send_test                         0x00004e90   Section        0  dma_uart.o(i.uart_send_test)
    .constdata                               0x00004ea4   Section       16  hc32_ll_usart.o(.constdata)
    .constdata                               0x00004eb4   Section       92  ev_hc32f460_lqfp100_v2.o(.constdata)
    BSP_LED_PORT_PIN                         0x00004eb4   Data          16  ev_hc32f460_lqfp100_v2.o(.constdata)
    BSP_KEYOUT_PORT_PIN                      0x00004ec4   Data          12  ev_hc32f460_lqfp100_v2.o(.constdata)
    BSP_KEYIN_PORT_PIN                       0x00004ed0   Data          64  ev_hc32f460_lqfp100_v2.o(.constdata)
    .conststring                             0x00004f10   Section       66  hc32_ll_interrupts.o(.conststring)
    .bss.noinit                              0x1fff8000   Section        8  system_hc32f460.o(.bss.noinit)
    .data                                    0x1fff8008   Section       12  dma_uart.o(.data)
    g_tx_w                                   0x1fff8008   Data           2  dma_uart.o(.data)
    g_tx_r                                   0x1fff800a   Data           2  dma_uart.o(.data)
    g_tx_dma_len                             0x1fff800c   Data           2  dma_uart.o(.data)
    g_tx_busy                                0x1fff800e   Data           1  dma_uart.o(.data)
    g_tx_dma_done                            0x1fff800f   Data           1  dma_uart.o(.data)
    g_tx_uart_done                           0x1fff8010   Data           1  dma_uart.o(.data)
    m_enRxFrameEnd                           0x1fff8011   Data           1  dma_uart.o(.data)
    m_u16RxLen                               0x1fff8012   Data           2  dma_uart.o(.data)
    .data                                    0x1fff8014   Section        1  hc32_ll_dma.o(.data)
    u8DmaChEnState                           0x1fff8014   Data           1  hc32_ll_dma.o(.data)
    .data                                    0x1fff8018   Section        4  ev_hc32f460_lqfp100_v2.o(.data)
    m_u32GlobalKey                           0x1fff8018   Data           4  ev_hc32f460_lqfp100_v2.o(.data)
    .bss                                     0x1fff801c   Section     1556  dma_uart.o(.bss)
    g_tx_ring                                0x1fff801c   Data        1024  dma_uart.o(.bss)
    m_au8RxBuf                               0x1fff841c   Data         500  dma_uart.o(.bss)
    stcLlpDesc                               0x1fff8610   Data          32  dma_uart.o(.bss)
    .bss                                     0x1fff8630   Section      512  hc32_ll_interrupts.o(.bss)
    m_apfnIrqHandler                         0x1fff8630   Data         512  hc32_ll_interrupts.o(.bss)
    STACK                                    0x1fff8830   Section     8192  startup_hc32f460.o(STACK)

    Global Symbols

    Symbol Name                              Value     Ov Type        Size  Object(Section)

    BuildAttributes$$THM_ISAv4$E$P$D$K$B$S$7EM$VFPi3$EXTD16$VFPS$VFMA$PE$A:L22UL41UL21$X:L11$S22US41US21$IEEE1$IW$USESV6$~STKCKD$USESV7$~SHL$OTIME$ROPI$EBA8$MICROLIB$REQ8$PRES8$EABIv2 0x00000000   Number         0  anon$$obj.o ABSOLUTE
    __ARM_use_no_argv                        0x00000000   Number         0  main.o ABSOLUTE
    __Vectors                                0x00000000   Data           4  startup_hc32f460.o(RESET)
    __cpp_initialize__aeabi_                  - Undefined Weak Reference
    __cxa_finalize                            - Undefined Weak Reference
    __decompress                              - Undefined Weak Reference
    _clock_init                               - Undefined Weak Reference
    _microlib_exit                            - Undefined Weak Reference
    __Vectors_End                            0x00000280   Data           0  startup_hc32f460.o(RESET)
    __Vectors_Size                           0x00000280   Number         0  startup_hc32f460.o ABSOLUTE
    __main                                   0x00000281   Thumb Code     0  entry.o(.ARM.Collect$$$$00000000)
    _main_stk                                0x00000281   Thumb Code     0  entry2.o(.ARM.Collect$$$$00000001)
    _main_scatterload                        0x00000285   Thumb Code     0  entry5.o(.ARM.Collect$$$$00000004)
    __main_after_scatterload                 0x00000289   Thumb Code     0  entry5.o(.ARM.Collect$$$$00000004)
    _main_clock                              0x00000289   Thumb Code     0  entry7b.o(.ARM.Collect$$$$00000008)
    _main_cpp_init                           0x00000289   Thumb Code     0  entry8b.o(.ARM.Collect$$$$0000000A)
    _main_init                               0x00000289   Thumb Code     0  entry9a.o(.ARM.Collect$$$$0000000B)
    __rt_final_cpp                           0x00000291   Thumb Code     0  entry10a.o(.ARM.Collect$$$$0000000D)
    __rt_final_exit                          0x00000291   Thumb Code     0  entry11a.o(.ARM.Collect$$$$0000000F)
    Reset_Handler                            0x00000295   Thumb Code    56  startup_hc32f460.o(.text)
    NMI_Handler                              0x000002cd   Thumb Code     2  startup_hc32f460.o(.text)
    HardFault_Handler                        0x000002cf   Thumb Code     2  startup_hc32f460.o(.text)
    MemManage_Handler                        0x000002d1   Thumb Code     2  startup_hc32f460.o(.text)
    BusFault_Handler                         0x000002d3   Thumb Code     2  startup_hc32f460.o(.text)
    UsageFault_Handler                       0x000002d5   Thumb Code     2  startup_hc32f460.o(.text)
    SVC_Handler                              0x000002d7   Thumb Code     2  startup_hc32f460.o(.text)
    DebugMon_Handler                         0x000002d9   Thumb Code     2  startup_hc32f460.o(.text)
    PendSV_Handler                           0x000002db   Thumb Code     2  startup_hc32f460.o(.text)
    SysTick_Handler                          0x000002dd   Thumb Code     2  startup_hc32f460.o(.text)
    IRQ128_Handler                           0x000002df   Thumb Code     0  startup_hc32f460.o(.text)
    IRQ129_Handler                           0x000002df   Thumb Code     0  startup_hc32f460.o(.text)
    IRQ130_Handler                           0x000002df   Thumb Code     0  startup_hc32f460.o(.text)
    IRQ131_Handler                           0x000002df   Thumb Code     0  startup_hc32f460.o(.text)
    IRQ132_Handler                           0x000002df   Thumb Code     0  startup_hc32f460.o(.text)
    IRQ133_Handler                           0x000002df   Thumb Code     0  startup_hc32f460.o(.text)
    IRQ134_Handler                           0x000002df   Thumb Code     0  startup_hc32f460.o(.text)
    IRQ135_Handler                           0x000002df   Thumb Code     0  startup_hc32f460.o(.text)
    IRQ136_Handler                           0x000002df   Thumb Code     0  startup_hc32f460.o(.text)
    IRQ137_Handler                           0x000002df   Thumb Code     0  startup_hc32f460.o(.text)
    IRQ138_Handler                           0x000002df   Thumb Code     0  startup_hc32f460.o(.text)
    IRQ139_Handler                           0x000002df   Thumb Code     0  startup_hc32f460.o(.text)
    IRQ140_Handler                           0x000002df   Thumb Code     0  startup_hc32f460.o(.text)
    IRQ141_Handler                           0x000002df   Thumb Code     0  startup_hc32f460.o(.text)
    IRQ142_Handler                           0x000002df   Thumb Code     0  startup_hc32f460.o(.text)
    IRQ143_Handler                           0x000002df   Thumb Code     0  startup_hc32f460.o(.text)
    __aeabi_uldivmod                         0x000002f9   Thumb Code    98  uldiv.o(.text)
    __aeabi_ui2d                             0x0000035b   Thumb Code    26  dfltui.o(.text)
    __aeabi_ul2d                             0x00000375   Thumb Code    24  dfltul.o(.text)
    __aeabi_d2f                              0x0000038d   Thumb Code    56  d2f.o(.text)
    __aeabi_llsl                             0x000003c5   Thumb Code    30  llshl.o(.text)
    _ll_shift_l                              0x000003c5   Thumb Code     0  llshl.o(.text)
    CLK_SetClockDiv                          0x000003e3   Thumb Code    20  hc32_ll_clk.o(i.CLK_SetClockDiv)
    __I$use$fp                               0x000003e3   Thumb Code     0  iusefp.o(.text)
    DDL_AssertHandler                        0x000003f7   Thumb Code     4  hc32_ll_utility.o(i.DDL_AssertHandler)
    __scatterload_null                       0x000003fb   Thumb Code     2  handlers.o(i.__scatterload_null)
    u32ICGValue                              0x00000400   Data          32  hc32_ll_icg.o(.ARM.__AT_0x00000400)
    __aeabi_ddiv                             0x00000421   Thumb Code   222  ddiv.o(.text)
    __aeabi_llsr                             0x000004ff   Thumb Code    32  llushr.o(.text)
    _ll_ushift_r                             0x000004ff   Thumb Code     0  llushr.o(.text)
    _float_round                             0x0000051f   Thumb Code    18  fepilogue.o(.text)
    _float_epilogue                          0x00000531   Thumb Code    92  fepilogue.o(.text)
    _double_round                            0x0000058d   Thumb Code    30  depilogue.o(.text)
    _double_epilogue                         0x000005ab   Thumb Code   156  depilogue.o(.text)
    __scatterload                            0x00000649   Thumb Code    28  init.o(.text)
    __scatterload_rt2                        0x00000649   Thumb Code     0  init.o(.text)
    AOS_SetTriggerEventSrc                   0x0000066d   Thumb Code    50  hc32_ll_aos.o(i.AOS_SetTriggerEventSrc)
    BSP_CLK_Init                             0x000006e1   Thumb Code   216  ev_hc32f460_lqfp100_v2.o(i.BSP_CLK_Init)
    BSP_KEY_KEY10_IrqHandler                 0x000007c1   Thumb Code    36  ev_hc32f460_lqfp100_v2.o(i.BSP_KEY_KEY10_IrqHandler)
    BSP_LED_Init                             0x000008e9   Thumb Code    52  ev_hc32f460_lqfp100_v2.o(i.BSP_LED_Init)
    BSP_LED_On                               0x00000921   Thumb Code    46  ev_hc32f460_lqfp100_v2.o(i.BSP_LED_On)
    CLK_GetStableStatus                      0x00000955   Thumb Code    46  hc32_ll_clk.o(i.CLK_GetStableStatus)
    CLK_PLLCmd                               0x000009c5   Thumb Code   146  hc32_ll_clk.o(i.CLK_PLLCmd)
    CLK_PLLInit                              0x00000a9d   Thumb Code   596  hc32_ll_clk.o(i.CLK_PLLInit)
    CLK_PLLStructInit                        0x00000d51   Thumb Code    82  hc32_ll_clk.o(i.CLK_PLLStructInit)
    CLK_SetSysClockSrc                       0x00000da3   Thumb Code    16  hc32_ll_clk.o(i.CLK_SetSysClockSrc)
    CLK_XtalCmd                              0x00000de5   Thumb Code   144  hc32_ll_clk.o(i.CLK_XtalCmd)
    CLK_XtalInit                             0x00000eb9   Thumb Code   272  hc32_ll_clk.o(i.CLK_XtalInit)
    CLK_XtalStructInit                       0x0000100d   Thumb Code    30  hc32_ll_clk.o(i.CLK_XtalStructInit)
    DDL_DelayMS                              0x00001251   Thumb Code    54  hc32_ll_utility.o(i.DDL_DelayMS)
    DDL_DelayUS                              0x00001291   Thumb Code    52  hc32_ll_utility.o(i.DDL_DelayUS)
    DMA_ChCmd                                0x000012d1   Thumb Code   454  hc32_ll_dma.o(i.DMA_ChCmd)
    DMA_ClearTransCompleteStatus             0x000014e1   Thumb Code    66  hc32_ll_dma.o(i.DMA_ClearTransCompleteStatus)
    DMA_Cmd                                  0x00001569   Thumb Code    56  hc32_ll_dma.o(i.DMA_Cmd)
    DMA_GetTransCount                        0x000017b1   Thumb Code    74  hc32_ll_dma.o(i.DMA_GetTransCount)
    DMA_Init                                 0x00001841   Thumb Code   382  hc32_ll_dma.o(i.DMA_Init)
    DMA_LlpInit                              0x00001a05   Thumb Code   200  hc32_ll_dma.o(i.DMA_LlpInit)
    DMA_LlpStructInit                        0x00001b11   Thumb Code    20  hc32_ll_dma.o(i.DMA_LlpStructInit)
    DMA_ReconfigCmd                          0x00001b25   Thumb Code    80  hc32_ll_dma.o(i.DMA_ReconfigCmd)
    DMA_ReconfigLlpCmd                       0x00001bb9   Thumb Code   104  hc32_ll_dma.o(i.DMA_ReconfigLlpCmd)
    DMA_SetSrcAddr                           0x00001c65   Thumb Code   118  hc32_ll_dma.o(i.DMA_SetSrcAddr)
    DMA_SetTransCount                        0x00001d21   Thumb Code   132  hc32_ll_dma.o(i.DMA_SetTransCount)
    DMA_StructInit                           0x00001de9   Thumb Code    34  hc32_ll_dma.o(i.DMA_StructInit)
    DMA_TransCompleteIntCmd                  0x00001e0d   Thumb Code   104  hc32_ll_dma.o(i.DMA_TransCompleteIntCmd)
    EFM_CacheCmd                             0x00001eb9   Thumb Code    56  hc32_ll_efm.o(i.EFM_CacheCmd)
    EFM_CacheRamReset                        0x00001f35   Thumb Code    56  hc32_ll_efm.o(i.EFM_CacheRamReset)
    EFM_SetWaitCycle                         0x00001fb1   Thumb Code   126  hc32_ll_efm.o(i.EFM_SetWaitCycle)
    EXTINT_ClearExtIntStatus                 0x00002079   Thumb Code    42  hc32_ll_interrupts.o(i.EXTINT_ClearExtIntStatus)
    EXTINT_GetExtIntStatus                   0x000020ad   Thumb Code    52  hc32_ll_interrupts.o(i.EXTINT_GetExtIntStatus)
    FCG_Fcg0PeriphClockCmd                   0x000020e9   Thumb Code   104  hc32_ll_fcg.o(i.FCG_Fcg0PeriphClockCmd)
    FCG_Fcg1PeriphClockCmd                   0x00002195   Thumb Code    80  hc32_ll_fcg.o(i.FCG_Fcg1PeriphClockCmd)
    FCG_Fcg2PeriphClockCmd                   0x00002229   Thumb Code    80  hc32_ll_fcg.o(i.FCG_Fcg2PeriphClockCmd)
    GPIO_AnalogCmd                           0x000022bd   Thumb Code   162  hc32_ll_gpio.o(i.GPIO_AnalogCmd)
    GPIO_Init                                0x000023a1   Thumb Code   464  hc32_ll_gpio.o(i.GPIO_Init)
    GPIO_ReadInputPins                       0x000025b1   Thumb Code    88  hc32_ll_gpio.o(i.GPIO_ReadInputPins)
    GPIO_SetFunc                             0x00002649   Thumb Code   186  hc32_ll_gpio.o(i.GPIO_SetFunc)
    GPIO_SetPins                             0x00002745   Thumb Code    82  hc32_ll_gpio.o(i.GPIO_SetPins)
    GPIO_SetReadWaitCycle                    0x000027d9   Thumb Code    90  hc32_ll_gpio.o(i.GPIO_SetReadWaitCycle)
    GPIO_StructInit                          0x00002875   Thumb Code    32  hc32_ll_gpio.o(i.GPIO_StructInit)
    INTC_IrqSignIn                           0x00002895   Thumb Code   168  hc32_ll_interrupts.o(i.INTC_IrqSignIn)
    IRQ000_Handler                           0x00002949   Thumb Code    14  hc32_ll_interrupts.o(i.IRQ000_Handler)
    IRQ001_Handler                           0x0000295d   Thumb Code    14  hc32_ll_interrupts.o(i.IRQ001_Handler)
    IRQ002_Handler                           0x00002971   Thumb Code    14  hc32_ll_interrupts.o(i.IRQ002_Handler)
    IRQ003_Handler                           0x00002985   Thumb Code    14  hc32_ll_interrupts.o(i.IRQ003_Handler)
    IRQ004_Handler                           0x00002999   Thumb Code    14  hc32_ll_interrupts.o(i.IRQ004_Handler)
    IRQ005_Handler                           0x000029ad   Thumb Code    14  hc32_ll_interrupts.o(i.IRQ005_Handler)
    IRQ006_Handler                           0x000029c1   Thumb Code    14  hc32_ll_interrupts.o(i.IRQ006_Handler)
    IRQ007_Handler                           0x000029d5   Thumb Code    14  hc32_ll_interrupts.o(i.IRQ007_Handler)
    IRQ008_Handler                           0x000029e9   Thumb Code    14  hc32_ll_interrupts.o(i.IRQ008_Handler)
    IRQ009_Handler                           0x000029fd   Thumb Code    14  hc32_ll_interrupts.o(i.IRQ009_Handler)
    IRQ010_Handler                           0x00002a11   Thumb Code    14  hc32_ll_interrupts.o(i.IRQ010_Handler)
    IRQ011_Handler                           0x00002a25   Thumb Code    14  hc32_ll_interrupts.o(i.IRQ011_Handler)
    IRQ012_Handler                           0x00002a39   Thumb Code    14  hc32_ll_interrupts.o(i.IRQ012_Handler)
    IRQ013_Handler                           0x00002a4d   Thumb Code    14  hc32_ll_interrupts.o(i.IRQ013_Handler)
    IRQ014_Handler                           0x00002a61   Thumb Code    14  hc32_ll_interrupts.o(i.IRQ014_Handler)
    IRQ015_Handler                           0x00002a75   Thumb Code    14  hc32_ll_interrupts.o(i.IRQ015_Handler)
    IRQ016_Handler                           0x00002a89   Thumb Code    14  hc32_ll_interrupts.o(i.IRQ016_Handler)
    IRQ017_Handler                           0x00002a9d   Thumb Code    14  hc32_ll_interrupts.o(i.IRQ017_Handler)
    IRQ018_Handler                           0x00002ab1   Thumb Code    14  hc32_ll_interrupts.o(i.IRQ018_Handler)
    IRQ019_Handler                           0x00002ac5   Thumb Code    14  hc32_ll_interrupts.o(i.IRQ019_Handler)
    IRQ020_Handler                           0x00002ad9   Thumb Code    14  hc32_ll_interrupts.o(i.IRQ020_Handler)
    IRQ021_Handler                           0x00002aed   Thumb Code    14  hc32_ll_interrupts.o(i.IRQ021_Handler)
    IRQ022_Handler                           0x00002b01   Thumb Code    14  hc32_ll_interrupts.o(i.IRQ022_Handler)
    IRQ023_Handler                           0x00002b15   Thumb Code    14  hc32_ll_interrupts.o(i.IRQ023_Handler)
    IRQ024_Handler                           0x00002b29   Thumb Code    14  hc32_ll_interrupts.o(i.IRQ024_Handler)
    IRQ025_Handler                           0x00002b3d   Thumb Code    14  hc32_ll_interrupts.o(i.IRQ025_Handler)
    IRQ026_Handler                           0x00002b51   Thumb Code    14  hc32_ll_interrupts.o(i.IRQ026_Handler)
    IRQ027_Handler                           0x00002b65   Thumb Code    14  hc32_ll_interrupts.o(i.IRQ027_Handler)
    IRQ028_Handler                           0x00002b79   Thumb Code    14  hc32_ll_interrupts.o(i.IRQ028_Handler)
    IRQ029_Handler                           0x00002b8d   Thumb Code    14  hc32_ll_interrupts.o(i.IRQ029_Handler)
    IRQ030_Handler                           0x00002ba1   Thumb Code    14  hc32_ll_interrupts.o(i.IRQ030_Handler)
    IRQ031_Handler                           0x00002bb5   Thumb Code    14  hc32_ll_interrupts.o(i.IRQ031_Handler)
    IRQ032_Handler                           0x00002bc9   Thumb Code    16  hc32_ll_interrupts.o(i.IRQ032_Handler)
    IRQ033_Handler                           0x00002bdd   Thumb Code    16  hc32_ll_interrupts.o(i.IRQ033_Handler)
    IRQ034_Handler                           0x00002bf1   Thumb Code    16  hc32_ll_interrupts.o(i.IRQ034_Handler)
    IRQ035_Handler                           0x00002c05   Thumb Code    16  hc32_ll_interrupts.o(i.IRQ035_Handler)
    IRQ036_Handler                           0x00002c19   Thumb Code    16  hc32_ll_interrupts.o(i.IRQ036_Handler)
    IRQ037_Handler                           0x00002c2d   Thumb Code    16  hc32_ll_interrupts.o(i.IRQ037_Handler)
    IRQ038_Handler                           0x00002c41   Thumb Code    16  hc32_ll_interrupts.o(i.IRQ038_Handler)
    IRQ039_Handler                           0x00002c55   Thumb Code    16  hc32_ll_interrupts.o(i.IRQ039_Handler)
    IRQ040_Handler                           0x00002c69   Thumb Code    16  hc32_ll_interrupts.o(i.IRQ040_Handler)
    IRQ041_Handler                           0x00002c7d   Thumb Code    16  hc32_ll_interrupts.o(i.IRQ041_Handler)
    IRQ042_Handler                           0x00002c91   Thumb Code    16  hc32_ll_interrupts.o(i.IRQ042_Handler)
    IRQ043_Handler                           0x00002ca5   Thumb Code    16  hc32_ll_interrupts.o(i.IRQ043_Handler)
    IRQ044_Handler                           0x00002cb9   Thumb Code    16  hc32_ll_interrupts.o(i.IRQ044_Handler)
    IRQ045_Handler                           0x00002ccd   Thumb Code    16  hc32_ll_interrupts.o(i.IRQ045_Handler)
    IRQ046_Handler                           0x00002ce1   Thumb Code    16  hc32_ll_interrupts.o(i.IRQ046_Handler)
    IRQ047_Handler                           0x00002cf5   Thumb Code    16  hc32_ll_interrupts.o(i.IRQ047_Handler)
    IRQ048_Handler                           0x00002d09   Thumb Code    16  hc32_ll_interrupts.o(i.IRQ048_Handler)
    IRQ049_Handler                           0x00002d1d   Thumb Code    16  hc32_ll_interrupts.o(i.IRQ049_Handler)
    IRQ050_Handler                           0x00002d31   Thumb Code    16  hc32_ll_interrupts.o(i.IRQ050_Handler)
    IRQ051_Handler                           0x00002d45   Thumb Code    16  hc32_ll_interrupts.o(i.IRQ051_Handler)
    IRQ052_Handler                           0x00002d59   Thumb Code    16  hc32_ll_interrupts.o(i.IRQ052_Handler)
    IRQ053_Handler                           0x00002d6d   Thumb Code    16  hc32_ll_interrupts.o(i.IRQ053_Handler)
    IRQ054_Handler                           0x00002d81   Thumb Code    16  hc32_ll_interrupts.o(i.IRQ054_Handler)
    IRQ055_Handler                           0x00002d95   Thumb Code    16  hc32_ll_interrupts.o(i.IRQ055_Handler)
    IRQ056_Handler                           0x00002da9   Thumb Code    16  hc32_ll_interrupts.o(i.IRQ056_Handler)
    IRQ057_Handler                           0x00002dbd   Thumb Code    16  hc32_ll_interrupts.o(i.IRQ057_Handler)
    IRQ058_Handler                           0x00002dd1   Thumb Code    16  hc32_ll_interrupts.o(i.IRQ058_Handler)
    IRQ059_Handler                           0x00002de5   Thumb Code    16  hc32_ll_interrupts.o(i.IRQ059_Handler)
    IRQ060_Handler                           0x00002df9   Thumb Code    16  hc32_ll_interrupts.o(i.IRQ060_Handler)
    IRQ061_Handler                           0x00002e0d   Thumb Code    16  hc32_ll_interrupts.o(i.IRQ061_Handler)
    IRQ062_Handler                           0x00002e21   Thumb Code    16  hc32_ll_interrupts.o(i.IRQ062_Handler)
    IRQ063_Handler                           0x00002e35   Thumb Code    16  hc32_ll_interrupts.o(i.IRQ063_Handler)
    IRQ064_Handler                           0x00002e49   Thumb Code    16  hc32_ll_interrupts.o(i.IRQ064_Handler)
    IRQ065_Handler                           0x00002e5d   Thumb Code    16  hc32_ll_interrupts.o(i.IRQ065_Handler)
    IRQ066_Handler                           0x00002e71   Thumb Code    16  hc32_ll_interrupts.o(i.IRQ066_Handler)
    IRQ067_Handler                           0x00002e85   Thumb Code    16  hc32_ll_interrupts.o(i.IRQ067_Handler)
    IRQ068_Handler                           0x00002e99   Thumb Code    16  hc32_ll_interrupts.o(i.IRQ068_Handler)
    IRQ069_Handler                           0x00002ead   Thumb Code    16  hc32_ll_interrupts.o(i.IRQ069_Handler)
    IRQ070_Handler                           0x00002ec1   Thumb Code    16  hc32_ll_interrupts.o(i.IRQ070_Handler)
    IRQ071_Handler                           0x00002ed5   Thumb Code    16  hc32_ll_interrupts.o(i.IRQ071_Handler)
    IRQ072_Handler                           0x00002ee9   Thumb Code    16  hc32_ll_interrupts.o(i.IRQ072_Handler)
    IRQ073_Handler                           0x00002efd   Thumb Code    16  hc32_ll_interrupts.o(i.IRQ073_Handler)
    IRQ074_Handler                           0x00002f11   Thumb Code    16  hc32_ll_interrupts.o(i.IRQ074_Handler)
    IRQ075_Handler                           0x00002f25   Thumb Code    16  hc32_ll_interrupts.o(i.IRQ075_Handler)
    IRQ076_Handler                           0x00002f39   Thumb Code    16  hc32_ll_interrupts.o(i.IRQ076_Handler)
    IRQ077_Handler                           0x00002f4d   Thumb Code    16  hc32_ll_interrupts.o(i.IRQ077_Handler)
    IRQ078_Handler                           0x00002f61   Thumb Code    16  hc32_ll_interrupts.o(i.IRQ078_Handler)
    IRQ079_Handler                           0x00002f75   Thumb Code    16  hc32_ll_interrupts.o(i.IRQ079_Handler)
    IRQ080_Handler                           0x00002f89   Thumb Code    16  hc32_ll_interrupts.o(i.IRQ080_Handler)
    IRQ081_Handler                           0x00002f9d   Thumb Code    16  hc32_ll_interrupts.o(i.IRQ081_Handler)
    IRQ082_Handler                           0x00002fb1   Thumb Code    16  hc32_ll_interrupts.o(i.IRQ082_Handler)
    IRQ083_Handler                           0x00002fc5   Thumb Code    16  hc32_ll_interrupts.o(i.IRQ083_Handler)
    IRQ084_Handler                           0x00002fd9   Thumb Code    16  hc32_ll_interrupts.o(i.IRQ084_Handler)
    IRQ085_Handler                           0x00002fed   Thumb Code    16  hc32_ll_interrupts.o(i.IRQ085_Handler)
    IRQ086_Handler                           0x00003001   Thumb Code    16  hc32_ll_interrupts.o(i.IRQ086_Handler)
    IRQ087_Handler                           0x00003015   Thumb Code    16  hc32_ll_interrupts.o(i.IRQ087_Handler)
    IRQ088_Handler                           0x00003029   Thumb Code    16  hc32_ll_interrupts.o(i.IRQ088_Handler)
    IRQ089_Handler                           0x0000303d   Thumb Code    16  hc32_ll_interrupts.o(i.IRQ089_Handler)
    IRQ090_Handler                           0x00003051   Thumb Code    16  hc32_ll_interrupts.o(i.IRQ090_Handler)
    IRQ091_Handler                           0x00003065   Thumb Code    16  hc32_ll_interrupts.o(i.IRQ091_Handler)
    IRQ092_Handler                           0x00003079   Thumb Code    16  hc32_ll_interrupts.o(i.IRQ092_Handler)
    IRQ093_Handler                           0x0000308d   Thumb Code    16  hc32_ll_interrupts.o(i.IRQ093_Handler)
    IRQ094_Handler                           0x000030a1   Thumb Code    16  hc32_ll_interrupts.o(i.IRQ094_Handler)
    IRQ095_Handler                           0x000030b5   Thumb Code    16  hc32_ll_interrupts.o(i.IRQ095_Handler)
    IRQ096_Handler                           0x000030c9   Thumb Code    16  hc32_ll_interrupts.o(i.IRQ096_Handler)
    IRQ097_Handler                           0x000030dd   Thumb Code    16  hc32_ll_interrupts.o(i.IRQ097_Handler)
    IRQ098_Handler                           0x000030f1   Thumb Code    16  hc32_ll_interrupts.o(i.IRQ098_Handler)
    IRQ099_Handler                           0x00003105   Thumb Code    16  hc32_ll_interrupts.o(i.IRQ099_Handler)
    IRQ100_Handler                           0x00003119   Thumb Code    16  hc32_ll_interrupts.o(i.IRQ100_Handler)
    IRQ101_Handler                           0x0000312d   Thumb Code    16  hc32_ll_interrupts.o(i.IRQ101_Handler)
    IRQ102_Handler                           0x00003141   Thumb Code    16  hc32_ll_interrupts.o(i.IRQ102_Handler)
    IRQ103_Handler                           0x00003155   Thumb Code    16  hc32_ll_interrupts.o(i.IRQ103_Handler)
    IRQ104_Handler                           0x00003169   Thumb Code    16  hc32_ll_interrupts.o(i.IRQ104_Handler)
    IRQ105_Handler                           0x0000317d   Thumb Code    16  hc32_ll_interrupts.o(i.IRQ105_Handler)
    IRQ106_Handler                           0x00003191   Thumb Code    16  hc32_ll_interrupts.o(i.IRQ106_Handler)
    IRQ107_Handler                           0x000031a5   Thumb Code    16  hc32_ll_interrupts.o(i.IRQ107_Handler)
    IRQ108_Handler                           0x000031b9   Thumb Code    16  hc32_ll_interrupts.o(i.IRQ108_Handler)
    IRQ109_Handler                           0x000031cd   Thumb Code    16  hc32_ll_interrupts.o(i.IRQ109_Handler)
    IRQ110_Handler                           0x000031e1   Thumb Code    16  hc32_ll_interrupts.o(i.IRQ110_Handler)
    IRQ111_Handler                           0x000031f5   Thumb Code    16  hc32_ll_interrupts.o(i.IRQ111_Handler)
    IRQ112_Handler                           0x00003209   Thumb Code    16  hc32_ll_interrupts.o(i.IRQ112_Handler)
    IRQ113_Handler                           0x0000321d   Thumb Code    16  hc32_ll_interrupts.o(i.IRQ113_Handler)
    IRQ114_Handler                           0x00003231   Thumb Code    16  hc32_ll_interrupts.o(i.IRQ114_Handler)
    IRQ115_Handler                           0x00003245   Thumb Code    16  hc32_ll_interrupts.o(i.IRQ115_Handler)
    IRQ116_Handler                           0x00003259   Thumb Code    16  hc32_ll_interrupts.o(i.IRQ116_Handler)
    IRQ117_Handler                           0x0000326d   Thumb Code    16  hc32_ll_interrupts.o(i.IRQ117_Handler)
    IRQ118_Handler                           0x00003281   Thumb Code    16  hc32_ll_interrupts.o(i.IRQ118_Handler)
    IRQ119_Handler                           0x00003295   Thumb Code    16  hc32_ll_interrupts.o(i.IRQ119_Handler)
    IRQ120_Handler                           0x000032a9   Thumb Code    16  hc32_ll_interrupts.o(i.IRQ120_Handler)
    IRQ121_Handler                           0x000032bd   Thumb Code    16  hc32_ll_interrupts.o(i.IRQ121_Handler)
    IRQ122_Handler                           0x000032d1   Thumb Code    16  hc32_ll_interrupts.o(i.IRQ122_Handler)
    IRQ123_Handler                           0x000032e5   Thumb Code    16  hc32_ll_interrupts.o(i.IRQ123_Handler)
    IRQ124_Handler                           0x000032f9   Thumb Code    16  hc32_ll_interrupts.o(i.IRQ124_Handler)
    IRQ125_Handler                           0x0000330d   Thumb Code    16  hc32_ll_interrupts.o(i.IRQ125_Handler)
    IRQ126_Handler                           0x00003321   Thumb Code    16  hc32_ll_interrupts.o(i.IRQ126_Handler)
    IRQ127_Handler                           0x00003335   Thumb Code    16  hc32_ll_interrupts.o(i.IRQ127_Handler)
    LL_PERIPH_WE                             0x00003349   Thumb Code   122  hc32_ll.o(i.LL_PERIPH_WE)
    LL_PERIPH_WP                             0x000033d9   Thumb Code   114  hc32_ll.o(i.LL_PERIPH_WP)
    PWC_HighSpeedToHighPerformance           0x00003461   Thumb Code    68  hc32_ll_pwc.o(i.PWC_HighSpeedToHighPerformance)
    SRAM_SetWaitCycle                        0x0000354d   Thumb Code   182  hc32_ll_sram.o(i.SRAM_SetWaitCycle)
    SystemCoreClockUpdate                    0x00003d25   Thumb Code   174  system_hc32f460.o(i.SystemCoreClockUpdate)
    SystemInit                               0x00003df1   Thumb Code    28  system_hc32f460.o(i.SystemInit)
    TMR0_HWClearCondCmd                      0x00003e99   Thumb Code   114  hc32_ll_tmr0.o(i.TMR0_HWClearCondCmd)
    TMR0_HWStartCondCmd                      0x00003f51   Thumb Code   114  hc32_ll_tmr0.o(i.TMR0_HWStartCondCmd)
    TMR0_Init                                0x00004009   Thumb Code   284  hc32_ll_tmr0.o(i.TMR0_Init)
    USART_ClearStatus                        0x00004421   Thumb Code   108  hc32_ll_usart.o(i.USART_ClearStatus)
    USART_FuncCmd                            0x000044e1   Thumb Code   124  hc32_ll_usart.o(i.USART_FuncCmd)
    USART_ReadData                           0x00004665   Thumb Code    48  hc32_ll_usart.o(i.USART_ReadData)
    USART_SetBaudrate                        0x00004755   Thumb Code   230  hc32_ll_usart.o(i.USART_SetBaudrate)
    USART_UART_Init                          0x00004931   Thumb Code   436  hc32_ll_usart.o(i.USART_UART_Init)
    USART_UART_StructInit                    0x00004b35   Thumb Code    46  hc32_ll_usart.o(i.USART_UART_StructInit)
    Uart_TxAsync                             0x00004b65   Thumb Code   148  dma_uart.o(i.Uart_TxAsync)
    __scatterload_copy                       0x00004d11   Thumb Code    14  handlers.o(i.__scatterload_copy)
    __scatterload_zeroinit                   0x00004d1f   Thumb Code    14  handlers.o(i.__scatterload_zeroinit)
    main                                     0x00004d2d   Thumb Code    20  main.o(i.main)
    uart_dma_init                            0x00004d6d   Thumb Code   276  dma_uart.o(i.uart_dma_init)
    uart_send_test                           0x00004e91   Thumb Code    12  dma_uart.o(i.uart_send_test)
    Region$$Table$$Base                      0x00004f54   Number         0  anon$$obj.o(Region$$Table)
    Region$$Table$$Limit                     0x00004f74   Number         0  anon$$obj.o(Region$$Table)
    SystemCoreClock                          0x1fff8000   Data           4  system_hc32f460.o(.bss.noinit)
    HRC_VALUE                                0x1fff8004   Data           4  system_hc32f460.o(.bss.noinit)
    __initial_sp                             0x1fffa830   Data           0  startup_hc32f460.o(STACK)



==============================================================================

Memory Map of the image

  Image Entry point : 0x00000281

  Load Region LR_IROM1 (Base: 0x00000000, Size: 0x00004f88, Max: 0x00080000, ABSOLUTE)

    Execution Region ER_IROM1 (Exec base: 0x00000000, Load base: 0x00000000, Size: 0x00004f74, Max: 0x00080000, ABSOLUTE)

    Exec Addr    Load Addr    Size         Type   Attr      Idx    E Section Name        Object

    0x00000000   0x00000000   0x00000280   Data   RO            3    RESET               startup_hc32f460.o
    0x00000280   0x00000280   0x00000000   Code   RO         3441  * .ARM.Collect$$$$00000000  mc_w.l(entry.o)
    0x00000280   0x00000280   0x00000004   Code   RO         3454    .ARM.Collect$$$$00000001  mc_w.l(entry2.o)
    0x00000284   0x00000284   0x00000004   Code   RO         3457    .ARM.Collect$$$$00000004  mc_w.l(entry5.o)
    0x00000288   0x00000288   0x00000000   Code   RO         3459    .ARM.Collect$$$$00000008  mc_w.l(entry7b.o)
    0x00000288   0x00000288   0x00000000   Code   RO         3461    .ARM.Collect$$$$0000000A  mc_w.l(entry8b.o)
    0x00000288   0x00000288   0x00000008   Code   RO         3462    .ARM.Collect$$$$0000000B  mc_w.l(entry9a.o)
    0x00000290   0x00000290   0x00000000   Code   RO         3464    .ARM.Collect$$$$0000000D  mc_w.l(entry10a.o)
    0x00000290   0x00000290   0x00000000   Code   RO         3466    .ARM.Collect$$$$0000000F  mc_w.l(entry11a.o)
    0x00000290   0x00000290   0x00000004   Code   RO         3455    .ARM.Collect$$$$00002712  mc_w.l(entry2.o)
    0x00000294   0x00000294   0x00000064   Code   RO            4    .text               startup_hc32f460.o
    0x000002f8   0x000002f8   0x00000062   Code   RO         3444    .text               mc_w.l(uldiv.o)
    0x0000035a   0x0000035a   0x0000001a   Code   RO         3448    .text               mf_w.l(dfltui.o)
    0x00000374   0x00000374   0x00000018   Code   RO         3450    .text               mf_w.l(dfltul.o)
    0x0000038c   0x0000038c   0x00000038   Code   RO         3452    .text               mf_w.l(d2f.o)
    0x000003c4   0x000003c4   0x0000001e   Code   RO         3468    .text               mc_w.l(llshl.o)
    0x000003e2   0x000003e2   0x00000000   Code   RO         3472    .text               mc_w.l(iusefp.o)
    0x000003e2   0x000003e2   0x00000014   Code   RO          412    i.CLK_SetClockDiv   hc32_ll_clk.o
    0x000003f6   0x000003f6   0x00000004   Code   RO         3263    i.DDL_AssertHandler  hc32_ll_utility.o
    0x000003fa   0x000003fa   0x00000002   Code   RO         3482    i.__scatterload_null  mc_w.l(handlers.o)
    0x000003fc   0x000003fc   0x00000004   PAD
    0x00000400   0x00000400   0x00000020   Data   RO         1467    .ARM.__AT_0x00000400  hc32_ll_icg.o
    0x00000420   0x00000420   0x000000de   Code   RO         3446    .text               mf_w.l(ddiv.o)
    0x000004fe   0x000004fe   0x00000020   Code   RO         3470    .text               mc_w.l(llushr.o)
    0x0000051e   0x0000051e   0x0000006e   Code   RO         3473    .text               mf_w.l(fepilogue.o)
    0x0000058c   0x0000058c   0x000000ba   Code   RO         3475    .text               mf_w.l(depilogue.o)
    0x00000646   0x00000646   0x00000002   PAD
    0x00000648   0x00000648   0x00000024   Code   RO         3477    .text               mc_w.l(init.o)
    0x0000066c   0x0000066c   0x00000074   Code   RO          363    i.AOS_SetTriggerEventSrc  hc32_ll_aos.o
    0x000006e0   0x000006e0   0x000000e0   Code   RO         3341    i.BSP_CLK_Init      ev_hc32f460_lqfp100_v2.o
    0x000007c0   0x000007c0   0x00000028   Code   RO         3345    i.BSP_KEY_KEY10_IrqHandler  ev_hc32f460_lqfp100_v2.o
    0x000007e8   0x000007e8   0x00000054   Code   RO         3346    i.BSP_KEY_ROW0_IrqCallback  ev_hc32f460_lqfp100_v2.o
    0x0000083c   0x0000083c   0x00000054   Code   RO         3347    i.BSP_KEY_ROW1_IrqCallback  ev_hc32f460_lqfp100_v2.o
    0x00000890   0x00000890   0x00000058   Code   RO         3348    i.BSP_KEY_ROW2_IrqCallback  ev_hc32f460_lqfp100_v2.o
    0x000008e8   0x000008e8   0x00000038   Code   RO         3350    i.BSP_LED_Init      ev_hc32f460_lqfp100_v2.o
    0x00000920   0x00000920   0x00000034   Code   RO         3352    i.BSP_LED_On        ev_hc32f460_lqfp100_v2.o
    0x00000954   0x00000954   0x00000070   Code   RO          396    i.CLK_GetStableStatus  hc32_ll_clk.o
    0x000009c4   0x000009c4   0x000000d8   Code   RO          406    i.CLK_PLLCmd        hc32_ll_clk.o
    0x00000a9c   0x00000a9c   0x000002b4   Code   RO          407    i.CLK_PLLInit       hc32_ll_clk.o
    0x00000d50   0x00000d50   0x00000052   Code   RO          408    i.CLK_PLLStructInit  hc32_ll_clk.o
    0x00000da2   0x00000da2   0x00000010   Code   RO          416    i.CLK_SetSysClockSrc  hc32_ll_clk.o
    0x00000db2   0x00000db2   0x00000030   Code   RO          421    i.CLK_WaitStable    hc32_ll_clk.o
    0x00000de2   0x00000de2   0x00000002   PAD
    0x00000de4   0x00000de4   0x000000d4   Code   RO          425    i.CLK_XtalCmd       hc32_ll_clk.o
    0x00000eb8   0x00000eb8   0x00000154   Code   RO          426    i.CLK_XtalInit      hc32_ll_clk.o
    0x0000100c   0x0000100c   0x0000001e   Code   RO          429    i.CLK_XtalStructInit  hc32_ll_clk.o
    0x0000102a   0x0000102a   0x00000002   PAD
    0x0000102c   0x0000102c   0x00000224   Code   RO         2968    i.ClockSync_CalculateBrr  hc32_ll_usart.o
    0x00001250   0x00001250   0x00000040   Code   RO         3264    i.DDL_DelayMS       hc32_ll_utility.o
    0x00001290   0x00001290   0x00000040   Code   RO         3265    i.DDL_DelayUS       hc32_ll_utility.o
    0x000012d0   0x000012d0   0x00000210   Code   RO          657    i.DMA_ChCmd         hc32_ll_dma.o
    0x000014e0   0x000014e0   0x00000088   Code   RO          659    i.DMA_ClearTransCompleteStatus  hc32_ll_dma.o
    0x00001568   0x00001568   0x0000007c   Code   RO          660    i.DMA_Cmd           hc32_ll_dma.o
    0x000015e4   0x000015e4   0x000001cc   Code   RO          194    i.DMA_Config        dma_uart.o
    0x000017b0   0x000017b0   0x00000090   Code   RO          675    i.DMA_GetTransCount  hc32_ll_dma.o
    0x00001840   0x00001840   0x000001c4   Code   RO          677    i.DMA_Init          hc32_ll_dma.o
    0x00001a04   0x00001a04   0x0000010c   Code   RO          679    i.DMA_LlpInit       hc32_ll_dma.o
    0x00001b10   0x00001b10   0x00000014   Code   RO          680    i.DMA_LlpStructInit  hc32_ll_dma.o
    0x00001b24   0x00001b24   0x00000094   Code   RO          684    i.DMA_ReconfigCmd   hc32_ll_dma.o
    0x00001bb8   0x00001bb8   0x000000ac   Code   RO          686    i.DMA_ReconfigLlpCmd  hc32_ll_dma.o
    0x00001c64   0x00001c64   0x000000bc   Code   RO          702    i.DMA_SetSrcAddr    hc32_ll_dma.o
    0x00001d20   0x00001d20   0x000000c8   Code   RO          704    i.DMA_SetTransCount  hc32_ll_dma.o
    0x00001de8   0x00001de8   0x00000022   Code   RO          705    i.DMA_StructInit    hc32_ll_dma.o
    0x00001e0a   0x00001e0a   0x00000002   PAD
    0x00001e0c   0x00001e0c   0x000000ac   Code   RO          706    i.DMA_TransCompleteIntCmd  hc32_ll_dma.o
    0x00001eb8   0x00001eb8   0x0000007c   Code   RO          977    i.EFM_CacheCmd      hc32_ll_efm.o
    0x00001f34   0x00001f34   0x0000007c   Code   RO          978    i.EFM_CacheRamReset  hc32_ll_efm.o
    0x00001fb0   0x00001fb0   0x000000c8   Code   RO         1004    i.EFM_SetWaitCycle  hc32_ll_efm.o
    0x00002078   0x00002078   0x00000034   Code   RO         1488    i.EXTINT_ClearExtIntStatus  hc32_ll_interrupts.o
    0x000020ac   0x000020ac   0x0000003c   Code   RO         1489    i.EXTINT_GetExtIntStatus  hc32_ll_interrupts.o
    0x000020e8   0x000020e8   0x000000ac   Code   RO         1201    i.FCG_Fcg0PeriphClockCmd  hc32_ll_fcg.o
    0x00002194   0x00002194   0x00000094   Code   RO         1202    i.FCG_Fcg1PeriphClockCmd  hc32_ll_fcg.o
    0x00002228   0x00002228   0x00000094   Code   RO         1203    i.FCG_Fcg2PeriphClockCmd  hc32_ll_fcg.o
    0x000022bc   0x000022bc   0x000000e4   Code   RO         1327    i.GPIO_AnalogCmd    hc32_ll_gpio.o
    0x000023a0   0x000023a0   0x00000210   Code   RO         1330    i.GPIO_Init         hc32_ll_gpio.o
    0x000025b0   0x000025b0   0x00000098   Code   RO         1333    i.GPIO_ReadInputPins  hc32_ll_gpio.o
    0x00002648   0x00002648   0x000000fc   Code   RO         1339    i.GPIO_SetFunc      hc32_ll_gpio.o
    0x00002744   0x00002744   0x00000094   Code   RO         1340    i.GPIO_SetPins      hc32_ll_gpio.o
    0x000027d8   0x000027d8   0x0000009c   Code   RO         1341    i.GPIO_SetReadWaitCycle  hc32_ll_gpio.o
    0x00002874   0x00002874   0x00000020   Code   RO         1343    i.GPIO_StructInit   hc32_ll_gpio.o
    0x00002894   0x00002894   0x000000b4   Code   RO         1494    i.INTC_IrqSignIn    hc32_ll_interrupts.o
    0x00002948   0x00002948   0x00000014   Code   RO         1499    i.IRQ000_Handler    hc32_ll_interrupts.o
    0x0000295c   0x0000295c   0x00000014   Code   RO         1500    i.IRQ001_Handler    hc32_ll_interrupts.o
    0x00002970   0x00002970   0x00000014   Code   RO         1501    i.IRQ002_Handler    hc32_ll_interrupts.o
    0x00002984   0x00002984   0x00000014   Code   RO         1502    i.IRQ003_Handler    hc32_ll_interrupts.o
    0x00002998   0x00002998   0x00000014   Code   RO         1503    i.IRQ004_Handler    hc32_ll_interrupts.o
    0x000029ac   0x000029ac   0x00000014   Code   RO         1504    i.IRQ005_Handler    hc32_ll_interrupts.o
    0x000029c0   0x000029c0   0x00000014   Code   RO         1505    i.IRQ006_Handler    hc32_ll_interrupts.o
    0x000029d4   0x000029d4   0x00000014   Code   RO         1506    i.IRQ007_Handler    hc32_ll_interrupts.o
    0x000029e8   0x000029e8   0x00000014   Code   RO         1507    i.IRQ008_Handler    hc32_ll_interrupts.o
    0x000029fc   0x000029fc   0x00000014   Code   RO         1508    i.IRQ009_Handler    hc32_ll_interrupts.o
    0x00002a10   0x00002a10   0x00000014   Code   RO         1509    i.IRQ010_Handler    hc32_ll_interrupts.o
    0x00002a24   0x00002a24   0x00000014   Code   RO         1510    i.IRQ011_Handler    hc32_ll_interrupts.o
    0x00002a38   0x00002a38   0x00000014   Code   RO         1511    i.IRQ012_Handler    hc32_ll_interrupts.o
    0x00002a4c   0x00002a4c   0x00000014   Code   RO         1512    i.IRQ013_Handler    hc32_ll_interrupts.o
    0x00002a60   0x00002a60   0x00000014   Code   RO         1513    i.IRQ014_Handler    hc32_ll_interrupts.o
    0x00002a74   0x00002a74   0x00000014   Code   RO         1514    i.IRQ015_Handler    hc32_ll_interrupts.o
    0x00002a88   0x00002a88   0x00000014   Code   RO         1515    i.IRQ016_Handler    hc32_ll_interrupts.o
    0x00002a9c   0x00002a9c   0x00000014   Code   RO         1516    i.IRQ017_Handler    hc32_ll_interrupts.o
    0x00002ab0   0x00002ab0   0x00000014   Code   RO         1517    i.IRQ018_Handler    hc32_ll_interrupts.o
    0x00002ac4   0x00002ac4   0x00000014   Code   RO         1518    i.IRQ019_Handler    hc32_ll_interrupts.o
    0x00002ad8   0x00002ad8   0x00000014   Code   RO         1519    i.IRQ020_Handler    hc32_ll_interrupts.o
    0x00002aec   0x00002aec   0x00000014   Code   RO         1520    i.IRQ021_Handler    hc32_ll_interrupts.o
    0x00002b00   0x00002b00   0x00000014   Code   RO         1521    i.IRQ022_Handler    hc32_ll_interrupts.o
    0x00002b14   0x00002b14   0x00000014   Code   RO         1522    i.IRQ023_Handler    hc32_ll_interrupts.o
    0x00002b28   0x00002b28   0x00000014   Code   RO         1523    i.IRQ024_Handler    hc32_ll_interrupts.o
    0x00002b3c   0x00002b3c   0x00000014   Code   RO         1524    i.IRQ025_Handler    hc32_ll_interrupts.o
    0x00002b50   0x00002b50   0x00000014   Code   RO         1525    i.IRQ026_Handler    hc32_ll_interrupts.o
    0x00002b64   0x00002b64   0x00000014   Code   RO         1526    i.IRQ027_Handler    hc32_ll_interrupts.o
    0x00002b78   0x00002b78   0x00000014   Code   RO         1527    i.IRQ028_Handler    hc32_ll_interrupts.o
    0x00002b8c   0x00002b8c   0x00000014   Code   RO         1528    i.IRQ029_Handler    hc32_ll_interrupts.o
    0x00002ba0   0x00002ba0   0x00000014   Code   RO         1529    i.IRQ030_Handler    hc32_ll_interrupts.o
    0x00002bb4   0x00002bb4   0x00000014   Code   RO         1530    i.IRQ031_Handler    hc32_ll_interrupts.o
    0x00002bc8   0x00002bc8   0x00000014   Code   RO         1531    i.IRQ032_Handler    hc32_ll_interrupts.o
    0x00002bdc   0x00002bdc   0x00000014   Code   RO         1532    i.IRQ033_Handler    hc32_ll_interrupts.o
    0x00002bf0   0x00002bf0   0x00000014   Code   RO         1533    i.IRQ034_Handler    hc32_ll_interrupts.o
    0x00002c04   0x00002c04   0x00000014   Code   RO         1534    i.IRQ035_Handler    hc32_ll_interrupts.o
    0x00002c18   0x00002c18   0x00000014   Code   RO         1535    i.IRQ036_Handler    hc32_ll_interrupts.o
    0x00002c2c   0x00002c2c   0x00000014   Code   RO         1536    i.IRQ037_Handler    hc32_ll_interrupts.o
    0x00002c40   0x00002c40   0x00000014   Code   RO         1537    i.IRQ038_Handler    hc32_ll_interrupts.o
    0x00002c54   0x00002c54   0x00000014   Code   RO         1538    i.IRQ039_Handler    hc32_ll_interrupts.o
    0x00002c68   0x00002c68   0x00000014   Code   RO         1539    i.IRQ040_Handler    hc32_ll_interrupts.o
    0x00002c7c   0x00002c7c   0x00000014   Code   RO         1540    i.IRQ041_Handler    hc32_ll_interrupts.o
    0x00002c90   0x00002c90   0x00000014   Code   RO         1541    i.IRQ042_Handler    hc32_ll_interrupts.o
    0x00002ca4   0x00002ca4   0x00000014   Code   RO         1542    i.IRQ043_Handler    hc32_ll_interrupts.o
    0x00002cb8   0x00002cb8   0x00000014   Code   RO         1543    i.IRQ044_Handler    hc32_ll_interrupts.o
    0x00002ccc   0x00002ccc   0x00000014   Code   RO         1544    i.IRQ045_Handler    hc32_ll_interrupts.o
    0x00002ce0   0x00002ce0   0x00000014   Code   RO         1545    i.IRQ046_Handler    hc32_ll_interrupts.o
    0x00002cf4   0x00002cf4   0x00000014   Code   RO         1546    i.IRQ047_Handler    hc32_ll_interrupts.o
    0x00002d08   0x00002d08   0x00000014   Code   RO         1547    i.IRQ048_Handler    hc32_ll_interrupts.o
    0x00002d1c   0x00002d1c   0x00000014   Code   RO         1548    i.IRQ049_Handler    hc32_ll_interrupts.o
    0x00002d30   0x00002d30   0x00000014   Code   RO         1549    i.IRQ050_Handler    hc32_ll_interrupts.o
    0x00002d44   0x00002d44   0x00000014   Code   RO         1550    i.IRQ051_Handler    hc32_ll_interrupts.o
    0x00002d58   0x00002d58   0x00000014   Code   RO         1551    i.IRQ052_Handler    hc32_ll_interrupts.o
    0x00002d6c   0x00002d6c   0x00000014   Code   RO         1552    i.IRQ053_Handler    hc32_ll_interrupts.o
    0x00002d80   0x00002d80   0x00000014   Code   RO         1553    i.IRQ054_Handler    hc32_ll_interrupts.o
    0x00002d94   0x00002d94   0x00000014   Code   RO         1554    i.IRQ055_Handler    hc32_ll_interrupts.o
    0x00002da8   0x00002da8   0x00000014   Code   RO         1555    i.IRQ056_Handler    hc32_ll_interrupts.o
    0x00002dbc   0x00002dbc   0x00000014   Code   RO         1556    i.IRQ057_Handler    hc32_ll_interrupts.o
    0x00002dd0   0x00002dd0   0x00000014   Code   RO         1557    i.IRQ058_Handler    hc32_ll_interrupts.o
    0x00002de4   0x00002de4   0x00000014   Code   RO         1558    i.IRQ059_Handler    hc32_ll_interrupts.o
    0x00002df8   0x00002df8   0x00000014   Code   RO         1559    i.IRQ060_Handler    hc32_ll_interrupts.o
    0x00002e0c   0x00002e0c   0x00000014   Code   RO         1560    i.IRQ061_Handler    hc32_ll_interrupts.o
    0x00002e20   0x00002e20   0x00000014   Code   RO         1561    i.IRQ062_Handler    hc32_ll_interrupts.o
    0x00002e34   0x00002e34   0x00000014   Code   RO         1562    i.IRQ063_Handler    hc32_ll_interrupts.o
    0x00002e48   0x00002e48   0x00000014   Code   RO         1563    i.IRQ064_Handler    hc32_ll_interrupts.o
    0x00002e5c   0x00002e5c   0x00000014   Code   RO         1564    i.IRQ065_Handler    hc32_ll_interrupts.o
    0x00002e70   0x00002e70   0x00000014   Code   RO         1565    i.IRQ066_Handler    hc32_ll_interrupts.o
    0x00002e84   0x00002e84   0x00000014   Code   RO         1566    i.IRQ067_Handler    hc32_ll_interrupts.o
    0x00002e98   0x00002e98   0x00000014   Code   RO         1567    i.IRQ068_Handler    hc32_ll_interrupts.o
    0x00002eac   0x00002eac   0x00000014   Code   RO         1568    i.IRQ069_Handler    hc32_ll_interrupts.o
    0x00002ec0   0x00002ec0   0x00000014   Code   RO         1569    i.IRQ070_Handler    hc32_ll_interrupts.o
    0x00002ed4   0x00002ed4   0x00000014   Code   RO         1570    i.IRQ071_Handler    hc32_ll_interrupts.o
    0x00002ee8   0x00002ee8   0x00000014   Code   RO         1571    i.IRQ072_Handler    hc32_ll_interrupts.o
    0x00002efc   0x00002efc   0x00000014   Code   RO         1572    i.IRQ073_Handler    hc32_ll_interrupts.o
    0x00002f10   0x00002f10   0x00000014   Code   RO         1573    i.IRQ074_Handler    hc32_ll_interrupts.o
    0x00002f24   0x00002f24   0x00000014   Code   RO         1574    i.IRQ075_Handler    hc32_ll_interrupts.o
    0x00002f38   0x00002f38   0x00000014   Code   RO         1575    i.IRQ076_Handler    hc32_ll_interrupts.o
    0x00002f4c   0x00002f4c   0x00000014   Code   RO         1576    i.IRQ077_Handler    hc32_ll_interrupts.o
    0x00002f60   0x00002f60   0x00000014   Code   RO         1577    i.IRQ078_Handler    hc32_ll_interrupts.o
    0x00002f74   0x00002f74   0x00000014   Code   RO         1578    i.IRQ079_Handler    hc32_ll_interrupts.o
    0x00002f88   0x00002f88   0x00000014   Code   RO         1579    i.IRQ080_Handler    hc32_ll_interrupts.o
    0x00002f9c   0x00002f9c   0x00000014   Code   RO         1580    i.IRQ081_Handler    hc32_ll_interrupts.o
    0x00002fb0   0x00002fb0   0x00000014   Code   RO         1581    i.IRQ082_Handler    hc32_ll_interrupts.o
    0x00002fc4   0x00002fc4   0x00000014   Code   RO         1582    i.IRQ083_Handler    hc32_ll_interrupts.o
    0x00002fd8   0x00002fd8   0x00000014   Code   RO         1583    i.IRQ084_Handler    hc32_ll_interrupts.o
    0x00002fec   0x00002fec   0x00000014   Code   RO         1584    i.IRQ085_Handler    hc32_ll_interrupts.o
    0x00003000   0x00003000   0x00000014   Code   RO         1585    i.IRQ086_Handler    hc32_ll_interrupts.o
    0x00003014   0x00003014   0x00000014   Code   RO         1586    i.IRQ087_Handler    hc32_ll_interrupts.o
    0x00003028   0x00003028   0x00000014   Code   RO         1587    i.IRQ088_Handler    hc32_ll_interrupts.o
    0x0000303c   0x0000303c   0x00000014   Code   RO         1588    i.IRQ089_Handler    hc32_ll_interrupts.o
    0x00003050   0x00003050   0x00000014   Code   RO         1589    i.IRQ090_Handler    hc32_ll_interrupts.o
    0x00003064   0x00003064   0x00000014   Code   RO         1590    i.IRQ091_Handler    hc32_ll_interrupts.o
    0x00003078   0x00003078   0x00000014   Code   RO         1591    i.IRQ092_Handler    hc32_ll_interrupts.o
    0x0000308c   0x0000308c   0x00000014   Code   RO         1592    i.IRQ093_Handler    hc32_ll_interrupts.o
    0x000030a0   0x000030a0   0x00000014   Code   RO         1593    i.IRQ094_Handler    hc32_ll_interrupts.o
    0x000030b4   0x000030b4   0x00000014   Code   RO         1594    i.IRQ095_Handler    hc32_ll_interrupts.o
    0x000030c8   0x000030c8   0x00000014   Code   RO         1595    i.IRQ096_Handler    hc32_ll_interrupts.o
    0x000030dc   0x000030dc   0x00000014   Code   RO         1596    i.IRQ097_Handler    hc32_ll_interrupts.o
    0x000030f0   0x000030f0   0x00000014   Code   RO         1597    i.IRQ098_Handler    hc32_ll_interrupts.o
    0x00003104   0x00003104   0x00000014   Code   RO         1598    i.IRQ099_Handler    hc32_ll_interrupts.o
    0x00003118   0x00003118   0x00000014   Code   RO         1599    i.IRQ100_Handler    hc32_ll_interrupts.o
    0x0000312c   0x0000312c   0x00000014   Code   RO         1600    i.IRQ101_Handler    hc32_ll_interrupts.o
    0x00003140   0x00003140   0x00000014   Code   RO         1601    i.IRQ102_Handler    hc32_ll_interrupts.o
    0x00003154   0x00003154   0x00000014   Code   RO         1602    i.IRQ103_Handler    hc32_ll_interrupts.o
    0x00003168   0x00003168   0x00000014   Code   RO         1603    i.IRQ104_Handler    hc32_ll_interrupts.o
    0x0000317c   0x0000317c   0x00000014   Code   RO         1604    i.IRQ105_Handler    hc32_ll_interrupts.o
    0x00003190   0x00003190   0x00000014   Code   RO         1605    i.IRQ106_Handler    hc32_ll_interrupts.o
    0x000031a4   0x000031a4   0x00000014   Code   RO         1606    i.IRQ107_Handler    hc32_ll_interrupts.o
    0x000031b8   0x000031b8   0x00000014   Code   RO         1607    i.IRQ108_Handler    hc32_ll_interrupts.o
    0x000031cc   0x000031cc   0x00000014   Code   RO         1608    i.IRQ109_Handler    hc32_ll_interrupts.o
    0x000031e0   0x000031e0   0x00000014   Code   RO         1609    i.IRQ110_Handler    hc32_ll_interrupts.o
    0x000031f4   0x000031f4   0x00000014   Code   RO         1610    i.IRQ111_Handler    hc32_ll_interrupts.o
    0x00003208   0x00003208   0x00000014   Code   RO         1611    i.IRQ112_Handler    hc32_ll_interrupts.o
    0x0000321c   0x0000321c   0x00000014   Code   RO         1612    i.IRQ113_Handler    hc32_ll_interrupts.o
    0x00003230   0x00003230   0x00000014   Code   RO         1613    i.IRQ114_Handler    hc32_ll_interrupts.o
    0x00003244   0x00003244   0x00000014   Code   RO         1614    i.IRQ115_Handler    hc32_ll_interrupts.o
    0x00003258   0x00003258   0x00000014   Code   RO         1615    i.IRQ116_Handler    hc32_ll_interrupts.o
    0x0000326c   0x0000326c   0x00000014   Code   RO         1616    i.IRQ117_Handler    hc32_ll_interrupts.o
    0x00003280   0x00003280   0x00000014   Code   RO         1617    i.IRQ118_Handler    hc32_ll_interrupts.o
    0x00003294   0x00003294   0x00000014   Code   RO         1618    i.IRQ119_Handler    hc32_ll_interrupts.o
    0x000032a8   0x000032a8   0x00000014   Code   RO         1619    i.IRQ120_Handler    hc32_ll_interrupts.o
    0x000032bc   0x000032bc   0x00000014   Code   RO         1620    i.IRQ121_Handler    hc32_ll_interrupts.o
    0x000032d0   0x000032d0   0x00000014   Code   RO         1621    i.IRQ122_Handler    hc32_ll_interrupts.o
    0x000032e4   0x000032e4   0x00000014   Code   RO         1622    i.IRQ123_Handler    hc32_ll_interrupts.o
    0x000032f8   0x000032f8   0x00000014   Code   RO         1623    i.IRQ124_Handler    hc32_ll_interrupts.o
    0x0000330c   0x0000330c   0x00000014   Code   RO         1624    i.IRQ125_Handler    hc32_ll_interrupts.o
    0x00003320   0x00003320   0x00000014   Code   RO         1625    i.IRQ126_Handler    hc32_ll_interrupts.o
    0x00003334   0x00003334   0x00000014   Code   RO         1626    i.IRQ127_Handler    hc32_ll_interrupts.o
    0x00003348   0x00003348   0x00000090   Code   RO          310    i.LL_PERIPH_WE      hc32_ll.o
    0x000033d8   0x000033d8   0x00000088   Code   RO          311    i.LL_PERIPH_WP      hc32_ll.o
    0x00003460   0x00003460   0x00000084   Code   RO         2424    i.PWC_HighSpeedToHighPerformance  hc32_ll_pwc.o
    0x000034e4   0x000034e4   0x0000001c   Code   RO          312    i.PWC_REG_Lock      hc32_ll.o
    0x00003500   0x00003500   0x00000018   Code   RO          313    i.PWC_REG_Unlock    hc32_ll.o
    0x00003518   0x00003518   0x00000034   Code   RO          195    i.RX_DMA_TC_IrqCallback  dma_uart.o
    0x0000354c   0x0000354c   0x000000f8   Code   RO         2782    i.SRAM_SetWaitCycle  hc32_ll_sram.o
    0x00003644   0x00003644   0x0000033c   Code   RO          432    i.SetSysClockDiv    hc32_ll_clk.o
    0x00003980   0x00003980   0x00000114   Code   RO          433    i.SetSysClockSrc    hc32_ll_clk.o
    0x00003a94   0x00003a94   0x00000290   Code   RO         2969    i.SmartCard_CalculateBrr  hc32_ll_usart.o
    0x00003d24   0x00003d24   0x000000cc   Code   RO           13    i.SystemCoreClockUpdate  system_hc32f460.o
    0x00003df0   0x00003df0   0x00000020   Code   RO           14    i.SystemInit        system_hc32f460.o
    0x00003e10   0x00003e10   0x00000088   Code   RO          196    i.TMR0_Config       dma_uart.o
    0x00003e98   0x00003e98   0x000000b8   Code   RO         2842    i.TMR0_HWClearCondCmd  hc32_ll_tmr0.o
    0x00003f50   0x00003f50   0x000000b8   Code   RO         2843    i.TMR0_HWStartCondCmd  hc32_ll_tmr0.o
    0x00004008   0x00004008   0x00000160   Code   RO         2845    i.TMR0_Init         hc32_ll_tmr0.o
    0x00004168   0x00004168   0x00000020   Code   RO          197    i.TX_DMA_TC_IrqCallback  dma_uart.o
    0x00004188   0x00004188   0x00000298   Code   RO         2970    i.UART_CalculateBrr  hc32_ll_usart.o
    0x00004420   0x00004420   0x000000c0   Code   RO         2971    i.USART_ClearStatus  hc32_ll_usart.o
    0x000044e0   0x000044e0   0x000000cc   Code   RO         2979    i.USART_FuncCmd     hc32_ll_usart.o
    0x000045ac   0x000045ac   0x0000001c   Code   RO         2980    i.USART_GetBusClockFreq  hc32_ll_usart.o
    0x000045c8   0x000045c8   0x0000009c   Code   RO         2989    i.USART_GetUsartClockFreq  hc32_ll_usart.o
    0x00004664   0x00004664   0x00000080   Code   RO         2992    i.USART_ReadData    hc32_ll_usart.o
    0x000046e4   0x000046e4   0x00000018   Code   RO          198    i.USART_RxError_IrqCallback  dma_uart.o
    0x000046fc   0x000046fc   0x00000058   Code   RO          199    i.USART_RxTimeout_IrqCallback  dma_uart.o
    0x00004754   0x00004754   0x0000013c   Code   RO         2993    i.USART_SetBaudrate  hc32_ll_usart.o
    0x00004890   0x00004890   0x00000040   Code   RO          200    i.USART_StopTimeoutTimer  dma_uart.o
    0x000048d0   0x000048d0   0x00000060   Code   RO          201    i.USART_TxComplete_IrqCallback  dma_uart.o
    0x00004930   0x00004930   0x00000204   Code   RO         3008    i.USART_UART_Init   hc32_ll_usart.o
    0x00004b34   0x00004b34   0x0000002e   Code   RO         3010    i.USART_UART_StructInit  hc32_ll_usart.o
    0x00004b62   0x00004b62   0x00000002   PAD
    0x00004b64   0x00004b64   0x000000a0   Code   RO          202    i.Uart_TxAsync      dma_uart.o
    0x00004c04   0x00004c04   0x000000a4   Code   RO          203    i.Uart_TxKickLocked  dma_uart.o
    0x00004ca8   0x00004ca8   0x0000001c   Code   RO          204    i.__NVIC_ClearPendingIRQ  dma_uart.o
    0x00004cc4   0x00004cc4   0x00000022   Code   RO          205    i.__NVIC_EnableIRQ  dma_uart.o
    0x00004ce6   0x00004ce6   0x00000002   PAD
    0x00004ce8   0x00004ce8   0x00000028   Code   RO          206    i.__NVIC_SetPriority  dma_uart.o
    0x00004d10   0x00004d10   0x0000000e   Code   RO         3481    i.__scatterload_copy  mc_w.l(handlers.o)
    0x00004d1e   0x00004d1e   0x0000000e   Code   RO         3483    i.__scatterload_zeroinit  mc_w.l(handlers.o)
    0x00004d2c   0x00004d2c   0x00000014   Code   RO           86    i.main              main.o
    0x00004d40   0x00004d40   0x00000018   Code   RO          207    i.ring_free         dma_uart.o
    0x00004d58   0x00004d58   0x00000014   Code   RO          208    i.ring_used         dma_uart.o
    0x00004d6c   0x00004d6c   0x00000124   Code   RO          209    i.uart_dma_init     dma_uart.o
    0x00004e90   0x00004e90   0x00000014   Code   RO          210    i.uart_send_test    dma_uart.o
    0x00004ea4   0x00004ea4   0x00000010   Data   RO         3015    .constdata          hc32_ll_usart.o
    0x00004eb4   0x00004eb4   0x0000005c   Data   RO         3355    .constdata          ev_hc32f460_lqfp100_v2.o
    0x00004f10   0x00004f10   0x00000042   Data   RO         1633    .conststring        hc32_ll_interrupts.o
    0x00004f52   0x00004f52   0x00000002   PAD
    0x00004f54   0x00004f54   0x00000020   Data   RO         3479    Region$$Table       anon$$obj.o


    Execution Region RW_IRAM1 (Exec base: 0x1fff8000, Load base: 0x00004f74, Size: 0x00000008, Max: 0x00000008, ABSOLUTE, UNINIT)

    Exec Addr    Load Addr    Size         Type   Attr      Idx    E Section Name        Object

    0x1fff8000        -       0x00000008   Zero   RW           15    .bss.noinit         system_hc32f460.o


    Execution Region RW_IRAM2 (Exec base: 0x1fff8008, Load base: 0x00004f74, Size: 0x00002828, Max: 0x0002eff8, ABSOLUTE)

    Exec Addr    Load Addr    Size         Type   Attr      Idx    E Section Name        Object

    0x1fff8008   0x00004f74   0x0000000c   Data   RW          212    .data               dma_uart.o
    0x1fff8014   0x00004f80   0x00000001   Data   RW          707    .data               hc32_ll_dma.o
    0x1fff8015   0x00004f81   0x00000003   PAD
    0x1fff8018   0x00004f84   0x00000004   Data   RW         3356    .data               ev_hc32f460_lqfp100_v2.o
    0x1fff801c        -       0x00000614   Zero   RW          211    .bss                dma_uart.o
    0x1fff8630        -       0x00000200   Zero   RW         1632    .bss                hc32_ll_interrupts.o
    0x1fff8830        -       0x00002000   Zero   RW            1    STACK               startup_hc32f460.o


    Execution Region RW_IRAMB (Exec base: 0x200f0000, Load base: 0x00004f88, Size: 0x00000000, Max: 0x00001000, ABSOLUTE)

    **** No section assigned to this execution region ****


==============================================================================

Image component sizes


      Code (inc. data)   RO Data    RW Data    ZI Data      Debug   Object Name

      1734        196          0         12       1556      43975   dma_uart.o
       628         64         92          4          0      10018   ev_hc32f460_lqfp100_v2.o
       332         64          0          0          0      20926   hc32_ll.o
       116         66          0          0          0        749   hc32_ll_aos.o
      2872        528          0          0          0      18722   hc32_ll_clk.o
      2586        762          0          1          0      14653   hc32_ll_dma.o
       448        210          0          0          0       2174   hc32_ll_efm.o
       468        204          0          0          0       2311   hc32_ll_fcg.o
      1496        392          0          0          0       9262   hc32_ll_gpio.o
         0          0         32          0          0        814   hc32_ll_icg.o
      2852        606         66          0        512      85309   hc32_ll_interrupts.o
       132         64          0          0          0        685   hc32_ll_pwc.o
       248         66          0          0          0        916   hc32_ll_sram.o
       720        208          0          0          0       4424   hc32_ll_tmr0.o
      3454        754         16          0          0      13347   hc32_ll_usart.o
       132         22          0          0          0       2508   hc32_ll_utility.o
        20          0          0          0          0      31155   main.o
       100         24        640          0       8192        904   startup_hc32f460.o
       236         40          0          0          8     268773   system_hc32f460.o

    ----------------------------------------------------------------------
     18584       4270        880         20      10268     531625   Object Totals
         0          0         32          0          0          0   (incl. Generated)
        10          0          2          3          0          0   (incl. Padding)

    ----------------------------------------------------------------------

      Code (inc. data)   RO Data    RW Data    ZI Data      Debug   Library Member Name

         0          0          0          0          0          0   entry.o
         0          0          0          0          0          0   entry10a.o
         0          0          0          0          0          0   entry11a.o
         8          4          0          0          0          0   entry2.o
         4          0          0          0          0          0   entry5.o
         0          0          0          0          0          0   entry7b.o
         0          0          0          0          0          0   entry8b.o
         8          4          0          0          0          0   entry9a.o
        30          0          0          0          0          0   handlers.o
        36          8          0          0          0         68   init.o
         0          0          0          0          0          0   iusefp.o
        30          0          0          0          0         68   llshl.o
        32          0          0          0          0         68   llushr.o
        98          0          0          0          0         92   uldiv.o
        56          0          0          0          0         88   d2f.o
       222          0          0          0          0        100   ddiv.o
       186          0          0          0          0        176   depilogue.o
        26          0          0          0          0         76   dfltui.o
        24          0          0          0          0         76   dfltul.o
       110          0          0          0          0        168   fepilogue.o

    ----------------------------------------------------------------------
       876         16          0          0          0        980   Library Totals
         6          0          0          0          0          0   (incl. Padding)

    ----------------------------------------------------------------------

      Code (inc. data)   RO Data    RW Data    ZI Data      Debug   Library Name

       246         16          0          0          0        296   mc_w.l
       624          0          0          0          0        684   mf_w.l

    ----------------------------------------------------------------------
       876         16          0          0          0        980   Library Totals

    ----------------------------------------------------------------------

==============================================================================


      Code (inc. data)   RO Data    RW Data    ZI Data      Debug   

     19460       4286        880         20      10268     510693   Grand Totals
     19460       4286        880         20      10268     510693   ELF Image Totals
     19460       4286        880         20          0          0   ROM Totals

==============================================================================

    Total RO  Size (Code + RO Data)                20340 (  19.86kB)
    Total RW  Size (RW Data + ZI Data)             10288 (  10.05kB)
    Total ROM Size (Code + RO Data + RW Data)      20360 (  19.88kB)

==============================================================================

