<html>
<body>
<pre>
<h1>µVision Build Log</h1>
<h2>Tool Versions:</h2>
IDE-Version: ¦ÌVision V5.41.0.0
Copyright (C) 2024 ARM Ltd and ARM Germany GmbH. All rights reserved.
License Information: Marc LUO, SYCSense, LIC=LSNXV-PZRZJ-HL9CL-022LL-HRE73-2YXM8
 
Tool Versions:
Toolchain:       MDK-ARM Plus  Version: 5.41.0.0
Toolchain Path:  C:\Keil_v5\ARM\ARMCC\Bin
C Compiler:      Armcc.exe V5.06 update 4 (build 422)
Assembler:       Armasm.exe V5.06 update 4 (build 422)
Linker/Locator:  ArmLink.exe V5.06 update 4 (build 422)
Library Manager: ArmAr.exe V5.06 update 4 (build 422)
Hex Converter:   FromElf.exe V5.06 update 4 (build 422)
CPU DLL:         SARMCM3.DLL V5.41.0.0
Dialog DLL:      DCM.DLL V1.17.5.0
Target DLL:      Segger\JL2CM3.dll V2.99.45.0
Dialog DLL:      TCM.DLL V1.56.4.0
 
<h2>Project:</h2>
D:\LIN\HC_MCU\HC32F460_DDL_Rev3.3.0\projects\ev_hc32f460_lqfp100_v2\examples\usart\usart_uart_dma\MDK\usart_uart_dma.uvprojx
Project File Date:  03/03/2026

<h2>Output:</h2>
*** Using Compiler 'V5.06 update 4 (build 422)', folder: 'C:\Keil_v5\ARM\ARMCC\Bin'
Build target 'usart_uart_dma_Debug'
compiling dma_uart.c...
..\source\dma_uart.c(457): warning:  #1-D: last line of file ends without a newline
  }
..\source\dma_uart.c: 1 warning, 0 errors
linking...
Program Size: Code=19460 RO-data=880 RW-data=20 ZI-data=10268  
FromELF: creating hex file...
".\output\debug\usart_uart_dma.axf" - 0 Error(s), 1 Warning(s).

<h2>Software Packages used:</h2>

Package Vendor: HDSC
                https://raw.githubusercontent.com/OrloDavid/HC32F460/main/HDSC.HC32F460.1.0.11.pack
                HDSC::HC32F460@1.0.11
                HC32F460 ARM Cortex-M4 Device Family Pack

<h2>Collection of Component include folders:</h2>
  C:/Keil_v5/ARM/PACK/HDSC/HC32F460/1.0.11/Device/Include

<h2>Collection of Component Files used:</h2>
Build Time Elapsed:  00:00:01
</pre>
</body>
</html>
