Component: ARM Compiler 5.06 update 6 (build 750) Tool: armlink [4d35ed]

==============================================================================

Section Cross References

    startup_hc32f46x.o(RESET) refers to startup_hc32f46x.o(STACK) for __initial_sp
    startup_hc32f46x.o(RESET) refers to startup_hc32f46x.o(.text) for Reset_Handler
    startup_hc32f46x.o(RESET) refers to hc32f46x_interrupts.o(i.NMI_Handler) for NMI_Handler
    startup_hc32f46x.o(RESET) refers to hc32f46x_interrupts.o(i.HardFault_Handler) for HardFault_Handler
    startup_hc32f46x.o(RESET) refers to hc32f46x_interrupts.o(i.MemManage_Handler) for MemManage_Handler
    startup_hc32f46x.o(RESET) refers to hc32f46x_interrupts.o(i.BusFault_Handler) for BusFault_Handler
    startup_hc32f46x.o(RESET) refers to hc32f46x_interrupts.o(i.UsageFault_Handler) for UsageFault_Handler
    startup_hc32f46x.o(RESET) refers to port.o(.emb_text) for SVC_Handler
    startup_hc32f46x.o(RESET) refers to hc32f46x_interrupts.o(i.DebugMon_Handler) for DebugMon_Handler
    startup_hc32f46x.o(RESET) refers to port.o(i.SysTick_Handler) for SysTick_Handler
    startup_hc32f46x.o(RESET) refers to hc32f46x_interrupts.o(i.IRQ000_Handler) for IRQ000_Handler
    startup_hc32f46x.o(RESET) refers to hc32f46x_interrupts.o(i.IRQ001_Handler) for IRQ001_Handler
    startup_hc32f46x.o(RESET) refers to hc32f46x_interrupts.o(i.IRQ002_Handler) for IRQ002_Handler
    startup_hc32f46x.o(RESET) refers to hc32f46x_interrupts.o(i.IRQ003_Handler) for IRQ003_Handler
    startup_hc32f46x.o(RESET) refers to hc32f46x_interrupts.o(i.IRQ004_Handler) for IRQ004_Handler
    startup_hc32f46x.o(RESET) refers to hc32f46x_interrupts.o(i.IRQ005_Handler) for IRQ005_Handler
    startup_hc32f46x.o(RESET) refers to hc32f46x_interrupts.o(i.IRQ006_Handler) for IRQ006_Handler
    startup_hc32f46x.o(RESET) refers to hc32f46x_interrupts.o(i.IRQ007_Handler) for IRQ007_Handler
    startup_hc32f46x.o(RESET) refers to hc32f46x_interrupts.o(i.IRQ008_Handler) for IRQ008_Handler
    startup_hc32f46x.o(RESET) refers to hc32f46x_interrupts.o(i.IRQ009_Handler) for IRQ009_Handler
    startup_hc32f46x.o(RESET) refers to hc32f46x_interrupts.o(i.IRQ010_Handler) for IRQ010_Handler
    startup_hc32f46x.o(RESET) refers to hc32f46x_interrupts.o(i.IRQ011_Handler) for IRQ011_Handler
    startup_hc32f46x.o(RESET) refers to hc32f46x_interrupts.o(i.IRQ012_Handler) for IRQ012_Handler
    startup_hc32f46x.o(RESET) refers to hc32f46x_interrupts.o(i.IRQ013_Handler) for IRQ013_Handler
    startup_hc32f46x.o(RESET) refers to hc32f46x_interrupts.o(i.IRQ014_Handler) for IRQ014_Handler
    startup_hc32f46x.o(RESET) refers to hc32f46x_interrupts.o(i.IRQ015_Handler) for IRQ015_Handler
    startup_hc32f46x.o(RESET) refers to hc32f46x_interrupts.o(i.IRQ016_Handler) for IRQ016_Handler
    startup_hc32f46x.o(RESET) refers to hc32f46x_interrupts.o(i.IRQ017_Handler) for IRQ017_Handler
    startup_hc32f46x.o(RESET) refers to hc32f46x_interrupts.o(i.IRQ018_Handler) for IRQ018_Handler
    startup_hc32f46x.o(RESET) refers to hc32f46x_interrupts.o(i.IRQ019_Handler) for IRQ019_Handler
    startup_hc32f46x.o(RESET) refers to hc32f46x_interrupts.o(i.IRQ020_Handler) for IRQ020_Handler
    startup_hc32f46x.o(RESET) refers to hc32f46x_interrupts.o(i.IRQ021_Handler) for IRQ021_Handler
    startup_hc32f46x.o(RESET) refers to hc32f46x_interrupts.o(i.IRQ022_Handler) for IRQ022_Handler
    startup_hc32f46x.o(RESET) refers to hc32f46x_interrupts.o(i.IRQ023_Handler) for IRQ023_Handler
    startup_hc32f46x.o(RESET) refers to hc32f46x_interrupts.o(i.IRQ024_Handler) for IRQ024_Handler
    startup_hc32f46x.o(RESET) refers to hc32f46x_interrupts.o(i.IRQ025_Handler) for IRQ025_Handler
    startup_hc32f46x.o(RESET) refers to hc32f46x_interrupts.o(i.IRQ026_Handler) for IRQ026_Handler
    startup_hc32f46x.o(RESET) refers to hc32f46x_interrupts.o(i.IRQ027_Handler) for IRQ027_Handler
    startup_hc32f46x.o(RESET) refers to hc32f46x_interrupts.o(i.IRQ028_Handler) for IRQ028_Handler
    startup_hc32f46x.o(RESET) refers to hc32f46x_interrupts.o(i.IRQ029_Handler) for IRQ029_Handler
    startup_hc32f46x.o(RESET) refers to hc32f46x_interrupts.o(i.IRQ030_Handler) for IRQ030_Handler
    startup_hc32f46x.o(RESET) refers to hc32f46x_interrupts.o(i.IRQ031_Handler) for IRQ031_Handler
    startup_hc32f46x.o(RESET) refers to hc32f46x_interrupts.o(i.IRQ032_Handler) for IRQ032_Handler
    startup_hc32f46x.o(RESET) refers to hc32f46x_interrupts.o(i.IRQ033_Handler) for IRQ033_Handler
    startup_hc32f46x.o(RESET) refers to hc32f46x_interrupts.o(i.IRQ034_Handler) for IRQ034_Handler
    startup_hc32f46x.o(RESET) refers to hc32f46x_interrupts.o(i.IRQ035_Handler) for IRQ035_Handler
    startup_hc32f46x.o(RESET) refers to hc32f46x_interrupts.o(i.IRQ036_Handler) for IRQ036_Handler
    startup_hc32f46x.o(RESET) refers to hc32f46x_interrupts.o(i.IRQ037_Handler) for IRQ037_Handler
    startup_hc32f46x.o(RESET) refers to hc32f46x_interrupts.o(i.IRQ038_Handler) for IRQ038_Handler
[...]
    I2c3TxEnd_IrqHandler                      - Undefined Weak Reference
    I2s1Err_IrqHandler                        - Undefined Weak Reference
    I2s1Rx_IrqHandler                         - Undefined Weak Reference
    I2s1Tx_IrqHandler                         - Undefined Weak Reference
    I2s2Err_IrqHandler                        - Undefined Weak Reference
    I2s2Rx_IrqHandler                         - Undefined Weak Reference
    I2s2Tx_IrqHandler                         - Undefined Weak Reference
    I2s3Err_IrqHandler                        - Undefined Weak Reference
    I2s3Rx_IrqHandler                         - Undefined Weak Reference
    I2s3Tx_IrqHandler                         - Undefined Weak Reference
    I2s4Err_IrqHandler                        - Undefined Weak Reference
    I2s4Rx_IrqHandler                         - Undefined Weak Reference
    I2s4Tx_IrqHandler                         - Undefined Weak Reference
    MainOscStop_IrqHandler                    - Undefined Weak Reference
    MemManage_IrqHandler                      - Undefined Weak Reference
    Pvd1_IrqHandler                           - Undefined Weak Reference
    Pvd2_IrqHandler                           - Undefined Weak Reference
    QspiInt_IrqHandler                        - Undefined Weak Reference
    Sdio1_IrqHandler                          - Undefined Weak Reference
    Sdio2_IrqHandler                          - Undefined Weak Reference
    Spi1Err_IrqHandler                        - Undefined Weak Reference
    Spi1Idle_IrqHandler                       - Undefined Weak Reference
    Spi1RxEnd_IrqHandler                      - Undefined Weak Reference
    Spi1TxEmpty_IrqHandler                    - Undefined Weak Reference
    Spi2Err_IrqHandler                        - Undefined Weak Reference
    Spi2Idle_IrqHandler                       - Undefined Weak Reference
    Spi2RxEnd_IrqHandler                      - Undefined Weak Reference
    Spi2TxEmpty_IrqHandler                    - Undefined Weak Reference
    Spi3Err_IrqHandler                        - Undefined Weak Reference
    Spi3Idle_IrqHandler                       - Undefined Weak Reference
    Spi3RxEnd_IrqHandler                      - Undefined Weak Reference
    Spi3TxEmpty_IrqHandler                    - Undefined Weak Reference
    Spi4Err_IrqHandler                        - Undefined Weak Reference
    Spi4Idle_IrqHandler                       - Undefined Weak Reference
    Spi4RxEnd_IrqHandler                      - Undefined Weak Reference
    Spi4TxEmpty_IrqHandler                    - Undefined Weak Reference
    Swdt_IrqHandler                           - Undefined Weak Reference
    Timer01GCMA_IrqHandler                    - Undefined Weak Reference
    Timer01GCMB_IrqHandler                    - Undefined Weak Reference
    Timer02GCMA_IrqHandler                    - Undefined Weak Reference
    Timer02GCMB_IrqHandler                    - Undefined Weak Reference
    Timer41GCMUH_IrqHandler                   - Undefined Weak Reference
    Timer41GCMUL_IrqHandler                   - Undefined Weak Reference
    Timer41GCMVH_IrqHandler                   - Undefined Weak Reference
    Timer41GCMVL_IrqHandler                   - Undefined Weak Reference
    Timer41GCMWH_IrqHandler                   - Undefined Weak Reference
    Timer41GCMWL_IrqHandler                   - Undefined Weak Reference
    Timer41GOV_IrqHandler                     - Undefined Weak Reference
    Timer41GUD_IrqHandler                     - Undefined Weak Reference
    Timer41ReloadU_IrqHandler                 - Undefined Weak Reference
    Timer41ReloadV_IrqHandler                 - Undefined Weak Reference
    Timer41ReloadW_IrqHandler                 - Undefined Weak Reference
    Timer42GCMVH_IrqHandler                   - Undefined Weak Reference
    Timer42GCMVL_IrqHandler                   - Undefined Weak Reference
    Timer42GCMWH_IrqHandler                   - Undefined Weak Reference
    Timer42GCMWL_IrqHandler                   - Undefined Weak Reference
    Timer42GOV_IrqHandler                     - Undefined Weak Reference
    Timer42GUD_IrqHandler                     - Undefined Weak Reference
    Timer42ReloadU_IrqHandler                 - Undefined Weak Reference
    Timer42ReloadV_IrqHandler                 - Undefined Weak Reference
    Timer42ReloadW_IrqHandler                 - Undefined Weak Reference
    Timer43GCMUH_IrqHandler                   - Undefined Weak Reference
    Timer43GCMUL_IrqHandler                   - Undefined Weak Reference
    Timer43GCMVH_IrqHandler                   - Undefined Weak Reference
    Timer43GCMVL_IrqHandler                   - Undefined Weak Reference
    Timer43GCMWH_IrqHandler                   - Undefined Weak Reference
    Timer43GCMWL_IrqHandler                   - Undefined Weak Reference
    Timer43GOV_IrqHandler                     - Undefined Weak Reference
    Timer43GUD_IrqHandler                     - Undefined Weak Reference
    Timer43ReloadV_IrqHandler                 - Undefined Weak Reference
    Timer43ReloadW_IrqHandler                 - Undefined Weak Reference
    Timer61GCMA_IrqHandler                    - Undefined Weak Reference
    Timer61GCMB_IrqHandler                    - Undefined Weak Reference
    Timer61GCMC_IrqHandler                    - Undefined Weak Reference
    Timer61GCMD_IrqHandler                    - Undefined Weak Reference
    Timer61GCME_IrqHandler                    - Undefined Weak Reference
    Timer61GCMF_IrqHandler                    - Undefined Weak Reference
    Timer61GDT_IrqHandler                     - Undefined Weak Reference
    Timer61GOV_IrqHandler                     - Undefined Weak Reference
    Timer61GUD_IrqHandler                     - Undefined Weak Reference
    Timer61SCMA_IrqHandler                    - Undefined Weak Reference
    Timer61SCMB_IrqHandler                    - Undefined Weak Reference
    Timer62GCMA_IrqHandler                    - Undefined Weak Reference
    Timer62GCMB_IrqHandler                    - Undefined Weak Reference
    Timer62GCMC_IrqHandler                    - Undefined Weak Reference
    Timer62GCMD_IrqHandler                    - Undefined Weak Reference
    Timer62GCME_IrqHandler                    - Undefined Weak Reference
    Timer62GCMF_IrqHandler                    - Undefined Weak Reference
    Timer62GDT_IrqHandler                     - Undefined Weak Reference
    Timer62GOV_IrqHandler                     - Undefined Weak Reference
    Timer62GUD_IrqHandler                     - Undefined Weak Reference
    Timer62SCMA_IrqHandler                    - Undefined Weak Reference
    Timer62SCMB_IrqHandler                    - Undefined Weak Reference
    Timer63GCMA_IrqHandler                    - Undefined Weak Reference
    Timer63GCMB_IrqHandler                    - Undefined Weak Reference
    Timer63GCMC_IrqHandler                    - Undefined Weak Reference
    Timer63GCMD_IrqHandler                    - Undefined Weak Reference
    Timer63GCME_IrqHandler                    - Undefined Weak Reference
    Timer63GCMF_IrqHandler                    - Undefined Weak Reference
    Timer63GDT_IrqHandler                     - Undefined Weak Reference
    Timer63GOV_IrqHandler                     - Undefined Weak Reference
    Timer63GUD_IrqHandler                     - Undefined Weak Reference
    Timer63SCMA_IrqHandler                    - Undefined Weak Reference
    Timer63SCMB_IrqHandler                    - Undefined Weak Reference
    TimerA1CMP_IrqHandler                     - Undefined Weak Reference
    TimerA1OV_IrqHandler                      - Undefined Weak Reference
    TimerA1UD_IrqHandler                      - Undefined Weak Reference
    TimerA2CMP_IrqHandler                     - Undefined Weak Reference
    TimerA2OV_IrqHandler                      - Undefined Weak Reference
    TimerA2UD_IrqHandler                      - Undefined Weak Reference
    TimerA3CMP_IrqHandler                     - Undefined Weak Reference
    TimerA3OV_IrqHandler                      - Undefined Weak Reference
    TimerA3UD_IrqHandler                      - Undefined Weak Reference
    TimerA4CMP_IrqHandler                     - Undefined Weak Reference
    TimerA4OV_IrqHandler                      - Undefined Weak Reference
    TimerA4UD_IrqHandler                      - Undefined Weak Reference
    TimerA5CMP_IrqHandler                     - Undefined Weak Reference
    TimerA5OV_IrqHandler                      - Undefined Weak Reference
    TimerA5UD_IrqHandler                      - Undefined Weak Reference
    TimerA6CMP_IrqHandler                     - Undefined Weak Reference
    TimerA6OV_IrqHandler                      - Undefined Weak Reference
    TimerA6UD_IrqHandler                      - Undefined Weak Reference
    UsageFault_IrqHandler                     - Undefined Weak Reference
    Usart1RxEnd_IrqHandler                    - Undefined Weak Reference
    Usart1RxErr_IrqHandler                    - Undefined Weak Reference
    Usart1RxTO_IrqHandler                     - Undefined Weak Reference
    Usart1TxEmpty_IrqHandler                  - Undefined Weak Reference
    Usart1TxEnd_IrqHandler                    - Undefined Weak Reference
    Usart2RxEnd_IrqHandler                    - Undefined Weak Reference
    Usart2RxErr_IrqHandler                    - Undefined Weak Reference
    Usart2RxTO_IrqHandler                     - Undefined Weak Reference
    Usart2TxEmpty_IrqHandler                  - Undefined Weak Reference
    Usart2TxEnd_IrqHandler                    - Undefined Weak Reference
    Usart3RxEnd_IrqHandler                    - Undefined Weak Reference
    Usart3RxErr_IrqHandler                    - Undefined Weak Reference
    Usart3RxTO_IrqHandler                     - Undefined Weak Reference
    Usart3TxEmpty_IrqHandler                  - Undefined Weak Reference
    Usart3TxEnd_IrqHandler                    - Undefined Weak Reference
    Usart4RxEnd_IrqHandler                    - Undefined Weak Reference
    Usart4RxErr_IrqHandler                    - Undefined Weak Reference
    Usart4RxTO_IrqHandler                     - Undefined Weak Reference
    Usart4TxEmpty_IrqHandler                  - Undefined Weak Reference
    Usart4TxEnd_IrqHandler                    - Undefined Weak Reference
    UsbGlobal_IrqHandler                      - Undefined Weak Reference
    WakeupTimer_IrqHandler                    - Undefined Weak Reference
    Wdt_IrqHandler                            - Undefined Weak Reference
    __cpp_initialize__aeabi_                  - Undefined Weak Reference
    __cxa_finalize                            - Undefined Weak Reference
    __decompress                              - Undefined Weak Reference
    _clock_init                               - Undefined Weak Reference
    _microlib_exit                            - Undefined Weak Reference
    __Vectors_End                            0x00000280   Data           0  startup_hc32f46x.o(RESET)
    __Vectors_Size                           0x00000280   Number         0  startup_hc32f46x.o ABSOLUTE
    __main                                   0x00000281   Thumb Code     0  entry.o(.ARM.Collect$$$$00000000)
    _main_stk                                0x00000281   Thumb Code     0  entry2.o(.ARM.Collect$$$$00000001)
    _main_scatterload                        0x00000285   Thumb Code     0  entry5.o(.ARM.Collect$$$$00000004)
    __main_after_scatterload                 0x00000289   Thumb Code     0  entry5.o(.ARM.Collect$$$$00000004)
    _main_clock                              0x00000289   Thumb Code     0  entry7b.o(.ARM.Collect$$$$00000008)
    _main_cpp_init                           0x00000289   Thumb Code     0  entry8b.o(.ARM.Collect$$$$0000000A)
    _main_init                               0x00000289   Thumb Code     0  entry9a.o(.ARM.Collect$$$$0000000B)
    __rt_final_cpp                           0x00000291   Thumb Code     0  entry10a.o(.ARM.Collect$$$$0000000D)
    __rt_final_exit                          0x00000291   Thumb Code     0  entry11a.o(.ARM.Collect$$$$0000000F)
    SVC_Handler                              0x00000295   Thumb Code    28  port.o(.emb_text)
    __asm___6_port_c_39a90d8d__prvStartFirstTask 0x000002b5   Thumb Code    28  port.o(.emb_text)
    __asm___6_port_c_39a90d8d__prvEnableVFP  0x000002d5   Thumb Code    16  port.o(.emb_text)
    PendSV_Handler                           0x000002e9   Thumb Code    88  port.o(.emb_text)
    vPortGetIPSR                             0x00000345   Thumb Code     6  port.o(.emb_text)
    Reset_Handler                            0x0000034d   Thumb Code    48  startup_hc32f46x.o(.text)
    IRQ133_Handler                           0x0000038f   Thumb Code     0  startup_hc32f46x.o(.text)
    IRQ134_Handler                           0x0000038f   Thumb Code     0  startup_hc32f46x.o(.text)
    IRQ135_Handler                           0x0000038f   Thumb Code     0  startup_hc32f46x.o(.text)
    __aeabi_uldivmod                         0x000003a5   Thumb Code    98  uldiv.o(.text)
    __aeabi_memcpy                           0x00000407   Thumb Code    36  memcpya.o(.text)
    __aeabi_memcpy4                          0x00000407   Thumb Code     0  memcpya.o(.text)
    __aeabi_memcpy8                          0x00000407   Thumb Code     0  memcpya.o(.text)
    __aeabi_memset                           0x0000042b   Thumb Code    14  memseta.o(.text)
    __aeabi_memset4                          0x0000042b   Thumb Code     0  memseta.o(.text)
    __aeabi_memset8                          0x0000042b   Thumb Code     0  memseta.o(.text)
    __aeabi_memclr                           0x00000439   Thumb Code     4  memseta.o(.text)
    __aeabi_memclr4                          0x00000439   Thumb Code     0  memseta.o(.text)
    __aeabi_memclr8                          0x00000439   Thumb Code     0  memseta.o(.text)
    _memset$wrapper                          0x0000043d   Thumb Code    18  memseta.o(.text)
    strcmp                                   0x0000044f   Thumb Code    28  strcmp.o(.text)
    __aeabi_dadd                             0x0000046b   Thumb Code   322  dadd.o(.text)
    __aeabi_dsub                             0x000005ad   Thumb Code     6  dadd.o(.text)
    __aeabi_drsub                            0x000005b3   Thumb Code     6  dadd.o(.text)
    __aeabi_f2d                              0x000005b9   Thumb Code    38  f2d.o(.text)
    __aeabi_cdcmpeq                          0x000005e1   Thumb Code     0  cdcmple.o(.text)
    __aeabi_cdcmple                          0x000005e1   Thumb Code    48  cdcmple.o(.text)
    __aeabi_cdrcmple                         0x00000611   Thumb Code    48  cdrcmple.o(.text)
    __aeabi_d2f                              0x00000641   Thumb Code    56  d2f.o(.text)
    __aeabi_uidiv                            0x00000679   Thumb Code     0  uidiv.o(.text)
    __aeabi_uidivmod                         0x00000679   Thumb Code    44  uidiv.o(.text)
    __aeabi_llsl                             0x000006a5   Thumb Code    30  llshl.o(.text)
    _ll_shift_l                              0x000006a5   Thumb Code     0  llshl.o(.text)
    __aeabi_llsr                             0x000006c3   Thumb Code    32  llushr.o(.text)
    _ll_ushift_r                             0x000006c3   Thumb Code     0  llushr.o(.text)
    __aeabi_lasr                             0x000006e3   Thumb Code    36  llsshr.o(.text)
    _ll_sshift_r                             0x000006e3   Thumb Code     0  llsshr.o(.text)
    __I$use$fp                               0x00000707   Thumb Code     0  iusefp.o(.text)
    _float_round                             0x00000707   Thumb Code    18  fepilogue.o(.text)
    _float_epilogue                          0x00000719   Thumb Code    92  fepilogue.o(.text)
    _double_round                            0x00000775   Thumb Code    30  depilogue.o(.text)
    _double_epilogue                         0x00000793   Thumb Code   156  depilogue.o(.text)
    __scatterload                            0x00000831   Thumb Code    28  init.o(.text)
    __scatterload_rt2                        0x00000831   Thumb Code     0  init.o(.text)
    ADC_AddAdcChannel                        0x00000855   Thumb Code   184  hc32f46x_adc.o(i.ADC_AddAdcChannel)
    ADC_GetChData                            0x00000939   Thumb Code   138  hc32f46x_adc.o(i.ADC_GetChData)
    ADC_Init                                 0x000009f1   Thumb Code   258  hc32f46x_adc.o(i.ADC_Init)
    ADC_PollingSa                            0x00000b21   Thumb Code   222  hc32f46x_adc.o(i.ADC_PollingSa)
    BusFault_Handler                         0x00000d6d   Thumb Code     8  hc32f46x_interrupts.o(i.BusFault_Handler)
    CLK_GetFlagStatus                        0x00000d75   Thumb Code   152  hc32f46x_clk.o(i.CLK_GetFlagStatus)
    CLK_MpllCmd                              0x00000e35   Thumb Code   156  hc32f46x_clk.o(i.CLK_MpllCmd)
    CLK_MpllConfig                           0x00000efd   Thumb Code   372  hc32f46x_clk.o(i.CLK_MpllConfig)
    CLK_SetPeriClkSource                     0x000010b5   Thumb Code    78  hc32f46x_clk.o(i.CLK_SetPeriClkSource)
    CLK_SetPllSource                         0x00001131   Thumb Code    80  hc32f46x_clk.o(i.CLK_SetPllSource)
    CLK_SetSysClkSource                      0x000011ad   Thumb Code   240  hc32f46x_clk.o(i.CLK_SetSysClkSource)
    CLK_SysClkConfig                         0x000012d5   Thumb Code   366  hc32f46x_clk.o(i.CLK_SysClkConfig)
    CLK_UpllCmd                              0x0000147d   Thumb Code   134  hc32f46x_clk.o(i.CLK_UpllCmd)
    CLK_UpllConfig                           0x00001531   Thumb Code   380  hc32f46x_clk.o(i.CLK_UpllConfig)
    CLK_XtalCmd                              0x000016f1   Thumb Code   224  hc32f46x_clk.o(i.CLK_XtalCmd)
    CLK_XtalConfig                           0x00001801   Thumb Code    92  hc32f46x_clk.o(i.CLK_XtalConfig)
    DMA_ChannelCfg                           0x0000191d   Thumb Code   684  hc32f46x_dmac.o(i.DMA_ChannelCfg)
    DMA_ChannelCmd                           0x00001bf5   Thumb Code   486  hc32f46x_dmac.o(i.DMA_ChannelCmd)
    DMA_ClearIrqFlag                         0x00001e0d   Thumb Code   202  hc32f46x_dmac.o(i.DMA_ClearIrqFlag)
    DMA_Cmd                                  0x00001f05   Thumb Code    66  hc32f46x_dmac.o(i.DMA_Cmd)
    DMA_InitChannel                          0x00001f75   Thumb Code   470  hc32f46x_dmac.o(i.DMA_InitChannel)
    DMA_SetBlockSize                         0x0000217d   Thumb Code   196  hc32f46x_dmac.o(i.DMA_SetBlockSize)
    DMA_SetDesAddress                        0x0000226d   Thumb Code   130  hc32f46x_dmac.o(i.DMA_SetDesAddress)
    DMA_SetDesRptSize                        0x0000231d   Thumb Code   200  hc32f46x_dmac.o(i.DMA_SetDesRptSize)
    DMA_SetSrcAddress                        0x00002415   Thumb Code   130  hc32f46x_dmac.o(i.DMA_SetSrcAddress)
    DMA_SetTransferCnt                       0x000024c5   Thumb Code   190  hc32f46x_dmac.o(i.DMA_SetTransferCnt)
    DMA_SetTriggerSrc                        0x000025b1   Thumb Code    72  hc32f46x_dmac.o(i.DMA_SetTriggerSrc)
    Ddl_AssertHandler                        0x00002629   Thumb Code    18  hc32f46x_utility.o(i.Ddl_AssertHandler)
    Ddl_Delay1us                             0x0000266d   Thumb Code    64  hc32f46x_utility.o(i.Ddl_Delay1us)
    DebugMon_Handler                         0x000026b5   Thumb Code     8  hc32f46x_interrupts.o(i.DebugMon_Handler)
    DebugOutput                              0x000026bd   Thumb Code    20  hc32f46x_utility.o(i.DebugOutput)
    EFM_Lock                                 0x000028ad   Thumb Code    20  hc32f46x_efm.o(i.EFM_Lock)
    EFM_SetLatency                           0x000028c5   Thumb Code    94  hc32f46x_efm.o(i.EFM_SetLatency)
    EFM_Unlock                               0x0000294d   Thumb Code    16  hc32f46x_efm.o(i.EFM_Unlock)
    HardFault_Handler                        0x00002961   Thumb Code     8  hc32f46x_interrupts.o(i.HardFault_Handler)
    IRQ000_Handler                           0x00002969   Thumb Code    16  hc32f46x_interrupts.o(i.IRQ000_Handler)
    IRQ001_Handler                           0x0000297d   Thumb Code    16  hc32f46x_interrupts.o(i.IRQ001_Handler)
    IRQ002_Handler                           0x00002991   Thumb Code    16  hc32f46x_interrupts.o(i.IRQ002_Handler)
    IRQ003_Handler                           0x000029a5   Thumb Code    16  hc32f46x_interrupts.o(i.IRQ003_Handler)
    IRQ004_Handler                           0x000029b9   Thumb Code    16  hc32f46x_interrupts.o(i.IRQ004_Handler)
    IRQ005_Handler                           0x000029cd   Thumb Code    16  hc32f46x_interrupts.o(i.IRQ005_Handler)
    IRQ006_Handler                           0x000029e1   Thumb Code    16  hc32f46x_interrupts.o(i.IRQ006_Handler)
    IRQ007_Handler                           0x000029f5   Thumb Code    16  hc32f46x_interrupts.o(i.IRQ007_Handler)
    IRQ008_Handler                           0x00002a09   Thumb Code    16  hc32f46x_interrupts.o(i.IRQ008_Handler)
    IRQ009_Handler                           0x00002a1d   Thumb Code    16  hc32f46x_interrupts.o(i.IRQ009_Handler)
    IRQ010_Handler                           0x00002a31   Thumb Code    16  hc32f46x_interrupts.o(i.IRQ010_Handler)
    IRQ011_Handler                           0x00002a45   Thumb Code    16  hc32f46x_interrupts.o(i.IRQ011_Handler)
    IRQ012_Handler                           0x00002a59   Thumb Code    16  hc32f46x_interrupts.o(i.IRQ012_Handler)
    IRQ013_Handler                           0x00002a6d   Thumb Code    16  hc32f46x_interrupts.o(i.IRQ013_Handler)
    IRQ014_Handler                           0x00002a81   Thumb Code    16  hc32f46x_interrupts.o(i.IRQ014_Handler)
    IRQ015_Handler                           0x00002a95   Thumb Code    16  hc32f46x_interrupts.o(i.IRQ015_Handler)
    IRQ016_Handler                           0x00002aa9   Thumb Code    16  hc32f46x_interrupts.o(i.IRQ016_Handler)
    IRQ017_Handler                           0x00002abd   Thumb Code    16  hc32f46x_interrupts.o(i.IRQ017_Handler)
    IRQ018_Handler                           0x00002ad1   Thumb Code    16  hc32f46x_interrupts.o(i.IRQ018_Handler)
    IRQ019_Handler                           0x00002ae5   Thumb Code    16  hc32f46x_interrupts.o(i.IRQ019_Handler)
    IRQ020_Handler                           0x00002af9   Thumb Code    16  hc32f46x_interrupts.o(i.IRQ020_Handler)
    IRQ021_Handler                           0x00002b0d   Thumb Code    16  hc32f46x_interrupts.o(i.IRQ021_Handler)
    IRQ022_Handler                           0x00002b21   Thumb Code    16  hc32f46x_interrupts.o(i.IRQ022_Handler)
    IRQ023_Handler                           0x00002b35   Thumb Code    16  hc32f46x_interrupts.o(i.IRQ023_Handler)
    IRQ024_Handler                           0x00002b49   Thumb Code    16  hc32f46x_interrupts.o(i.IRQ024_Handler)
    IRQ025_Handler                           0x00002b5d   Thumb Code    16  hc32f46x_interrupts.o(i.IRQ025_Handler)
    IRQ026_Handler                           0x00002b71   Thumb Code    16  hc32f46x_interrupts.o(i.IRQ026_Handler)
    IRQ027_Handler                           0x00002b85   Thumb Code    16  hc32f46x_interrupts.o(i.IRQ027_Handler)
    IRQ028_Handler                           0x00002b99   Thumb Code    16  hc32f46x_interrupts.o(i.IRQ028_Handler)
    IRQ029_Handler                           0x00002bad   Thumb Code    16  hc32f46x_interrupts.o(i.IRQ029_Handler)
    IRQ030_Handler                           0x00002bc1   Thumb Code    16  hc32f46x_interrupts.o(i.IRQ030_Handler)
    IRQ031_Handler                           0x00002bd5   Thumb Code    16  hc32f46x_interrupts.o(i.IRQ031_Handler)
    IRQ032_Handler                           0x00002be9   Thumb Code    20  hc32f46x_interrupts.o(i.IRQ032_Handler)
    IRQ033_Handler                           0x00002c01   Thumb Code    20  hc32f46x_interrupts.o(i.IRQ033_Handler)
    IRQ034_Handler                           0x00002c19   Thumb Code    20  hc32f46x_interrupts.o(i.IRQ034_Handler)
    IRQ035_Handler                           0x00002c31   Thumb Code    20  hc32f46x_interrupts.o(i.IRQ035_Handler)
    IRQ036_Handler                           0x00002c49   Thumb Code    20  hc32f46x_interrupts.o(i.IRQ036_Handler)
    IRQ037_Handler                           0x00002c61   Thumb Code    20  hc32f46x_interrupts.o(i.IRQ037_Handler)
    IRQ038_Handler                           0x00002c79   Thumb Code    20  hc32f46x_interrupts.o(i.IRQ038_Handler)
    IRQ039_Handler                           0x00002c91   Thumb Code    20  hc32f46x_interrupts.o(i.IRQ039_Handler)
    IRQ040_Handler                           0x00002ca9   Thumb Code    20  hc32f46x_interrupts.o(i.IRQ040_Handler)
    IRQ041_Handler                           0x00002cc1   Thumb Code    20  hc32f46x_interrupts.o(i.IRQ041_Handler)
    IRQ042_Handler                           0x00002cd9   Thumb Code    20  hc32f46x_interrupts.o(i.IRQ042_Handler)
    IRQ043_Handler                           0x00002cf1   Thumb Code    20  hc32f46x_interrupts.o(i.IRQ043_Handler)
    IRQ044_Handler                           0x00002d09   Thumb Code    20  hc32f46x_interrupts.o(i.IRQ044_Handler)
    IRQ045_Handler                           0x00002d21   Thumb Code    20  hc32f46x_interrupts.o(i.IRQ045_Handler)
    IRQ046_Handler                           0x00002d39   Thumb Code    20  hc32f46x_interrupts.o(i.IRQ046_Handler)
    IRQ047_Handler                           0x00002d51   Thumb Code    20  hc32f46x_interrupts.o(i.IRQ047_Handler)
    IRQ048_Handler                           0x00002d69   Thumb Code    20  hc32f46x_interrupts.o(i.IRQ048_Handler)
    IRQ049_Handler                           0x00002d81   Thumb Code    20  hc32f46x_interrupts.o(i.IRQ049_Handler)
    IRQ050_Handler                           0x00002d99   Thumb Code    20  hc32f46x_interrupts.o(i.IRQ050_Handler)
    IRQ051_Handler                           0x00002db1   Thumb Code    20  hc32f46x_interrupts.o(i.IRQ051_Handler)
    IRQ052_Handler                           0x00002dc9   Thumb Code    20  hc32f46x_interrupts.o(i.IRQ052_Handler)
    IRQ053_Handler                           0x00002de1   Thumb Code    20  hc32f46x_interrupts.o(i.IRQ053_Handler)
    IRQ054_Handler                           0x00002df9   Thumb Code    20  hc32f46x_interrupts.o(i.IRQ054_Handler)
    IRQ055_Handler                           0x00002e11   Thumb Code    20  hc32f46x_interrupts.o(i.IRQ055_Handler)
    IRQ056_Handler                           0x00002e29   Thumb Code    20  hc32f46x_interrupts.o(i.IRQ056_Handler)
    IRQ057_Handler                           0x00002e41   Thumb Code    20  hc32f46x_interrupts.o(i.IRQ057_Handler)
    IRQ058_Handler                           0x00002e59   Thumb Code    20  hc32f46x_interrupts.o(i.IRQ058_Handler)
    IRQ059_Handler                           0x00002e71   Thumb Code    20  hc32f46x_interrupts.o(i.IRQ059_Handler)
    IRQ060_Handler                           0x00002e89   Thumb Code    20  hc32f46x_interrupts.o(i.IRQ060_Handler)
    IRQ061_Handler                           0x00002ea1   Thumb Code    20  hc32f46x_interrupts.o(i.IRQ061_Handler)
    IRQ062_Handler                           0x00002eb9   Thumb Code    20  hc32f46x_interrupts.o(i.IRQ062_Handler)
    IRQ063_Handler                           0x00002ed1   Thumb Code    20  hc32f46x_interrupts.o(i.IRQ063_Handler)
    IRQ064_Handler                           0x00002ee9   Thumb Code    20  hc32f46x_interrupts.o(i.IRQ064_Handler)
    IRQ065_Handler                           0x00002f01   Thumb Code    20  hc32f46x_interrupts.o(i.IRQ065_Handler)
    IRQ066_Handler                           0x00002f19   Thumb Code    20  hc32f46x_interrupts.o(i.IRQ066_Handler)
    IRQ067_Handler                           0x00002f31   Thumb Code    20  hc32f46x_interrupts.o(i.IRQ067_Handler)
    IRQ068_Handler                           0x00002f49   Thumb Code    20  hc32f46x_interrupts.o(i.IRQ068_Handler)
    IRQ069_Handler                           0x00002f61   Thumb Code    20  hc32f46x_interrupts.o(i.IRQ069_Handler)
    IRQ070_Handler                           0x00002f79   Thumb Code    20  hc32f46x_interrupts.o(i.IRQ070_Handler)
    IRQ071_Handler                           0x00002f91   Thumb Code    20  hc32f46x_interrupts.o(i.IRQ071_Handler)
    IRQ072_Handler                           0x00002fa9   Thumb Code    20  hc32f46x_interrupts.o(i.IRQ072_Handler)
    IRQ073_Handler                           0x00002fc1   Thumb Code    20  hc32f46x_interrupts.o(i.IRQ073_Handler)
    IRQ074_Handler                           0x00002fd9   Thumb Code    20  hc32f46x_interrupts.o(i.IRQ074_Handler)
    IRQ075_Handler                           0x00002ff1   Thumb Code    20  hc32f46x_interrupts.o(i.IRQ075_Handler)
    IRQ076_Handler                           0x00003009   Thumb Code    20  hc32f46x_interrupts.o(i.IRQ076_Handler)
    IRQ077_Handler                           0x00003021   Thumb Code    20  hc32f46x_interrupts.o(i.IRQ077_Handler)
    IRQ078_Handler                           0x00003039   Thumb Code    20  hc32f46x_interrupts.o(i.IRQ078_Handler)
    IRQ079_Handler                           0x00003051   Thumb Code    20  hc32f46x_interrupts.o(i.IRQ079_Handler)
    IRQ080_Handler                           0x00003069   Thumb Code    20  hc32f46x_interrupts.o(i.IRQ080_Handler)
    IRQ081_Handler                           0x00003081   Thumb Code    20  hc32f46x_interrupts.o(i.IRQ081_Handler)
    IRQ082_Handler                           0x00003099   Thumb Code    20  hc32f46x_interrupts.o(i.IRQ082_Handler)
    IRQ083_Handler                           0x000030b1   Thumb Code    20  hc32f46x_interrupts.o(i.IRQ083_Handler)
    IRQ084_Handler                           0x000030c9   Thumb Code    20  hc32f46x_interrupts.o(i.IRQ084_Handler)
    IRQ085_Handler                           0x000030e1   Thumb Code    20  hc32f46x_interrupts.o(i.IRQ085_Handler)
    IRQ086_Handler                           0x000030f9   Thumb Code    20  hc32f46x_interrupts.o(i.IRQ086_Handler)
    IRQ087_Handler                           0x00003111   Thumb Code    20  hc32f46x_interrupts.o(i.IRQ087_Handler)
    IRQ088_Handler                           0x00003129   Thumb Code    20  hc32f46x_interrupts.o(i.IRQ088_Handler)
    IRQ089_Handler                           0x00003141   Thumb Code    20  hc32f46x_interrupts.o(i.IRQ089_Handler)
    IRQ090_Handler                           0x00003159   Thumb Code    20  hc32f46x_interrupts.o(i.IRQ090_Handler)
    IRQ091_Handler                           0x00003171   Thumb Code    20  hc32f46x_interrupts.o(i.IRQ091_Handler)
    IRQ092_Handler                           0x00003189   Thumb Code    20  hc32f46x_interrupts.o(i.IRQ092_Handler)
    IRQ093_Handler                           0x000031a1   Thumb Code    20  hc32f46x_interrupts.o(i.IRQ093_Handler)
    IRQ094_Handler                           0x000031b9   Thumb Code    20  hc32f46x_interrupts.o(i.IRQ094_Handler)
    IRQ095_Handler                           0x000031d1   Thumb Code    20  hc32f46x_interrupts.o(i.IRQ095_Handler)
    IRQ096_Handler                           0x000031e9   Thumb Code    20  hc32f46x_interrupts.o(i.IRQ096_Handler)
    IRQ097_Handler                           0x00003201   Thumb Code    20  hc32f46x_interrupts.o(i.IRQ097_Handler)
    IRQ098_Handler                           0x00003219   Thumb Code    20  hc32f46x_interrupts.o(i.IRQ098_Handler)
    IRQ099_Handler                           0x00003231   Thumb Code    20  hc32f46x_interrupts.o(i.IRQ099_Handler)
    IRQ100_Handler                           0x00003249   Thumb Code    20  hc32f46x_interrupts.o(i.IRQ100_Handler)
    IRQ101_Handler                           0x00003261   Thumb Code    20  hc32f46x_interrupts.o(i.IRQ101_Handler)
    IRQ102_Handler                           0x00003279   Thumb Code    20  hc32f46x_interrupts.o(i.IRQ102_Handler)
    IRQ103_Handler                           0x00003291   Thumb Code    20  hc32f46x_interrupts.o(i.IRQ103_Handler)
    IRQ104_Handler                           0x000032a9   Thumb Code    20  hc32f46x_interrupts.o(i.IRQ104_Handler)
    IRQ105_Handler                           0x000032c1   Thumb Code    20  hc32f46x_interrupts.o(i.IRQ105_Handler)
    IRQ106_Handler                           0x000032d9   Thumb Code    20  hc32f46x_interrupts.o(i.IRQ106_Handler)
    IRQ107_Handler                           0x000032f1   Thumb Code    20  hc32f46x_interrupts.o(i.IRQ107_Handler)
    IRQ108_Handler                           0x00003309   Thumb Code    20  hc32f46x_interrupts.o(i.IRQ108_Handler)
    IRQ109_Handler                           0x00003321   Thumb Code    20  hc32f46x_interrupts.o(i.IRQ109_Handler)
    IRQ110_Handler                           0x00003339   Thumb Code    20  hc32f46x_interrupts.o(i.IRQ110_Handler)
    IRQ111_Handler                           0x00003351   Thumb Code    20  hc32f46x_interrupts.o(i.IRQ111_Handler)
    IRQ112_Handler                           0x00003369   Thumb Code    20  hc32f46x_interrupts.o(i.IRQ112_Handler)
    IRQ113_Handler                           0x00003381   Thumb Code    20  hc32f46x_interrupts.o(i.IRQ113_Handler)
    IRQ114_Handler                           0x00003399   Thumb Code    20  hc32f46x_interrupts.o(i.IRQ114_Handler)
    IRQ115_Handler                           0x000033b1   Thumb Code    20  hc32f46x_interrupts.o(i.IRQ115_Handler)
    IRQ116_Handler                           0x000033c9   Thumb Code    20  hc32f46x_interrupts.o(i.IRQ116_Handler)
    IRQ117_Handler                           0x000033e1   Thumb Code    20  hc32f46x_interrupts.o(i.IRQ117_Handler)
    IRQ118_Handler                           0x000033f9   Thumb Code    20  hc32f46x_interrupts.o(i.IRQ118_Handler)
    IRQ119_Handler                           0x00003411   Thumb Code    20  hc32f46x_interrupts.o(i.IRQ119_Handler)
    IRQ120_Handler                           0x00003429   Thumb Code    20  hc32f46x_interrupts.o(i.IRQ120_Handler)
    IRQ121_Handler                           0x00003441   Thumb Code    20  hc32f46x_interrupts.o(i.IRQ121_Handler)
    IRQ122_Handler                           0x00003459   Thumb Code    20  hc32f46x_interrupts.o(i.IRQ122_Handler)
    IRQ123_Handler                           0x00003471   Thumb Code    20  hc32f46x_interrupts.o(i.IRQ123_Handler)
    IRQ124_Handler                           0x00003489   Thumb Code    20  hc32f46x_interrupts.o(i.IRQ124_Handler)
    IRQ125_Handler                           0x000034a1   Thumb Code    20  hc32f46x_interrupts.o(i.IRQ125_Handler)
    IRQ126_Handler                           0x000034b9   Thumb Code    20  hc32f46x_interrupts.o(i.IRQ126_Handler)
    IRQ127_Handler                           0x000034d1   Thumb Code    20  hc32f46x_interrupts.o(i.IRQ127_Handler)
    IRQ128_Handler                           0x000034e9   Thumb Code   326  hc32f46x_interrupts.o(i.IRQ128_Handler)
    IRQ129_Handler                           0x00003639   Thumb Code  1126  hc32f46x_interrupts.o(i.IRQ129_Handler)
    IRQ130_Handler                           0x00003aa1   Thumb Code   190  hc32f46x_interrupts.o(i.IRQ130_Handler)
    IRQ131_Handler                           0x00003b7d   Thumb Code   684  hc32f46x_interrupts.o(i.IRQ131_Handler)
    IRQ132_Handler                           0x00003e45   Thumb Code   350  hc32f46x_interrupts.o(i.IRQ132_Handler)
    IRQ136_Handler                           0x00003fb5   Thumb Code   750  hc32f46x_interrupts.o(i.IRQ136_Handler)
    IRQ137_Handler                           0x000042d5   Thumb Code   620  hc32f46x_interrupts.o(i.IRQ137_Handler)
    IRQ138_Handler                           0x0000455d   Thumb Code   558  hc32f46x_interrupts.o(i.IRQ138_Handler)
    IRQ139_Handler                           0x00004799   Thumb Code   286  hc32f46x_interrupts.o(i.IRQ139_Handler)
    IRQ140_Handler                           0x000048c1   Thumb Code   490  hc32f46x_interrupts.o(i.IRQ140_Handler)
    IRQ141_Handler                           0x00004ad5   Thumb Code   542  hc32f46x_interrupts.o(i.IRQ141_Handler)
    IRQ142_Handler                           0x00004d31   Thumb Code   242  hc32f46x_interrupts.o(i.IRQ142_Handler)
    IRQ143_Handler                           0x00004e45   Thumb Code   256  hc32f46x_interrupts.o(i.IRQ143_Handler)
    MemManage_Handler                        0x00004f55   Thumb Code     8  hc32f46x_interrupts.o(i.MemManage_Handler)
    NMI_Handler                              0x00004f5d   Thumb Code     8  hc32f46x_interrupts.o(i.NMI_Handler)
    NMI_IrqHandler                           0x00004f65   Thumb Code    32  hc32f46x_exint_nmi_swi.o(i.NMI_IrqHandler)
    PORT_Init                                0x00004fb9   Thumb Code   474  hc32f46x_gpio.o(i.PORT_Init)
    PORT_Lock                                0x000051bd   Thumb Code    10  hc32f46x_gpio.o(i.PORT_Lock)
    PORT_ResetBits                           0x000051cd   Thumb Code    62  hc32f46x_gpio.o(i.PORT_ResetBits)
    PORT_SetBits                             0x00005235   Thumb Code    62  hc32f46x_gpio.o(i.PORT_SetBits)
    PORT_SetFunc                             0x0000529d   Thumb Code   414  hc32f46x_gpio.o(i.PORT_SetFunc)
    PORT_Unlock                              0x00005465   Thumb Code    10  hc32f46x_gpio.o(i.PORT_Unlock)
    PWC_Fcg0PeriphClockCmd                   0x00005475   Thumb Code    92  hc32f46x_pwc.o(i.PWC_Fcg0PeriphClockCmd)
    PWC_Fcg1PeriphClockCmd                   0x00005501   Thumb Code    80  hc32f46x_pwc.o(i.PWC_Fcg1PeriphClockCmd)
    PWC_Fcg2PeriphClockCmd                   0x0000557d   Thumb Code    80  hc32f46x_pwc.o(i.PWC_Fcg2PeriphClockCmd)
    PWC_Fcg3PeriphClockCmd                   0x000055f9   Thumb Code    84  hc32f46x_pwc.o(i.PWC_Fcg3PeriphClockCmd)
    SysTick_Handler                          0x00005a8d   Thumb Code    46  port.o(i.SysTick_Handler)
    SystemCoreClockUpdate                    0x00005ac1   Thumb Code   206  system_hc32f46x.o(i.SystemCoreClockUpdate)
    SystemInit                               0x00005bad   Thumb Code    20  system_hc32f46x.o(i.SystemInit)
    Timer6_ConfigHwClear                     0x00005c91   Thumb Code   112  hc32f46x_timer6.o(i.Timer6_ConfigHwClear)
    Timer6_ConfigHwStart                     0x00005d35   Thumb Code   112  hc32f46x_timer6.o(i.Timer6_ConfigHwStart)
    Timer6_ConfigIrq                         0x00005dd9   Thumb Code   274  hc32f46x_timer6.o(i.Timer6_ConfigIrq)
    Timer6_EnableHwClear                     0x00005f21   Thumb Code    50  hc32f46x_timer6.o(i.Timer6_EnableHwClear)
    Timer6_EnableHwStart                     0x00005f89   Thumb Code    50  hc32f46x_timer6.o(i.Timer6_EnableHwStart)
    Timer6_Init                              0x00005ff1   Thumb Code   202  hc32f46x_timer6.o(i.Timer6_Init)
    Timer6_SetPeriod                         0x000061c9   Thumb Code   108  hc32f46x_timer6.o(i.Timer6_SetPeriod)
    Timer6_SetTriggerSrc0                    0x00006269   Thumb Code    44  hc32f46x_timer6.o(i.Timer6_SetTriggerSrc0)
    Timer6_StopCount                         0x000062c1   Thumb Code    50  hc32f46x_timer6.o(i.Timer6_StopCount)
    USART_ClearStatus                        0x00006329   Thumb Code   114  hc32f46x_usart.o(i.USART_ClearStatus)
    USART_FuncCmd                            0x000063ad   Thumb Code   562  hc32f46x_usart.o(i.USART_FuncCmd)
    USART_GetStatus                          0x000065f1   Thumb Code   112  hc32f46x_usart.o(i.USART_GetStatus)
    USART_SetBaudrate                        0x00006699   Thumb Code    86  hc32f46x_usart.o(i.USART_SetBaudrate)
    USART_UART_Init                          0x00006701   Thumb Code   908  hc32f46x_usart.o(i.USART_UART_Init)
    UsageFault_Handler                       0x00006ac9   Thumb Code     8  hc32f46x_interrupts.o(i.UsageFault_Handler)
    __0printf$6                              0x00006bad   Thumb Code    22  printf6.o(i.__0printf$6)
    __1printf$6                              0x00006bad   Thumb Code     0  printf6.o(i.__0printf$6)
    __2printf                                0x00006bad   Thumb Code     0  printf6.o(i.__0printf$6)
    __scatterload_copy                       0x00006c2d   Thumb Code    14  handlers.o(i.__scatterload_copy)
    __scatterload_null                       0x00006c3b   Thumb Code     2  handlers.o(i.__scatterload_null)
    __scatterload_zeroinit                   0x00006c3d   Thumb Code    14  handlers.o(i.__scatterload_zeroinit)
    adc_task                                 0x00006f8f   Thumb Code    14  app_adc.o(i.adc_task)
    draw_logo                                0x00006f9d   Thumb Code   202  app_uart.o(i.draw_logo)
    enIrqRegistration                        0x00007095   Thumb Code   146  hc32f46x_interrupts.o(i.enIrqRegistration)
    fputc                                    0x0000715d   Thumb Code    16  hc32f46x_utility.o(i.fputc)
    get32x32AdcValue                         0x0000716d   Thumb Code   220  app_adc.o(i.get32x32AdcValue)
    gpio_set_level                           0x0000725d   Thumb Code    34  app_gpio.o(i.gpio_set_level)
    hc4067Chose1Channel32                    0x0000727f   Thumb Code   174  app_gpio.o(i.hc4067Chose1Channel32)
    hc595Send4Byte                           0x0000732d   Thumb Code    90  app_gpio.o(i.hc595Send4Byte)
    init_adc                                 0x00007389   Thumb Code    30  app_adc.o(i.init_adc)
    init_gpio                                0x000073b9   Thumb Code   188  app_gpio.o(i.init_gpio)
    init_uart                                0x00007475   Thumb Code   164  app_uart.o(i.init_uart)
    main                                     0x0000752d   Thumb Code    26  main.o(i.main)
    pvPortMalloc                             0x00007ecd   Thumb Code   296  heap_4.o(i.pvPortMalloc)
    pvTaskIncrementMutexHeldCount            0x00008009   Thumb Code    26  tasks.o(i.pvTaskIncrementMutexHeldCount)
    pxPortInitialiseStack                    0x00008029   Thumb Code    38  port.o(i.pxPortInitialiseStack)
    send_data                                0x00008055   Thumb Code   110  app_uart.o(i.send_data)
    uxListRemove                             0x000080d1   Thumb Code    40  list.o(i.uxListRemove)
    vListInitialise                          0x000080f9   Thumb Code    26  list.o(i.vListInitialise)
    vListInitialiseItem                      0x00008113   Thumb Code     6  list.o(i.vListInitialiseItem)
    vListInsert                              0x00008119   Thumb Code    52  list.o(i.vListInsert)
    vListInsertEnd                           0x0000814d   Thumb Code    24  list.o(i.vListInsertEnd)
    vPortEnterCritical                       0x00008165   Thumb Code    76  port.o(i.vPortEnterCritical)
    vPortExitCritical                        0x000081b9   Thumb Code    56  port.o(i.vPortExitCritical)
    vPortFree                                0x000081f5   Thumb Code   140  heap_4.o(i.vPortFree)
    vPortSetupTimerInterrupt                 0x00008289   Thumb Code    14  port.o(i.vPortSetupTimerInterrupt)
    vPortValidateInterruptPriority           0x0000829d   Thumb Code   106  port.o(i.vPortValidateInterruptPriority)
    vQueueAddToRegistry                      0x00008315   Thumb Code    38  queue.o(i.vQueueAddToRegistry)
    vQueueWaitForMessageRestricted           0x00008341   Thumb Code    74  queue.o(i.vQueueWaitForMessageRestricted)
    vTaskDelay                               0x0000838d   Thumb Code    82  tasks.o(i.vTaskDelay)
    vTaskMissedYield                         0x000083e9   Thumb Code     8  tasks.o(i.vTaskMissedYield)
    vTaskPlaceOnEventList                    0x000083f5   Thumb Code    52  tasks.o(i.vTaskPlaceOnEventList)
    vTaskPlaceOnEventListRestricted          0x0000842d   Thumb Code    60  tasks.o(i.vTaskPlaceOnEventListRestricted)
    vTaskPriorityInherit                     0x0000846d   Thumb Code   164  tasks.o(i.vTaskPriorityInherit)
    vTaskSetTimeOutState                     0x0000851d   Thumb Code    38  tasks.o(i.vTaskSetTimeOutState)
    vTaskStartScheduler                      0x0000854d   Thumb Code   118  tasks.o(i.vTaskStartScheduler)
    vTaskSuspendAll                          0x000085e1   Thumb Code    12  tasks.o(i.vTaskSuspendAll)
    vTaskSwitchContext                       0x000085f1   Thumb Code   118  tasks.o(i.vTaskSwitchContext)
    xPortStartScheduler                      0x0000867d   Thumb Code   288  port.o(i.xPortStartScheduler)
    xQueueGenericCreate                      0x000087b9   Thumb Code    88  queue.o(i.xQueueGenericCreate)
    xQueueGenericReceive                     0x00008811   Thumb Code   446  queue.o(i.xQueueGenericReceive)
    xQueueGenericReset                       0x000089d5   Thumb Code   146  queue.o(i.xQueueGenericReset)
    xQueueGenericSend                        0x00008a6d   Thumb Code   420  queue.o(i.xQueueGenericSend)
    xQueueGenericSendFromISR                 0x00008c15   Thumb Code   248  queue.o(i.xQueueGenericSendFromISR)
    xTaskCheckForTimeOut                     0x00008d0d   Thumb Code   132  tasks.o(i.xTaskCheckForTimeOut)
    xTaskCreate                              0x00008d99   Thumb Code    96  tasks.o(i.xTaskCreate)
    xTaskGetSchedulerState                   0x00008df9   Thumb Code    24  tasks.o(i.xTaskGetSchedulerState)
    xTaskGetTickCount                        0x00008e19   Thumb Code     6  tasks.o(i.xTaskGetTickCount)
    xTaskIncrementTick                       0x00008e25   Thumb Code   282  tasks.o(i.xTaskIncrementTick)
    xTaskPriorityDisinherit                  0x00008f6d   Thumb Code   188  tasks.o(i.xTaskPriorityDisinherit)
    xTaskRemoveFromEventList                 0x00009035   Thumb Code   128  tasks.o(i.xTaskRemoveFromEventList)
    xTaskResumeAll                           0x000090cd   Thumb Code   224  tasks.o(i.xTaskResumeAll)
    xTimerCreateTimerTask                    0x000091d1   Thumb Code    66  timers.o(i.xTimerCreateTimerTask)
    xTimerGenericCommand                     0x00009229   Thumb Code   126  timers.o(i.xTimerGenericCommand)
    Region$$Table$$Base                      0x000092c8   Number         0  anon$$obj.o(Region$$Table)
    Region$$Table$$Limit                     0x000092e8   Number         0  anon$$obj.o(Region$$Table)
    HRC_VALUE                                0x1fff8000   Data           4  system_hc32f46x.o(.data)
    SystemCoreClock                          0x1fff8004   Data           4  system_hc32f46x.o(.data)
    adcqueue                                 0x1fff8008   Data           4  app_adc.o(.data)
    adc_value                                0x1fff800c   Data           2  app_adc.o(.data)
    uartqueue                                0x1fff8014   Data           4  app_uart.o(.data)
    u8FlagDMATxTrans                         0x1fff8018   Data           1  app_uart.o(.data)
    u8FlagDMARxFinished                      0x1fff8019   Data           1  app_uart.o(.data)
    u16RxBuffSize                            0x1fff801a   Data           2  app_uart.o(.data)
    esp32sendflag                            0x1fff801c   Data           4  app_uart.o(.data)
    pxCurrentTCB                             0x1fff804c   Data           4  tasks.o(.data)
    __stdout                                 0x1fff809c   Data           4  stdout.o(.data)
    uarttxbuff                               0x1fff80a0   Data        1028  app_adc.o(.bss)
    srcdata                                  0x1fff84a4   Data        4112  app_adc.o(.bss)
    srcdatalast                              0x1fff94b4   Data        4096  app_adc.o(.bss)
    u8RxBuffer1                              0x1fffa4d6   Data         128  app_uart.o(.bss)
    u8TxBuffer1                              0x1fffa556   Data        1500  app_uart.o(.bss)
    dmarxdatap                               0x1fffab32   Data          30  app_uart.o(.bss)
    IrqHandler                               0x1fffab50   Data         512  hc32f46x_interrupts.o(.bss)
    xQueueRegistry                           0x20018d50   Data          64  queue.o(.bss)
    __initial_sp                             0x2001b710   Data           0  startup_hc32f46x.o(STACK)



==============================================================================

Memory Map of the image

  Image Entry point : 0x00000281

  Load Region LR_IROM1 (Base: 0x00000000, Size: 0x00009388, Max: 0x00080000, ABSOLUTE)

    Execution Region ER_IROM1 (Exec base: 0x00000000, Load base: 0x00000000, Size: 0x000092e8, Max: 0x00080000, ABSOLUTE)

    Exec Addr    Load Addr    Size         Type   Attr      Idx    E Section Name        Object

    0x00000000   0x00000000   0x00000280   Data   RO            3    RESET               startup_hc32f46x.o
    0x00000280   0x00000280   0x00000000   Code   RO         4756  * .ARM.Collect$$$$00000000  mc_w.l(entry.o)
    0x00000280   0x00000280   0x00000004   Code   RO         5048    .ARM.Collect$$$$00000001  mc_w.l(entry2.o)
    0x00000284   0x00000284   0x00000004   Code   RO         5051    .ARM.Collect$$$$00000004  mc_w.l(entry5.o)
    0x00000288   0x00000288   0x00000000   Code   RO         5053    .ARM.Collect$$$$00000008  mc_w.l(entry7b.o)
    0x00000288   0x00000288   0x00000000   Code   RO         5055    .ARM.Collect$$$$0000000A  mc_w.l(entry8b.o)
    0x00000288   0x00000288   0x00000008   Code   RO         5056    .ARM.Collect$$$$0000000B  mc_w.l(entry9a.o)
    0x00000290   0x00000290   0x00000000   Code   RO         5058    .ARM.Collect$$$$0000000D  mc_w.l(entry10a.o)
    0x00000290   0x00000290   0x00000000   Code   RO         5060    .ARM.Collect$$$$0000000F  mc_w.l(entry11a.o)
    0x00000290   0x00000290   0x00000004   Code   RO         5049    .ARM.Collect$$$$00002712  mc_w.l(entry2.o)
    0x00000294   0x00000294   0x000000b6   Code   RO         3732    .emb_text           port.o
    0x0000034a   0x0000034a   0x00000002   PAD
    0x0000034c   0x0000034c   0x00000058   Code   RO            4    .text               startup_hc32f46x.o
    0x000003a4   0x000003a4   0x00000062   Code   RO         4759    .text               mc_w.l(uldiv.o)
    0x00000406   0x00000406   0x00000024   Code   RO         4761    .text               mc_w.l(memcpya.o)
    0x0000042a   0x0000042a   0x00000024   Code   RO         4763    .text               mc_w.l(memseta.o)
    0x0000044e   0x0000044e   0x0000001c   Code   RO         4765    .text               mc_w.l(strcmp.o)
    0x0000046a   0x0000046a   0x0000014e   Code   RO         5030    .text               mf_w.l(dadd.o)
    0x000005b8   0x000005b8   0x00000026   Code   RO         5040    .text               mf_w.l(f2d.o)
    0x000005de   0x000005de   0x00000002   PAD
    0x000005e0   0x000005e0   0x00000030   Code   RO         5042    .text               mf_w.l(cdcmple.o)
    0x00000610   0x00000610   0x00000030   Code   RO         5044    .text               mf_w.l(cdrcmple.o)
    0x00000640   0x00000640   0x00000038   Code   RO         5046    .text               mf_w.l(d2f.o)
    0x00000678   0x00000678   0x0000002c   Code   RO         5063    .text               mc_w.l(uidiv.o)
    0x000006a4   0x000006a4   0x0000001e   Code   RO         5065    .text               mc_w.l(llshl.o)
    0x000006c2   0x000006c2   0x00000020   Code   RO         5067    .text               mc_w.l(llushr.o)
    0x000006e2   0x000006e2   0x00000024   Code   RO         5069    .text               mc_w.l(llsshr.o)
    0x00000706   0x00000706   0x00000000   Code   RO         5071    .text               mc_w.l(iusefp.o)
    0x00000706   0x00000706   0x0000006e   Code   RO         5072    .text               mf_w.l(fepilogue.o)
    0x00000774   0x00000774   0x000000ba   Code   RO         5074    .text               mf_w.l(depilogue.o)
    0x0000082e   0x0000082e   0x00000002   PAD
    0x00000830   0x00000830   0x00000024   Code   RO         5078    .text               mc_w.l(init.o)
    0x00000854   0x00000854   0x000000e4   Code   RO         3155    i.ADC_AddAdcChannel  hc32f46x_adc.o
    0x00000938   0x00000938   0x000000b8   Code   RO         3178    i.ADC_GetChData     hc32f46x_adc.o
    0x000009f0   0x000009f0   0x00000130   Code   RO         3182    i.ADC_Init          hc32f46x_adc.o
    0x00000b20   0x00000b20   0x00000110   Code   RO         3184    i.ADC_PollingSa     hc32f46x_adc.o
    0x00000c30   0x00000c30   0x0000001e   Code   RO         3185    i.ADC_ReadAllData   hc32f46x_adc.o
    0x00000c4e   0x00000c4e   0x00000002   PAD
    0x00000c50   0x00000c50   0x00000040   Code   RO          290    i.AdcChannelConfig  app_adc.o
    0x00000c90   0x00000c90   0x00000062   Code   RO          291    i.AdcClockConfig    app_adc.o
    0x00000cf2   0x00000cf2   0x00000010   Code   RO          292    i.AdcConfig         app_adc.o
    0x00000d02   0x00000d02   0x00000002   PAD
    0x00000d04   0x00000d04   0x00000034   Code   RO          293    i.AdcInitConfig     app_adc.o
    0x00000d38   0x00000d38   0x00000034   Code   RO          294    i.AdcSetChannelPinMode  app_adc.o
    0x00000d6c   0x00000d6c   0x00000008   Code   RO         1374    i.BusFault_Handler  hc32f46x_interrupts.o
    0x00000d74   0x00000d74   0x000000c0   Code   RO          755    i.CLK_GetFlagStatus  hc32f46x_clk.o
    0x00000e34   0x00000e34   0x000000c8   Code   RO          763    i.CLK_MpllCmd       hc32f46x_clk.o
    0x00000efc   0x00000efc   0x000001b8   Code   RO          764    i.CLK_MpllConfig    hc32f46x_clk.o
    0x000010b4   0x000010b4   0x0000007c   Code   RO          770    i.CLK_SetPeriClkSource  hc32f46x_clk.o
    0x00001130   0x00001130   0x0000007c   Code   RO          771    i.CLK_SetPllSource  hc32f46x_clk.o
    0x000011ac   0x000011ac   0x00000128   Code   RO          772    i.CLK_SetSysClkSource  hc32f46x_clk.o
    0x000012d4   0x000012d4   0x000001a8   Code   RO          774    i.CLK_SysClkConfig  hc32f46x_clk.o
    0x0000147c   0x0000147c   0x000000b4   Code   RO          777    i.CLK_UpllCmd       hc32f46x_clk.o
    0x00001530   0x00001530   0x000001c0   Code   RO          778    i.CLK_UpllConfig    hc32f46x_clk.o
    0x000016f0   0x000016f0   0x00000110   Code   RO          781    i.CLK_XtalCmd       hc32f46x_clk.o
    0x00001800   0x00001800   0x00000064   Code   RO          782    i.CLK_XtalConfig    hc32f46x_clk.o
    0x00001864   0x00001864   0x000000b8   Code   RO           88    i.ClkInit           main.o
    0x0000191c   0x0000191c   0x000002d8   Code   RO         2637    i.DMA_ChannelCfg    hc32f46x_dmac.o
    0x00001bf4   0x00001bf4   0x00000218   Code   RO         2638    i.DMA_ChannelCmd    hc32f46x_dmac.o
    0x00001e0c   0x00001e0c   0x000000f8   Code   RO         2639    i.DMA_ClearIrqFlag  hc32f46x_dmac.o
    0x00001f04   0x00001f04   0x00000070   Code   RO         2640    i.DMA_Cmd           hc32f46x_dmac.o
    0x00001f74   0x00001f74   0x00000208   Code   RO         2647    i.DMA_InitChannel   hc32f46x_dmac.o
    0x0000217c   0x0000217c   0x000000f0   Code   RO         2652    i.DMA_SetBlockSize  hc32f46x_dmac.o
    0x0000226c   0x0000226c   0x000000b0   Code   RO         2653    i.DMA_SetDesAddress  hc32f46x_dmac.o
    0x0000231c   0x0000231c   0x000000f8   Code   RO         2657    i.DMA_SetDesRptSize  hc32f46x_dmac.o
    0x00002414   0x00002414   0x000000b0   Code   RO         2660    i.DMA_SetSrcAddress  hc32f46x_dmac.o
    0x000024c4   0x000024c4   0x000000ec   Code   RO         2665    i.DMA_SetTransferCnt  hc32f46x_dmac.o
    0x000025b0   0x000025b0   0x00000078   Code   RO         2666    i.DMA_SetTriggerSrc  hc32f46x_dmac.o
    0x00002628   0x00002628   0x00000044   Code   RO          527    i.Ddl_AssertHandler  hc32f46x_utility.o
    0x0000266c   0x0000266c   0x00000048   Code   RO          529    i.Ddl_Delay1us      hc32f46x_utility.o
    0x000026b4   0x000026b4   0x00000008   Code   RO         1375    i.DebugMon_Handler  hc32f46x_interrupts.o
    0x000026bc   0x000026bc   0x00000018   Code   RO          531    i.DebugOutput       hc32f46x_utility.o
    0x000026d4   0x000026d4   0x00000174   Code   RO          386    i.DmaInit           app_uart.o
    0x00002848   0x00002848   0x00000048   Code   RO          387    i.DmaRxIrqCallback  app_uart.o
    0x00002890   0x00002890   0x0000001c   Code   RO          388    i.DmaTxIrqCallback  app_uart.o
    0x000028ac   0x000028ac   0x00000018   Code   RO          996    i.EFM_Lock          hc32f46x_efm.o
    0x000028c4   0x000028c4   0x00000088   Code   RO         1005    i.EFM_SetLatency    hc32f46x_efm.o
    0x0000294c   0x0000294c   0x00000014   Code   RO         1010    i.EFM_Unlock        hc32f46x_efm.o
    0x00002960   0x00002960   0x00000008   Code   RO         1376    i.HardFault_Handler  hc32f46x_interrupts.o
    0x00002968   0x00002968   0x00000014   Code   RO         1377    i.IRQ000_Handler    hc32f46x_interrupts.o
    0x0000297c   0x0000297c   0x00000014   Code   RO         1378    i.IRQ001_Handler    hc32f46x_interrupts.o
    0x00002990   0x00002990   0x00000014   Code   RO         1379    i.IRQ002_Handler    hc32f46x_interrupts.o
    0x000029a4   0x000029a4   0x00000014   Code   RO         1380    i.IRQ003_Handler    hc32f46x_interrupts.o
    0x000029b8   0x000029b8   0x00000014   Code   RO         1381    i.IRQ004_Handler    hc32f46x_interrupts.o
    0x000029cc   0x000029cc   0x00000014   Code   RO         1382    i.IRQ005_Handler    hc32f46x_interrupts.o
    0x000029e0   0x000029e0   0x00000014   Code   RO         1383    i.IRQ006_Handler    hc32f46x_interrupts.o
    0x000029f4   0x000029f4   0x00000014   Code   RO         1384    i.IRQ007_Handler    hc32f46x_interrupts.o
    0x00002a08   0x00002a08   0x00000014   Code   RO         1385    i.IRQ008_Handler    hc32f46x_interrupts.o
    0x00002a1c   0x00002a1c   0x00000014   Code   RO         1386    i.IRQ009_Handler    hc32f46x_interrupts.o
    0x00002a30   0x00002a30   0x00000014   Code   RO         1387    i.IRQ010_Handler    hc32f46x_interrupts.o
    0x00002a44   0x00002a44   0x00000014   Code   RO         1388    i.IRQ011_Handler    hc32f46x_interrupts.o
    0x00002a58   0x00002a58   0x00000014   Code   RO         1389    i.IRQ012_Handler    hc32f46x_interrupts.o
    0x00002a6c   0x00002a6c   0x00000014   Code   RO         1390    i.IRQ013_Handler    hc32f46x_interrupts.o
    0x00002a80   0x00002a80   0x00000014   Code   RO         1391    i.IRQ014_Handler    hc32f46x_interrupts.o
    0x00002a94   0x00002a94   0x00000014   Code   RO         1392    i.IRQ015_Handler    hc32f46x_interrupts.o
    0x00002aa8   0x00002aa8   0x00000014   Code   RO         1393    i.IRQ016_Handler    hc32f46x_interrupts.o
    0x00002abc   0x00002abc   0x00000014   Code   RO         1394    i.IRQ017_Handler    hc32f46x_interrupts.o
    0x00002ad0   0x00002ad0   0x00000014   Code   RO         1395    i.IRQ018_Handler    hc32f46x_interrupts.o
    0x00002ae4   0x00002ae4   0x00000014   Code   RO         1396    i.IRQ019_Handler    hc32f46x_interrupts.o
    0x00002af8   0x00002af8   0x00000014   Code   RO         1397    i.IRQ020_Handler    hc32f46x_interrupts.o
    0x00002b0c   0x00002b0c   0x00000014   Code   RO         1398    i.IRQ021_Handler    hc32f46x_interrupts.o
    0x00002b20   0x00002b20   0x00000014   Code   RO         1399    i.IRQ022_Handler    hc32f46x_interrupts.o
    0x00002b34   0x00002b34   0x00000014   Code   RO         1400    i.IRQ023_Handler    hc32f46x_interrupts.o
    0x00002b48   0x00002b48   0x00000014   Code   RO         1401    i.IRQ024_Handler    hc32f46x_interrupts.o
    0x00002b5c   0x00002b5c   0x00000014   Code   RO         1402    i.IRQ025_Handler    hc32f46x_interrupts.o
    0x00002b70   0x00002b70   0x00000014   Code   RO         1403    i.IRQ026_Handler    hc32f46x_interrupts.o
    0x00002b84   0x00002b84   0x00000014   Code   RO         1404    i.IRQ027_Handler    hc32f46x_interrupts.o
    0x00002b98   0x00002b98   0x00000014   Code   RO         1405    i.IRQ028_Handler    hc32f46x_interrupts.o
    0x00002bac   0x00002bac   0x00000014   Code   RO         1406    i.IRQ029_Handler    hc32f46x_interrupts.o
    0x00002bc0   0x00002bc0   0x00000014   Code   RO         1407    i.IRQ030_Handler    hc32f46x_interrupts.o
    0x00002bd4   0x00002bd4   0x00000014   Code   RO         1408    i.IRQ031_Handler    hc32f46x_interrupts.o
    0x00002be8   0x00002be8   0x00000018   Code   RO         1409    i.IRQ032_Handler    hc32f46x_interrupts.o
    0x00002c00   0x00002c00   0x00000018   Code   RO         1410    i.IRQ033_Handler    hc32f46x_interrupts.o
    0x00002c18   0x00002c18   0x00000018   Code   RO         1411    i.IRQ034_Handler    hc32f46x_interrupts.o
    0x00002c30   0x00002c30   0x00000018   Code   RO         1412    i.IRQ035_Handler    hc32f46x_interrupts.o
    0x00002c48   0x00002c48   0x00000018   Code   RO         1413    i.IRQ036_Handler    hc32f46x_interrupts.o
    0x00002c60   0x00002c60   0x00000018   Code   RO         1414    i.IRQ037_Handler    hc32f46x_interrupts.o
    0x00002c78   0x00002c78   0x00000018   Code   RO         1415    i.IRQ038_Handler    hc32f46x_interrupts.o
    0x00002c90   0x00002c90   0x00000018   Code   RO         1416    i.IRQ039_Handler    hc32f46x_interrupts.o
    0x00002ca8   0x00002ca8   0x00000018   Code   RO         1417    i.IRQ040_Handler    hc32f46x_interrupts.o
    0x00002cc0   0x00002cc0   0x00000018   Code   RO         1418    i.IRQ041_Handler    hc32f46x_interrupts.o
    0x00002cd8   0x00002cd8   0x00000018   Code   RO         1419    i.IRQ042_Handler    hc32f46x_interrupts.o
    0x00002cf0   0x00002cf0   0x00000018   Code   RO         1420    i.IRQ043_Handler    hc32f46x_interrupts.o
    0x00002d08   0x00002d08   0x00000018   Code   RO         1421    i.IRQ044_Handler    hc32f46x_interrupts.o
    0x00002d20   0x00002d20   0x00000018   Code   RO         1422    i.IRQ045_Handler    hc32f46x_interrupts.o
    0x00002d38   0x00002d38   0x00000018   Code   RO         1423    i.IRQ046_Handler    hc32f46x_interrupts.o
    0x00002d50   0x00002d50   0x00000018   Code   RO         1424    i.IRQ047_Handler    hc32f46x_interrupts.o
    0x00002d68   0x00002d68   0x00000018   Code   RO         1425    i.IRQ048_Handler    hc32f46x_interrupts.o
    0x00002d80   0x00002d80   0x00000018   Code   RO         1426    i.IRQ049_Handler    hc32f46x_interrupts.o
    0x00002d98   0x00002d98   0x00000018   Code   RO         1427    i.IRQ050_Handler    hc32f46x_interrupts.o
    0x00002db0   0x00002db0   0x00000018   Code   RO         1428    i.IRQ051_Handler    hc32f46x_interrupts.o
    0x00002dc8   0x00002dc8   0x00000018   Code   RO         1429    i.IRQ052_Handler    hc32f46x_interrupts.o
    0x00002de0   0x00002de0   0x00000018   Code   RO         1430    i.IRQ053_Handler    hc32f46x_interrupts.o
    0x00002df8   0x00002df8   0x00000018   Code   RO         1431    i.IRQ054_Handler    hc32f46x_interrupts.o
    0x00002e10   0x00002e10   0x00000018   Code   RO         1432    i.IRQ055_Handler    hc32f46x_interrupts.o
    0x00002e28   0x00002e28   0x00000018   Code   RO         1433    i.IRQ056_Handler    hc32f46x_interrupts.o
    0x00002e40   0x00002e40   0x00000018   Code   RO         1434    i.IRQ057_Handler    hc32f46x_interrupts.o
    0x00002e58   0x00002e58   0x00000018   Code   RO         1435    i.IRQ058_Handler    hc32f46x_interrupts.o
    0x00002e70   0x00002e70   0x00000018   Code   RO         1436    i.IRQ059_Handler    hc32f46x_interrupts.o
    0x00002e88   0x00002e88   0x00000018   Code   RO         1437    i.IRQ060_Handler    hc32f46x_interrupts.o
    0x00002ea0   0x00002ea0   0x00000018   Code   RO         1438    i.IRQ061_Handler    hc32f46x_interrupts.o
    0x00002eb8   0x00002eb8   0x00000018   Code   RO         1439    i.IRQ062_Handler    hc32f46x_interrupts.o
    0x00002ed0   0x00002ed0   0x00000018   Code   RO         1440    i.IRQ063_Handler    hc32f46x_interrupts.o
    0x00002ee8   0x00002ee8   0x00000018   Code   RO         1441    i.IRQ064_Handler    hc32f46x_interrupts.o
    0x00002f00   0x00002f00   0x00000018   Code   RO         1442    i.IRQ065_Handler    hc32f46x_interrupts.o
    0x00002f18   0x00002f18   0x00000018   Code   RO         1443    i.IRQ066_Handler    hc32f46x_interrupts.o
    0x00002f30   0x00002f30   0x00000018   Code   RO         1444    i.IRQ067_Handler    hc32f46x_interrupts.o
    0x00002f48   0x00002f48   0x00000018   Code   RO         1445    i.IRQ068_Handler    hc32f46x_interrupts.o
    0x00002f60   0x00002f60   0x00000018   Code   RO         1446    i.IRQ069_Handler    hc32f46x_interrupts.o
    0x00002f78   0x00002f78   0x00000018   Code   RO         1447    i.IRQ070_Handler    hc32f46x_interrupts.o
    0x00002f90   0x00002f90   0x00000018   Code   RO         1448    i.IRQ071_Handler    hc32f46x_interrupts.o
    0x00002fa8   0x00002fa8   0x00000018   Code   RO         1449    i.IRQ072_Handler    hc32f46x_interrupts.o
    0x00002fc0   0x00002fc0   0x00000018   Code   RO         1450    i.IRQ073_Handler    hc32f46x_interrupts.o
    0x00002fd8   0x00002fd8   0x00000018   Code   RO         1451    i.IRQ074_Handler    hc32f46x_interrupts.o
    0x00002ff0   0x00002ff0   0x00000018   Code   RO         1452    i.IRQ075_Handler    hc32f46x_interrupts.o
    0x00003008   0x00003008   0x00000018   Code   RO         1453    i.IRQ076_Handler    hc32f46x_interrupts.o
    0x00003020   0x00003020   0x00000018   Code   RO         1454    i.IRQ077_Handler    hc32f46x_interrupts.o
    0x00003038   0x00003038   0x00000018   Code   RO         1455    i.IRQ078_Handler    hc32f46x_interrupts.o
    0x00003050   0x00003050   0x00000018   Code   RO         1456    i.IRQ079_Handler    hc32f46x_interrupts.o
    0x00003068   0x00003068   0x00000018   Code   RO         1457    i.IRQ080_Handler    hc32f46x_interrupts.o
    0x00003080   0x00003080   0x00000018   Code   RO         1458    i.IRQ081_Handler    hc32f46x_interrupts.o
    0x00003098   0x00003098   0x00000018   Code   RO         1459    i.IRQ082_Handler    hc32f46x_interrupts.o
    0x000030b0   0x000030b0   0x00000018   Code   RO         1460    i.IRQ083_Handler    hc32f46x_interrupts.o
    0x000030c8   0x000030c8   0x00000018   Code   RO         1461    i.IRQ084_Handler    hc32f46x_interrupts.o
    0x000030e0   0x000030e0   0x00000018   Code   RO         1462    i.IRQ085_Handler    hc32f46x_interrupts.o
    0x000030f8   0x000030f8   0x00000018   Code   RO         1463    i.IRQ086_Handler    hc32f46x_interrupts.o
    0x00003110   0x00003110   0x00000018   Code   RO         1464    i.IRQ087_Handler    hc32f46x_interrupts.o
    0x00003128   0x00003128   0x00000018   Code   RO         1465    i.IRQ088_Handler    hc32f46x_interrupts.o
    0x00003140   0x00003140   0x00000018   Code   RO         1466    i.IRQ089_Handler    hc32f46x_interrupts.o
    0x00003158   0x00003158   0x00000018   Code   RO         1467    i.IRQ090_Handler    hc32f46x_interrupts.o
    0x00003170   0x00003170   0x00000018   Code   RO         1468    i.IRQ091_Handler    hc32f46x_interrupts.o
    0x00003188   0x00003188   0x00000018   Code   RO         1469    i.IRQ092_Handler    hc32f46x_interrupts.o
    0x000031a0   0x000031a0   0x00000018   Code   RO         1470    i.IRQ093_Handler    hc32f46x_interrupts.o
    0x000031b8   0x000031b8   0x00000018   Code   RO         1471    i.IRQ094_Handler    hc32f46x_interrupts.o
    0x000031d0   0x000031d0   0x00000018   Code   RO         1472    i.IRQ095_Handler    hc32f46x_interrupts.o
    0x000031e8   0x000031e8   0x00000018   Code   RO         1473    i.IRQ096_Handler    hc32f46x_interrupts.o
    0x00003200   0x00003200   0x00000018   Code   RO         1474    i.IRQ097_Handler    hc32f46x_interrupts.o
    0x00003218   0x00003218   0x00000018   Code   RO         1475    i.IRQ098_Handler    hc32f46x_interrupts.o
    0x00003230   0x00003230   0x00000018   Code   RO         1476    i.IRQ099_Handler    hc32f46x_interrupts.o
    0x00003248   0x00003248   0x00000018   Code   RO         1477    i.IRQ100_Handler    hc32f46x_interrupts.o
    0x00003260   0x00003260   0x00000018   Code   RO         1478    i.IRQ101_Handler    hc32f46x_interrupts.o
    0x00003278   0x00003278   0x00000018   Code   RO         1479    i.IRQ102_Handler    hc32f46x_interrupts.o
    0x00003290   0x00003290   0x00000018   Code   RO         1480    i.IRQ103_Handler    hc32f46x_interrupts.o
    0x000032a8   0x000032a8   0x00000018   Code   RO         1481    i.IRQ104_Handler    hc32f46x_interrupts.o
    0x000032c0   0x000032c0   0x00000018   Code   RO         1482    i.IRQ105_Handler    hc32f46x_interrupts.o
    0x000032d8   0x000032d8   0x00000018   Code   RO         1483    i.IRQ106_Handler    hc32f46x_interrupts.o
    0x000032f0   0x000032f0   0x00000018   Code   RO         1484    i.IRQ107_Handler    hc32f46x_interrupts.o
    0x00003308   0x00003308   0x00000018   Code   RO         1485    i.IRQ108_Handler    hc32f46x_interrupts.o
    0x00003320   0x00003320   0x00000018   Code   RO         1486    i.IRQ109_Handler    hc32f46x_interrupts.o
    0x00003338   0x00003338   0x00000018   Code   RO         1487    i.IRQ110_Handler    hc32f46x_interrupts.o
    0x00003350   0x00003350   0x00000018   Code   RO         1488    i.IRQ111_Handler    hc32f46x_interrupts.o
    0x00003368   0x00003368   0x00000018   Code   RO         1489    i.IRQ112_Handler    hc32f46x_interrupts.o
    0x00003380   0x00003380   0x00000018   Code   RO         1490    i.IRQ113_Handler    hc32f46x_interrupts.o
    0x00003398   0x00003398   0x00000018   Code   RO         1491    i.IRQ114_Handler    hc32f46x_interrupts.o
    0x000033b0   0x000033b0   0x00000018   Code   RO         1492    i.IRQ115_Handler    hc32f46x_interrupts.o
    0x000033c8   0x000033c8   0x00000018   Code   RO         1493    i.IRQ116_Handler    hc32f46x_interrupts.o
    0x000033e0   0x000033e0   0x00000018   Code   RO         1494    i.IRQ117_Handler    hc32f46x_interrupts.o
    0x000033f8   0x000033f8   0x00000018   Code   RO         1495    i.IRQ118_Handler    hc32f46x_interrupts.o
    0x00003410   0x00003410   0x00000018   Code   RO         1496    i.IRQ119_Handler    hc32f46x_interrupts.o
    0x00003428   0x00003428   0x00000018   Code   RO         1497    i.IRQ120_Handler    hc32f46x_interrupts.o
    0x00003440   0x00003440   0x00000018   Code   RO         1498    i.IRQ121_Handler    hc32f46x_interrupts.o
    0x00003458   0x00003458   0x00000018   Code   RO         1499    i.IRQ122_Handler    hc32f46x_interrupts.o
    0x00003470   0x00003470   0x00000018   Code   RO         1500    i.IRQ123_Handler    hc32f46x_interrupts.o
    0x00003488   0x00003488   0x00000018   Code   RO         1501    i.IRQ124_Handler    hc32f46x_interrupts.o
    0x000034a0   0x000034a0   0x00000018   Code   RO         1502    i.IRQ125_Handler    hc32f46x_interrupts.o
    0x000034b8   0x000034b8   0x00000018   Code   RO         1503    i.IRQ126_Handler    hc32f46x_interrupts.o
    0x000034d0   0x000034d0   0x00000018   Code   RO         1504    i.IRQ127_Handler    hc32f46x_interrupts.o
    0x000034e8   0x000034e8   0x00000150   Code   RO         1505    i.IRQ128_Handler    hc32f46x_interrupts.o
    0x00003638   0x00003638   0x00000466   Code   RO         1506    i.IRQ129_Handler    hc32f46x_interrupts.o
    0x00003a9e   0x00003a9e   0x00000002   PAD
    0x00003aa0   0x00003aa0   0x000000dc   Code   RO         1507    i.IRQ130_Handler    hc32f46x_interrupts.o
    0x00003b7c   0x00003b7c   0x000002c8   Code   RO         1508    i.IRQ131_Handler    hc32f46x_interrupts.o
    0x00003e44   0x00003e44   0x00000170   Code   RO         1509    i.IRQ132_Handler    hc32f46x_interrupts.o
    0x00003fb4   0x00003fb4   0x00000320   Code   RO         1510    i.IRQ136_Handler    hc32f46x_interrupts.o
    0x000042d4   0x000042d4   0x00000288   Code   RO         1511    i.IRQ137_Handler    hc32f46x_interrupts.o
    0x0000455c   0x0000455c   0x0000023c   Code   RO         1512    i.IRQ138_Handler    hc32f46x_interrupts.o
    0x00004798   0x00004798   0x00000128   Code   RO         1513    i.IRQ139_Handler    hc32f46x_interrupts.o
    0x000048c0   0x000048c0   0x00000214   Code   RO         1514    i.IRQ140_Handler    hc32f46x_interrupts.o
    0x00004ad4   0x00004ad4   0x0000025c   Code   RO         1515    i.IRQ141_Handler    hc32f46x_interrupts.o
    0x00004d30   0x00004d30   0x00000114   Code   RO         1516    i.IRQ142_Handler    hc32f46x_interrupts.o
    0x00004e44   0x00004e44   0x00000110   Code   RO         1517    i.IRQ143_Handler    hc32f46x_interrupts.o
    0x00004f54   0x00004f54   0x00000008   Code   RO         1518    i.MemManage_Handler  hc32f46x_interrupts.o
    0x00004f5c   0x00004f5c   0x00000008   Code   RO         1519    i.NMI_Handler       hc32f46x_interrupts.o
    0x00004f64   0x00004f64   0x00000054   Code   RO         3401    i.NMI_IrqHandler    hc32f46x_exint_nmi_swi.o
    0x00004fb8   0x00004fb8   0x00000204   Code   RO          633    i.PORT_Init         hc32f46x_gpio.o
    0x000051bc   0x000051bc   0x00000010   Code   RO          634    i.PORT_Lock         hc32f46x_gpio.o
    0x000051cc   0x000051cc   0x00000068   Code   RO          637    i.PORT_ResetBits    hc32f46x_gpio.o
    0x00005234   0x00005234   0x00000068   Code   RO          639    i.PORT_SetBits      hc32f46x_gpio.o
    0x0000529c   0x0000529c   0x000001c8   Code   RO          640    i.PORT_SetFunc      hc32f46x_gpio.o
    0x00005464   0x00005464   0x00000010   Code   RO          644    i.PORT_Unlock       hc32f46x_gpio.o
    0x00005474   0x00005474   0x0000008c   Code   RO         2346    i.PWC_Fcg0PeriphClockCmd  hc32f46x_pwc.o
    0x00005500   0x00005500   0x0000007c   Code   RO         2347    i.PWC_Fcg1PeriphClockCmd  hc32f46x_pwc.o
    0x0000557c   0x0000557c   0x0000007c   Code   RO         2348    i.PWC_Fcg2PeriphClockCmd  hc32f46x_pwc.o
    0x000055f8   0x000055f8   0x0000007c   Code   RO         2349    i.PWC_Fcg3PeriphClockCmd  hc32f46x_pwc.o
    0x00005674   0x00005674   0x00000134   Code   RO         1143    i.SetClkSyncBaudrate  hc32f46x_usart.o
    0x000057a8   0x000057a8   0x00000170   Code   RO         1144    i.SetScBaudrate     hc32f46x_usart.o
    0x00005918   0x00005918   0x00000174   Code   RO         1145    i.SetUartBaudrate   hc32f46x_usart.o
    0x00005a8c   0x00005a8c   0x00000034   Code   RO         3733    i.SysTick_Handler   port.o
    0x00005ac0   0x00005ac0   0x000000ec   Code   RO           13    i.SystemCoreClockUpdate  system_hc32f46x.o
    0x00005bac   0x00005bac   0x00000018   Code   RO           14    i.SystemInit        system_hc32f46x.o
    0x00005bc4   0x00005bc4   0x000000cc   Code   RO          389    i.Timer61Init       app_uart.o
    0x00005c90   0x00005c90   0x000000a4   Code   RO         2850    i.Timer6_ConfigHwClear  hc32f46x_timer6.o
    0x00005d34   0x00005d34   0x000000a4   Code   RO         2853    i.Timer6_ConfigHwStart  hc32f46x_timer6.o
    0x00005dd8   0x00005dd8   0x00000148   Code   RO         2855    i.Timer6_ConfigIrq  hc32f46x_timer6.o
    0x00005f20   0x00005f20   0x00000068   Code   RO         2861    i.Timer6_EnableHwClear  hc32f46x_timer6.o
    0x00005f88   0x00005f88   0x00000068   Code   RO         2862    i.Timer6_EnableHwStart  hc32f46x_timer6.o
    0x00005ff0   0x00005ff0   0x00000100   Code   RO         2868    i.Timer6_Init       hc32f46x_timer6.o
    0x000060f0   0x000060f0   0x000000d8   Code   RO          390    i.Timer6_OverFlow_CallBack  app_uart.o
    0x000061c8   0x000061c8   0x000000a0   Code   RO         2875    i.Timer6_SetPeriod  hc32f46x_timer6.o
    0x00006268   0x00006268   0x00000058   Code   RO         2879    i.Timer6_SetTriggerSrc0  hc32f46x_timer6.o
    0x000062c0   0x000062c0   0x00000068   Code   RO         2883    i.Timer6_StopCount  hc32f46x_timer6.o
    0x00006328   0x00006328   0x00000084   Code   RO         1147    i.USART_ClearStatus  hc32f46x_usart.o
    0x000063ac   0x000063ac   0x00000244   Code   RO         1149    i.USART_FuncCmd     hc32f46x_usart.o
    0x000065f0   0x000065f0   0x000000a8   Code   RO         1159    i.USART_GetStatus   hc32f46x_usart.o
    0x00006698   0x00006698   0x00000068   Code   RO         1165    i.USART_SetBaudrate  hc32f46x_usart.o
    0x00006700   0x00006700   0x000003c8   Code   RO         1177    i.USART_UART_Init   hc32f46x_usart.o
    0x00006ac8   0x00006ac8   0x00000008   Code   RO         1520    i.UsageFault_Handler  hc32f46x_interrupts.o
    0x00006ad0   0x00006ad0   0x00000044   Code   RO          391    i.UsartErrIrqCallback  app_uart.o
    0x00006b14   0x00006b14   0x00000098   Code   RO         1178    i.UsartGetClk       hc32f46x_usart.o
    0x00006bac   0x00006bac   0x00000020   Code   RO         4924    i.__0printf$6       mc_w.l(printf6.o)
    0x00006bcc   0x00006bcc   0x0000001c   Code   RO          392    i.__NVIC_ClearPendingIRQ  app_uart.o
    0x00006be8   0x00006be8   0x0000001a   Code   RO          393    i.__NVIC_EnableIRQ  app_uart.o
    0x00006c02   0x00006c02   0x00000002   PAD
    0x00006c04   0x00006c04   0x00000028   Code   RO          394    i.__NVIC_SetPriority  app_uart.o
    0x00006c2c   0x00006c2c   0x0000000e   Code   RO         5082    i.__scatterload_copy  mc_w.l(handlers.o)
    0x00006c3a   0x00006c3a   0x00000002   Code   RO         5083    i.__scatterload_null  mc_w.l(handlers.o)
    0x00006c3c   0x00006c3c   0x0000000e   Code   RO         5084    i.__scatterload_zeroinit  mc_w.l(handlers.o)
    0x00006c4a   0x00006c4a   0x00000002   PAD
    0x00006c4c   0x00006c4c   0x000002f0   Code   RO         4931    i._printf_core      mc_w.l(printf6.o)
    0x00006f3c   0x00006f3c   0x00000024   Code   RO         4932    i._printf_post_padding  mc_w.l(printf6.o)
    0x00006f60   0x00006f60   0x0000002e   Code   RO         4933    i._printf_pre_padding  mc_w.l(printf6.o)
    0x00006f8e   0x00006f8e   0x0000000e   Code   RO          295    i.adc_task          app_adc.o
    0x00006f9c   0x00006f9c   0x000000f8   Code   RO          395    i.draw_logo         app_uart.o
    0x00007094   0x00007094   0x000000c8   Code   RO         1527    i.enIrqRegistration  hc32f46x_interrupts.o
    0x0000715c   0x0000715c   0x00000010   Code   RO          539    i.fputc             hc32f46x_utility.o
    0x0000716c   0x0000716c   0x000000f0   Code   RO          296    i.get32x32AdcValue  app_adc.o
    0x0000725c   0x0000725c   0x00000022   Code   RO          242    i.gpio_set_level    app_gpio.o
    0x0000727e   0x0000727e   0x000000ae   Code   RO          244    i.hc4067Chose1Channel32  app_gpio.o
    0x0000732c   0x0000732c   0x0000005a   Code   RO          245    i.hc595Send4Byte    app_gpio.o
    0x00007386   0x00007386   0x00000002   PAD
    0x00007388   0x00007388   0x00000030   Code   RO          298    i.init_adc          app_adc.o
    0x000073b8   0x000073b8   0x000000bc   Code   RO          246    i.init_gpio         app_gpio.o
    0x00007474   0x00007474   0x000000b8   Code   RO          396    i.init_uart         app_uart.o
    0x0000752c   0x0000752c   0x0000001a   Code   RO           89    i.main              main.o
    0x00007546   0x00007546   0x00000002   PAD
    0x00007548   0x00007548   0x00000098   Code   RO         4008    i.prvAddCurrentTaskToDelayedList  tasks.o
    0x000075e0   0x000075e0   0x000000b8   Code   RO         4009    i.prvAddNewTaskToReadyList  tasks.o
    0x00007698   0x00007698   0x00000064   Code   RO         4345    i.prvCheckForValidListAndQueue  timers.o
    0x000076fc   0x000076fc   0x00000064   Code   RO         4010    i.prvCheckTasksWaitingTermination  tasks.o
    0x00007760   0x00007760   0x0000002a   Code   RO         3810    i.prvCopyDataFromQueue  queue.o
    0x0000778a   0x0000778a   0x0000007c   Code   RO         3811    i.prvCopyDataToQueue  queue.o
    0x00007806   0x00007806   0x00000012   Code   RO         4011    i.prvDeleteTCB      tasks.o
    0x00007818   0x00007818   0x00000028   Code   RO         4346    i.prvGetNextExpireTime  timers.o
    0x00007840   0x00007840   0x0000007c   Code   RO         3635    i.prvHeapInit       heap_4.o
    0x000078bc   0x000078bc   0x00000028   Code   RO         4012    i.prvIdleTask       tasks.o
    0x000078e4   0x000078e4   0x0000002a   Code   RO         3813    i.prvInitialiseNewQueue  queue.o
    0x0000790e   0x0000790e   0x000000b4   Code   RO         4013    i.prvInitialiseNewTask  tasks.o
    0x000079c2   0x000079c2   0x00000002   PAD
    0x000079c4   0x000079c4   0x00000068   Code   RO         4014    i.prvInitialiseTaskLists  tasks.o
    0x00007a2c   0x00007a2c   0x00000068   Code   RO         3636    i.prvInsertBlockIntoFreeList  heap_4.o
    0x00007a94   0x00007a94   0x00000058   Code   RO         4348    i.prvInsertTimerInActiveList  timers.o
    0x00007aec   0x00007aec   0x0000001a   Code   RO         3814    i.prvIsQueueEmpty   queue.o
    0x00007b06   0x00007b06   0x0000001e   Code   RO         3815    i.prvIsQueueFull    queue.o
    0x00007b24   0x00007b24   0x00000064   Code   RO         4349    i.prvProcessExpiredTimer  timers.o
    0x00007b88   0x00007b88   0x000000f8   Code   RO         4350    i.prvProcessReceivedCommands  timers.o
    0x00007c80   0x00007c80   0x00000074   Code   RO         4351    i.prvProcessTimerOrBlockTask  timers.o
    0x00007cf4   0x00007cf4   0x00000034   Code   RO         4016    i.prvResetNextTaskUnblockTime  tasks.o
    0x00007d28   0x00007d28   0x0000002c   Code   RO         4352    i.prvSampleTimeNow  timers.o
    0x00007d54   0x00007d54   0x000000a0   Code   RO         4353    i.prvSwitchTimerLists  timers.o
    0x00007df4   0x00007df4   0x00000040   Code   RO         3734    i.prvTaskExitError  port.o
    0x00007e34   0x00007e34   0x0000001a   Code   RO         4354    i.prvTimerTask      timers.o
    0x00007e4e   0x00007e4e   0x0000007e   Code   RO         3816    i.prvUnlockQueue    queue.o
    0x00007ecc   0x00007ecc   0x0000013c   Code   RO         3637    i.pvPortMalloc      heap_4.o
    0x00008008   0x00008008   0x00000020   Code   RO         4019    i.pvTaskIncrementMutexHeldCount  tasks.o
    0x00008028   0x00008028   0x0000002c   Code   RO         3735    i.pxPortInitialiseStack  port.o
    0x00008054   0x00008054   0x0000007c   Code   RO          397    i.send_data         app_uart.o
    0x000080d0   0x000080d0   0x00000028   Code   RO         3696    i.uxListRemove      list.o
    0x000080f8   0x000080f8   0x0000001a   Code   RO         3697    i.vListInitialise   list.o
    0x00008112   0x00008112   0x00000006   Code   RO         3698    i.vListInitialiseItem  list.o
    0x00008118   0x00008118   0x00000034   Code   RO         3699    i.vListInsert       list.o
    0x0000814c   0x0000814c   0x00000018   Code   RO         3700    i.vListInsertEnd    list.o
    0x00008164   0x00008164   0x00000054   Code   RO         3737    i.vPortEnterCritical  port.o
    0x000081b8   0x000081b8   0x0000003c   Code   RO         3738    i.vPortExitCritical  port.o
    0x000081f4   0x000081f4   0x00000094   Code   RO         3638    i.vPortFree         heap_4.o
    0x00008288   0x00008288   0x00000014   Code   RO         3739    i.vPortSetupTimerInterrupt  port.o
    0x0000829c   0x0000829c   0x00000078   Code   RO         3740    i.vPortValidateInterruptPriority  port.o
    0x00008314   0x00008314   0x0000002c   Code   RO         3822    i.vQueueAddToRegistry  queue.o
    0x00008340   0x00008340   0x0000004a   Code   RO         3826    i.vQueueWaitForMessageRestricted  queue.o
    0x0000838a   0x0000838a   0x00000002   PAD
    0x0000838c   0x0000838c   0x0000005c   Code   RO         4027    i.vTaskDelay        tasks.o
    0x000083e8   0x000083e8   0x0000000c   Code   RO         4032    i.vTaskMissedYield  tasks.o
    0x000083f4   0x000083f4   0x00000038   Code   RO         4034    i.vTaskPlaceOnEventList  tasks.o
    0x0000842c   0x0000842c   0x00000040   Code   RO         4035    i.vTaskPlaceOnEventListRestricted  tasks.o
    0x0000846c   0x0000846c   0x000000b0   Code   RO         4037    i.vTaskPriorityInherit  tasks.o
    0x0000851c   0x0000851c   0x00000030   Code   RO         4041    i.vTaskSetTimeOutState  tasks.o
    0x0000854c   0x0000854c   0x00000094   Code   RO         4042    i.vTaskStartScheduler  tasks.o
    0x000085e0   0x000085e0   0x00000010   Code   RO         4044    i.vTaskSuspendAll   tasks.o
    0x000085f0   0x000085f0   0x0000008c   Code   RO         4045    i.vTaskSwitchContext  tasks.o
    0x0000867c   0x0000867c   0x0000013c   Code   RO         3741    i.xPortStartScheduler  port.o
    0x000087b8   0x000087b8   0x00000058   Code   RO         3829    i.xQueueGenericCreate  queue.o
    0x00008810   0x00008810   0x000001c4   Code   RO         3830    i.xQueueGenericReceive  queue.o
    0x000089d4   0x000089d4   0x00000098   Code   RO         3831    i.xQueueGenericReset  queue.o
    0x00008a6c   0x00008a6c   0x000001a8   Code   RO         3832    i.xQueueGenericSend  queue.o
    0x00008c14   0x00008c14   0x000000f8   Code   RO         3833    i.xQueueGenericSendFromISR  queue.o
    0x00008d0c   0x00008d0c   0x0000008c   Code   RO         4046    i.xTaskCheckForTimeOut  tasks.o
    0x00008d98   0x00008d98   0x00000060   Code   RO         4047    i.xTaskCreate       tasks.o
    0x00008df8   0x00008df8   0x00000020   Code   RO         4051    i.xTaskGetSchedulerState  tasks.o
    0x00008e18   0x00008e18   0x0000000c   Code   RO         4052    i.xTaskGetTickCount  tasks.o
    0x00008e24   0x00008e24   0x00000148   Code   RO         4054    i.xTaskIncrementTick  tasks.o
    0x00008f6c   0x00008f6c   0x000000c8   Code   RO         4057    i.xTaskPriorityDisinherit  tasks.o
    0x00009034   0x00009034   0x00000098   Code   RO         4058    i.xTaskRemoveFromEventList  tasks.o
    0x000090cc   0x000090cc   0x00000104   Code   RO         4060    i.xTaskResumeAll    tasks.o
    0x000091d0   0x000091d0   0x00000058   Code   RO         4358    i.xTimerCreateTimerTask  timers.o
    0x00009228   0x00009228   0x00000084   Code   RO         4359    i.xTimerGenericCommand  timers.o
    0x000092ac   0x000092ac   0x00000009   Data   RO          400    .constdata          app_uart.o
    0x000092b5   0x000092b5   0x00000003   PAD
    0x000092b8   0x000092b8   0x00000010   Data   RO         1179    .constdata          hc32f46x_usart.o
    0x000092c8   0x000092c8   0x00000020   Data   RO         5080    Region$$Table       anon$$obj.o


    Execution Region RW_IRAM1 (Exec base: 0x1fff8000, Load base: 0x000092e8, Size: 0x00023710, Max: 0x0002f000, ABSOLUTE)

    Exec Addr    Load Addr    Size         Type   Attr      Idx    E Section Name        Object

    0x1fff8000   0x000092e8   0x00000008   Data   RW           15    .data               system_hc32f46x.o
    0x1fff8008   0x000092f0   0x0000000c   Data   RW          303    .data               app_adc.o
    0x1fff8014   0x000092fc   0x0000000c   Data   RW          401    .data               app_uart.o
    0x1fff8020   0x00009308   0x00000001   Data   RW         2667    .data               hc32f46x_dmac.o
    0x1fff8021   0x00009309   0x00000003   PAD
    0x1fff8024   0x0000930c   0x00000004   Data   RW         3404    .data               hc32f46x_exint_nmi_swi.o
    0x1fff8028   0x00009310   0x00000018   Data   RW         3643    .data               heap_4.o
    0x1fff8040   0x00009328   0x0000000c   Data   RW         3742    .data               port.o
    0x1fff804c   0x00009334   0x0000003c   Data   RW         4063    .data               tasks.o
    0x1fff8088   0x00009370   0x00000014   Data   RW         4365    .data               timers.o
    0x1fff809c   0x00009384   0x00000004   Data   RW         5062    .data               mc_w.l(stdout.o)
    0x1fff80a0        -       0x00002436   Zero   RW          302    .bss                app_adc.o
    0x1fffa4d6        -       0x0000067a   Zero   RW          399    .bss                app_uart.o
    0x1fffab50        -       0x00000200   Zero   RW         1531    .bss                hc32f46x_interrupts.o
    0x1fffad50        -       0x0001e000   Zero   RW         3642    .bss                heap_4.o
    0x20018d50        -       0x00000040   Zero   RW         3841    .bss                queue.o
    0x20018d90        -       0x00000154   Zero   RW         4062    .bss                tasks.o
    0x20018ee4        -       0x00000028   Zero   RW         4364    .bss                timers.o
    0x20018f0c   0x00009388   0x00000004   PAD
    0x20018f10        -       0x00002800   Zero   RW            1    STACK               startup_hc32f46x.o


==============================================================================

Image component sizes


      Code (inc. data)   RO Data    RW Data    ZI Data      Debug   Object Name

       584         58          0         12       9270       5925   app_adc.o
       486          0          0          0          0       2602   app_gpio.o
      1610        214          9         12       1658      38851   app_uart.o
         0          0          0          0          0      11828   event_groups.o
      1018        186          0          0          0       8971   hc32f46x_adc.o
      2800        526          0          0          0      13872   hc32f46x_clk.o
      3340        514          0          1          0      17089   hc32f46x_dmac.o
       180         50          0          0          0       1625   hc32f46x_efm.o
        84         52          0          4          0        769   hc32f46x_exint_nmi_swi.o
      1212        180          0          0          0       8321   hc32f46x_gpio.o
      9954        994          0          0        512      88559   hc32f46x_interrupts.o
       512        176          0          0          0       2716   hc32f46x_pwc.o
      1472        490          0          0          0      12347   hc32f46x_timer6.o
      3152        332         16          0          0      10080   hc32f46x_usart.o
       180         62          0          0          0       2777   hc32f46x_utility.o
       692         62          0         24     122880      12271   heap_4.o
       148          0          0          0          0       3386   list.o
       210          0          0          0          0      39131   main.o
       942         92          0         12          0      11333   port.o
      1872         22          0          0         64      13857   queue.o
        88         20        640          0      10240        860   startup_hc32f46x.o
       260         40          0          8          0    1514453   system_hc32f46x.o
      2834        368          0         60        340      22893   tasks.o
      1142        118          0         20         40       9631   timers.o

    ----------------------------------------------------------------------
     34790       4556        700        156     145008    1854147   Object Totals
         0          0         32          0          0          0   (incl. Generated)
        18          0          3          3          4          0   (incl. Padding)

    ----------------------------------------------------------------------

      Code (inc. data)   RO Data    RW Data    ZI Data      Debug   Library Member Name

         0          0          0          0          0          0   entry.o
         0          0          0          0          0          0   entry10a.o
         0          0          0          0          0          0   entry11a.o
         8          4          0          0          0          0   entry2.o
         4          0          0          0          0          0   entry5.o
         0          0          0          0          0          0   entry7b.o
         0          0          0          0          0          0   entry8b.o
         8          4          0          0          0          0   entry9a.o
        30          0          0          0          0          0   handlers.o
        36          8          0          0          0         68   init.o
         0          0          0          0          0          0   iusefp.o
        30          0          0          0          0         68   llshl.o
        36          0          0          0          0         68   llsshr.o
        32          0          0          0          0         68   llushr.o
        36          0          0          0          0         68   memcpya.o
        36          0          0          0          0        108   memseta.o
       866         14          0          0          0        352   printf6.o
         0          0          0          4          0          0   stdout.o
        28          0          0          0          0         76   strcmp.o
        44          0          0          0          0         80   uidiv.o
        98          0          0          0          0         92   uldiv.o
        48          0          0          0          0         68   cdcmple.o
        48          0          0          0          0         68   cdrcmple.o
        56          0          0          0          0         88   d2f.o
       334          0          0          0          0        148   dadd.o
       186          0          0          0          0        176   depilogue.o
        38          0          0          0          0         68   f2d.o
       110          0          0          0          0        168   fepilogue.o

    ----------------------------------------------------------------------
      2118         30          0          4          0       1832   Library Totals
         6          0          0          0          0          0   (incl. Padding)

    ----------------------------------------------------------------------

      Code (inc. data)   RO Data    RW Data    ZI Data      Debug   Library Name

      1292         30          0          4          0       1048   mc_w.l
       820          0          0          0          0        784   mf_w.l

    ----------------------------------------------------------------------
      2118         30          0          4          0       1832   Library Totals

    ----------------------------------------------------------------------

==============================================================================


      Code (inc. data)   RO Data    RW Data    ZI Data      Debug   

     36908       4586        700        160     145008    1824999   Grand Totals
     36908       4586        700        160     145008    1824999   ELF Image Totals
     36908       4586        700        160          0          0   ROM Totals

==============================================================================

    Total RO  Size (Code + RO Data)                37608 (  36.73kB)
    Total RW  Size (RW Data + ZI Data)            145168 ( 141.77kB)
    Total ROM Size (Code + RO Data + RW Data)      37768 (  36.88kB)

==============================================================================

